Archive member included to satisfy reference by file (symbol)

c:/st/stm32cubeide_1.3.0/stm32cubeide/plugins/com.st.stm32cube.ide.mcu.externaltools.gnu-tools-for-stm32.10.3-2021.10.win32_1.0.0.202111181127/tools/bin/../lib/gcc/arm-none-eabi/10.3.1/../../../../arm-none-eabi/lib/thumb/v7e-m+fp/hard\libc_nano.a(lib_a-errno.o)
                              ./Core/Src/syscalls.o (__errno)
c:/st/stm32cubeide_1.3.0/stm32cubeide/plugins/com.st.stm32cube.ide.mcu.externaltools.gnu-tools-for-stm32.10.3-2021.10.win32_1.0.0.202111181127/tools/bin/../lib/gcc/arm-none-eabi/10.3.1/../../../../arm-none-eabi/lib/thumb/v7e-m+fp/hard\libc_nano.a(lib_a-exit.o)
                              c:/st/stm32cubeide_1.3.0/stm32cubeide/plugins/com.st.stm32cube.ide.mcu.externaltools.gnu-tools-for-stm32.10.3-2021.10.win32_1.0.0.202111181127/tools/bin/../lib/gcc/arm-none-eabi/10.3.1/../../../../arm-none-eabi/lib/thumb/v7e-m+fp/hard/crt0.o (exit)
c:/st/stm32cubeide_1.3.0/stm32cubeide/plugins/com.st.stm32cube.ide.mcu.externaltools.gnu-tools-for-stm32.10.3-2021.10.win32_1.0.0.202111181127/tools/bin/../lib/gcc/arm-none-eabi/10.3.1/../../../../arm-none-eabi/lib/thumb/v7e-m+fp/hard\libc_nano.a(lib_a-impure.o)
                              c:/st/stm32cubeide_1.3.0/stm32cubeide/plugins/com.st.stm32cube.ide.mcu.externaltools.gnu-tools-for-stm32.10.3-2021.10.win32_1.0.0.202111181127/tools/bin/../lib/gcc/arm-none-eabi/10.3.1/../../../../arm-none-eabi/lib/thumb/v7e-m+fp/hard\libc_nano.a(lib_a-exit.o) (_global_impure_ptr)
c:/st/stm32cubeide_1.3.0/stm32cubeide/plugins/com.st.stm32cube.ide.mcu.externaltools.gnu-tools-for-stm32.10.3-2021.10.win32_1.0.0.202111181127/tools/bin/../lib/gcc/arm-none-eabi/10.3.1/../../../../arm-none-eabi/lib/thumb/v7e-m+fp/hard\libc_nano.a(lib_a-init.o)
                              c:/st/stm32cubeide_1.3.0/stm32cubeide/plugins/com.st.stm32cube.ide.mcu.externaltools.gnu-tools-for-stm32.10.3-2021.10.win32_1.0.0.202111181127/tools/bin/../lib/gcc/arm-none-eabi/10.3.1/../../../../arm-none-eabi/lib/thumb/v7e-m+fp/hard/crt0.o (__libc_init_array)
c:/st/stm32cubeide_1.3.0/stm32cubeide/plugins/com.st.stm32cube.ide.mcu.externaltools.gnu-tools-for-stm32.10.3-2021.10.win32_1.0.0.202111181127/tools/bin/../lib/gcc/arm-none-eabi/10.3.1/../../../../arm-none-eabi/lib/thumb/v7e-m+fp/hard\libc_nano.a(lib_a-memcpy-stub.o)
                              ./Core/Src/ee.o (memcpy)
c:/st/stm32cubeide_1.3.0/stm32cubeide/plugins/com.st.stm32cube.ide.mcu.externaltools.gnu-tools-for-stm32.10.3-2021.10.win32_1.0.0.202111181127/tools/bin/../lib/gcc/arm-none-eabi/10.3.1/../../../../arm-none-eabi/lib/thumb/v7e-m+fp/hard\libc_nano.a(lib_a-memset.o)
                              c:/st/stm32cubeide_1.3.0/stm32cubeide/plugins/com.st.stm32cube.ide.mcu.externaltools.gnu-tools-for-stm32.10.3-2021.10.win32_1.0.0.202111181127/tools/bin/../lib/gcc/arm-none-eabi/10.3.1/../../../../arm-none-eabi/lib/thumb/v7e-m+fp/hard/crt0.o (memset)
c:/st/stm32cubeide_1.3.0/stm32cubeide/plugins/com.st.stm32cube.ide.mcu.externaltools.gnu-tools-for-stm32.10.3-2021.10.win32_1.0.0.202111181127/tools/bin/../lib/gcc/arm-none-eabi/10.3.1/../../../../arm-none-eabi/lib/thumb/v7e-m+fp/hard\libc_nano.a(lib_a-sprintf.o)
                              ./Core/Src/main.o (sprintf)
c:/st/stm32cubeide_1.3.0/stm32cubeide/plugins/com.st.stm32cube.ide.mcu.externaltools.gnu-tools-for-stm32.10.3-2021.10.win32_1.0.0.202111181127/tools/bin/../lib/gcc/arm-none-eabi/10.3.1/../../../../arm-none-eabi/lib/thumb/v7e-m+fp/hard\libc_nano.a(lib_a-strlen.o)
                              ./Core/Src/STM32_I2C_Display.o (strlen)
c:/st/stm32cubeide_1.3.0/stm32cubeide/plugins/com.st.stm32cube.ide.mcu.externaltools.gnu-tools-for-stm32.10.3-2021.10.win32_1.0.0.202111181127/tools/bin/../lib/gcc/arm-none-eabi/10.3.1/../../../../arm-none-eabi/lib/thumb/v7e-m+fp/hard\libc_nano.a(lib_a-nano-svfprintf.o)
                              c:/st/stm32cubeide_1.3.0/stm32cubeide/plugins/com.st.stm32cube.ide.mcu.externaltools.gnu-tools-for-stm32.10.3-2021.10.win32_1.0.0.202111181127/tools/bin/../lib/gcc/arm-none-eabi/10.3.1/../../../../arm-none-eabi/lib/thumb/v7e-m+fp/hard\libc_nano.a(lib_a-sprintf.o) (_svfprintf_r)
c:/st/stm32cubeide_1.3.0/stm32cubeide/plugins/com.st.stm32cube.ide.mcu.externaltools.gnu-tools-for-stm32.10.3-2021.10.win32_1.0.0.202111181127/tools/bin/../lib/gcc/arm-none-eabi/10.3.1/../../../../arm-none-eabi/lib/thumb/v7e-m+fp/hard\libc_nano.a(lib_a-nano-vfprintf_i.o)
                              c:/st/stm32cubeide_1.3.0/stm32cubeide/plugins/com.st.stm32cube.ide.mcu.externaltools.gnu-tools-for-stm32.10.3-2021.10.win32_1.0.0.202111181127/tools/bin/../lib/gcc/arm-none-eabi/10.3.1/../../../../arm-none-eabi/lib/thumb/v7e-m+fp/hard\libc_nano.a(lib_a-nano-svfprintf.o) (_printf_i)
[...]
Memory Configuration

Name             Origin             Length             Attributes
RAM              0x0000000020000000 0x0000000000010000 xrw
FLASH            0x0000000008000000 0x0000000000040000 xr
*default*        0x0000000000000000 0xffffffffffffffff

Linker script and memory map

LOAD c:/st/stm32cubeide_1.3.0/stm32cubeide/plugins/com.st.stm32cube.ide.mcu.externaltools.gnu-tools-for-stm32.10.3-2021.10.win32_1.0.0.202111181127/tools/bin/../lib/gcc/arm-none-eabi/10.3.1/thumb/v7e-m+fp/hard/crti.o
LOAD c:/st/stm32cubeide_1.3.0/stm32cubeide/plugins/com.st.stm32cube.ide.mcu.externaltools.gnu-tools-for-stm32.10.3-2021.10.win32_1.0.0.202111181127/tools/bin/../lib/gcc/arm-none-eabi/10.3.1/thumb/v7e-m+fp/hard/crtbegin.o
LOAD c:/st/stm32cubeide_1.3.0/stm32cubeide/plugins/com.st.stm32cube.ide.mcu.externaltools.gnu-tools-for-stm32.10.3-2021.10.win32_1.0.0.202111181127/tools/bin/../lib/gcc/arm-none-eabi/10.3.1/../../../../arm-none-eabi/lib/thumb/v7e-m+fp/hard/crt0.o
LOAD ./Core/Src/STM32_I2C_Display.o
LOAD ./Core/Src/ee.o
LOAD ./Core/Src/i2c-lcd.o
LOAD ./Core/Src/main.o
LOAD ./Core/Src/stm32f4xx_hal_msp.o
LOAD ./Core/Src/stm32f4xx_it.o
LOAD ./Core/Src/syscalls.o
LOAD ./Core/Src/sysmem.o
LOAD ./Core/Src/system_stm32f4xx.o
LOAD ./Core/Startup/startup_stm32f401ccux.o
LOAD ./Drivers/STM32F4xx_HAL_Driver/Src/stm32f4xx_hal.o
LOAD ./Drivers/STM32F4xx_HAL_Driver/Src/stm32f4xx_hal_adc.o
LOAD ./Drivers/STM32F4xx_HAL_Driver/Src/stm32f4xx_hal_adc_ex.o
LOAD ./Drivers/STM32F4xx_HAL_Driver/Src/stm32f4xx_hal_cortex.o
LOAD ./Drivers/STM32F4xx_HAL_Driver/Src/stm32f4xx_hal_dma.o
LOAD ./Drivers/STM32F4xx_HAL_Driver/Src/stm32f4xx_hal_dma_ex.o
LOAD ./Drivers/STM32F4xx_HAL_Driver/Src/stm32f4xx_hal_exti.o
LOAD ./Drivers/STM32F4xx_HAL_Driver/Src/stm32f4xx_hal_flash.o
LOAD ./Drivers/STM32F4xx_HAL_Driver/Src/stm32f4xx_hal_flash_ex.o
LOAD ./Drivers/STM32F4xx_HAL_Driver/Src/stm32f4xx_hal_flash_ramfunc.o
LOAD ./Drivers/STM32F4xx_HAL_Driver/Src/stm32f4xx_hal_gpio.o
LOAD ./Drivers/STM32F4xx_HAL_Driver/Src/stm32f4xx_hal_i2c.o
LOAD ./Drivers/STM32F4xx_HAL_Driver/Src/stm32f4xx_hal_i2c_ex.o
LOAD ./Drivers/STM32F4xx_HAL_Driver/Src/stm32f4xx_hal_pwr.o
LOAD ./Drivers/STM32F4xx_HAL_Driver/Src/stm32f4xx_hal_pwr_ex.o
LOAD ./Drivers/STM32F4xx_HAL_Driver/Src/stm32f4xx_hal_rcc.o
LOAD ./Drivers/STM32F4xx_HAL_Driver/Src/stm32f4xx_hal_rcc_ex.o
LOAD ./Drivers/STM32F4xx_HAL_Driver/Src/stm32f4xx_hal_tim.o
LOAD ./Drivers/STM32F4xx_HAL_Driver/Src/stm32f4xx_hal_tim_ex.o
LOAD ./Drivers/STM32F4xx_HAL_Driver/Src/stm32f4xx_ll_adc.o
START GROUP
LOAD c:/st/stm32cubeide_1.3.0/stm32cubeide/plugins/com.st.stm32cube.ide.mcu.externaltools.gnu-tools-for-stm32.10.3-2021.10.win32_1.0.0.202111181127/tools/bin/../lib/gcc/arm-none-eabi/10.3.1/../../../../arm-none-eabi/lib/thumb/v7e-m+fp/hard\libc_nano.a
LOAD c:/st/stm32cubeide_1.3.0/stm32cubeide/plugins/com.st.stm32cube.ide.mcu.externaltools.gnu-tools-for-stm32.10.3-2021.10.win32_1.0.0.202111181127/tools/bin/../lib/gcc/arm-none-eabi/10.3.1/../../../../arm-none-eabi/lib/thumb/v7e-m+fp/hard\libm.a
END GROUP
START GROUP
LOAD c:/st/stm32cubeide_1.3.0/stm32cubeide/plugins/com.st.stm32cube.ide.mcu.externaltools.gnu-tools-for-stm32.10.3-2021.10.win32_1.0.0.202111181127/tools/bin/../lib/gcc/arm-none-eabi/10.3.1/thumb/v7e-m+fp/hard\libgcc.a
LOAD c:/st/stm32cubeide_1.3.0/stm32cubeide/plugins/com.st.stm32cube.ide.mcu.externaltools.gnu-tools-for-stm32.10.3-2021.10.win32_1.0.0.202111181127/tools/bin/../lib/gcc/arm-none-eabi/10.3.1/../../../../arm-none-eabi/lib/thumb/v7e-m+fp/hard\libc_nano.a
END GROUP
START GROUP
LOAD c:/st/stm32cubeide_1.3.0/stm32cubeide/plugins/com.st.stm32cube.ide.mcu.externaltools.gnu-tools-for-stm32.10.3-2021.10.win32_1.0.0.202111181127/tools/bin/../lib/gcc/arm-none-eabi/10.3.1/thumb/v7e-m+fp/hard\libgcc.a
LOAD c:/st/stm32cubeide_1.3.0/stm32cubeide/plugins/com.st.stm32cube.ide.mcu.externaltools.gnu-tools-for-stm32.10.3-2021.10.win32_1.0.0.202111181127/tools/bin/../lib/gcc/arm-none-eabi/10.3.1/../../../../arm-none-eabi/lib/thumb/v7e-m+fp/hard\libc_nano.a
LOAD c:/st/stm32cubeide_1.3.0/stm32cubeide/plugins/com.st.stm32cube.ide.mcu.externaltools.gnu-tools-for-stm32.10.3-2021.10.win32_1.0.0.202111181127/tools/bin/../lib/gcc/arm-none-eabi/10.3.1/../../../../arm-none-eabi/lib/thumb/v7e-m+fp/hard\libnosys.a
END GROUP
START GROUP
LOAD c:/st/stm32cubeide_1.3.0/stm32cubeide/plugins/com.st.stm32cube.ide.mcu.externaltools.gnu-tools-for-stm32.10.3-2021.10.win32_1.0.0.202111181127/tools/bin/../lib/gcc/arm-none-eabi/10.3.1/thumb/v7e-m+fp/hard\libgcc.a
LOAD c:/st/stm32cubeide_1.3.0/stm32cubeide/plugins/com.st.stm32cube.ide.mcu.externaltools.gnu-tools-for-stm32.10.3-2021.10.win32_1.0.0.202111181127/tools/bin/../lib/gcc/arm-none-eabi/10.3.1/../../../../arm-none-eabi/lib/thumb/v7e-m+fp/hard\libc_nano.a
LOAD c:/st/stm32cubeide_1.3.0/stm32cubeide/plugins/com.st.stm32cube.ide.mcu.externaltools.gnu-tools-for-stm32.10.3-2021.10.win32_1.0.0.202111181127/tools/bin/../lib/gcc/arm-none-eabi/10.3.1/../../../../arm-none-eabi/lib/thumb/v7e-m+fp/hard\libnosys.a
END GROUP
LOAD c:/st/stm32cubeide_1.3.0/stm32cubeide/plugins/com.st.stm32cube.ide.mcu.externaltools.gnu-tools-for-stm32.10.3-2021.10.win32_1.0.0.202111181127/tools/bin/../lib/gcc/arm-none-eabi/10.3.1/thumb/v7e-m+fp/hard/crtend.o
LOAD c:/st/stm32cubeide_1.3.0/stm32cubeide/plugins/com.st.stm32cube.ide.mcu.externaltools.gnu-tools-for-stm32.10.3-2021.10.win32_1.0.0.202111181127/tools/bin/../lib/gcc/arm-none-eabi/10.3.1/thumb/v7e-m+fp/hard/crtn.o
                0x0000000020010000                _estack = (ORIGIN (RAM) + LENGTH (RAM))
                0x0000000000000200                _Min_Heap_Size = 0x200
                0x0000000000000400                _Min_Stack_Size = 0x400

.isr_vector     0x0000000008000000      0x194
                0x0000000008000000                . = ALIGN (0x4)
 *(.isr_vector)
 .isr_vector    0x0000000008000000      0x194 ./Core/Startup/startup_stm32f401ccux.o
                0x0000000008000000                g_pfnVectors
                0x0000000008000194                . = ALIGN (0x4)

.text           0x00000000080001a0     0x85d0
                0x00000000080001a0                . = ALIGN (0x4)
 *(.text)
 .text          0x00000000080001a0       0x40 c:/st/stm32cubeide_1.3.0/stm32cubeide/plugins/com.st.stm32cube.ide.mcu.externaltools.gnu-tools-for-stm32.10.3-2021.10.win32_1.0.0.202111181127/tools/bin/../lib/gcc/arm-none-eabi/10.3.1/thumb/v7e-m+fp/hard/crtbegin.o
 .text          0x00000000080001e0       0x10 c:/st/stm32cubeide_1.3.0/stm32cubeide/plugins/com.st.stm32cube.ide.mcu.externaltools.gnu-tools-for-stm32.10.3-2021.10.win32_1.0.0.202111181127/tools/bin/../lib/gcc/arm-none-eabi/10.3.1/../../../../arm-none-eabi/lib/thumb/v7e-m+fp/hard\libc_nano.a(lib_a-strlen.o)
                0x00000000080001e0                strlen
 .text          0x00000000080001f0       0xa0 c:/st/stm32cubeide_1.3.0/stm32cubeide/plugins/com.st.stm32cube.ide.mcu.externaltools.gnu-tools-for-stm32.10.3-2021.10.win32_1.0.0.202111181127/tools/bin/../lib/gcc/arm-none-eabi/10.3.1/../../../../arm-none-eabi/lib/thumb/v7e-m+fp/hard\libc_nano.a(lib_a-memchr.o)
                0x00000000080001f0                memchr
 .text          0x0000000008000290      0x254 c:/st/stm32cubeide_1.3.0/stm32cubeide/plugins/com.st.stm32cube.ide.mcu.externaltools.gnu-tools-for-stm32.10.3-2021.10.win32_1.0.0.202111181127/tools/bin/../lib/gcc/arm-none-eabi/10.3.1/thumb/v7e-m+fp/hard\libgcc.a(_arm_muldf3.o)
                0x0000000008000290                __muldf3
                0x0000000008000290                __aeabi_dmul
 .text          0x00000000080004e4      0x378 c:/st/stm32cubeide_1.3.0/stm32cubeide/plugins/com.st.stm32cube.ide.mcu.externaltools.gnu-tools-for-stm32.10.3-2021.10.win32_1.0.0.202111181127/tools/bin/../lib/gcc/arm-none-eabi/10.3.1/thumb/v7e-m+fp/hard\libgcc.a(_arm_addsubdf3.o)
                0x00000000080004e4                __aeabi_drsub
                0x00000000080004ec                __aeabi_dsub
                0x00000000080004ec                __subdf3
                0x00000000080004f0                __aeabi_dadd
                0x00000000080004f0                __adddf3
                0x0000000008000768                __floatunsidf
                0x0000000008000768                __aeabi_ui2d
                0x0000000008000788                __floatsidf
                0x0000000008000788                __aeabi_i2d
                0x00000000080007ac                __aeabi_f2d
                0x00000000080007ac                __extendsfdf2
                0x00000000080007f0                __floatundidf
                0x00000000080007f0                __aeabi_ul2d
                0x0000000008000800                __floatdidf
                0x0000000008000800                __aeabi_l2d
 .text          0x000000000800085c      0x110 c:/st/stm32cubeide_1.3.0/stm32cubeide/plugins/com.st.stm32cube.ide.mcu.externaltools.gnu-tools-for-stm32.10.3-2021.10.win32_1.0.0.202111181127/tools/bin/../lib/gcc/arm-none-eabi/10.3.1/thumb/v7e-m+fp/hard\libgcc.a(_arm_cmpdf2.o)
                0x000000000800085c                __gtdf2
                0x000000000800085c                __gedf2
                0x0000000008000864                __ltdf2
                0x0000000008000864                __ledf2
                0x000000000800086c                __nedf2
                0x000000000800086c                __eqdf2
                0x000000000800086c                __cmpdf2
                0x00000000080008e8                __aeabi_cdrcmple
                0x00000000080008f8                __aeabi_cdcmpeq
                0x00000000080008f8                __aeabi_cdcmple
                0x0000000008000908                __aeabi_dcmpeq
                0x000000000800091c                __aeabi_dcmplt
                0x0000000008000930                __aeabi_dcmple
                0x0000000008000944                __aeabi_dcmpge
                0x0000000008000958                __aeabi_dcmpgt
 .text          0x000000000800096c       0x40 c:/st/stm32cubeide_1.3.0/stm32cubeide/plugins/com.st.stm32cube.ide.mcu.externaltools.gnu-tools-for-stm32.10.3-2021.10.win32_1.0.0.202111181127/tools/bin/../lib/gcc/arm-none-eabi/10.3.1/thumb/v7e-m+fp/hard\libgcc.a(_arm_fixunsdfsi.o)
                0x000000000800096c                __aeabi_d2uiz
                0x000000000800096c                __fixunsdfsi
 .text          0x00000000080009ac       0xa0 c:/st/stm32cubeide_1.3.0/stm32cubeide/plugins/com.st.stm32cube.ide.mcu.externaltools.gnu-tools-for-stm32.10.3-2021.10.win32_1.0.0.202111181127/tools/bin/../lib/gcc/arm-none-eabi/10.3.1/thumb/v7e-m+fp/hard\libgcc.a(_arm_truncdfsf2.o)
                0x00000000080009ac                __truncdfsf2
                0x00000000080009ac                __aeabi_d2f
 .text          0x0000000008000a4c       0x30 c:/st/stm32cubeide_1.3.0/stm32cubeide/plugins/com.st.stm32cube.ide.mcu.externaltools.gnu-tools-for-stm32.10.3-2021.10.win32_1.0.0.202111181127/tools/bin/../lib/gcc/arm-none-eabi/10.3.1/thumb/v7e-m+fp/hard\libgcc.a(_aeabi_uldivmod.o)
                0x0000000008000a4c                __aeabi_uldivmod
 .text          0x0000000008000a7c      0x2d0 c:/st/stm32cubeide_1.3.0/stm32cubeide/plugins/com.st.stm32cube.ide.mcu.externaltools.gnu-tools-for-stm32.10.3-2021.10.win32_1.0.0.202111181127/tools/bin/../lib/gcc/arm-none-eabi/10.3.1/thumb/v7e-m+fp/hard\libgcc.a(_udivmoddi4.o)
                0x0000000008000a7c                __udivmoddi4
 .text          0x0000000008000d4c        0x4 c:/st/stm32cubeide_1.3.0/stm32cubeide/plugins/com.st.stm32cube.ide.mcu.externaltools.gnu-tools-for-stm32.10.3-2021.10.win32_1.0.0.202111181127/tools/bin/../lib/gcc/arm-none-eabi/10.3.1/thumb/v7e-m+fp/hard\libgcc.a(_dvmd_tls.o)
                0x0000000008000d4c                __aeabi_idiv0
                0x0000000008000d4c                __aeabi_ldiv0
 *(.text*)
 .text.LiquidCrystal_I2C
                0x0000000008000d50       0x50 ./Core/Src/STM32_I2C_Display.o
                0x0000000008000d50                LiquidCrystal_I2C
 .text.lcdBegin
                0x0000000008000da0       0xec ./Core/Src/STM32_I2C_Display.o
                0x0000000008000da0                lcdBegin
 .text.lcdClear
                0x0000000008000e8c       0x14 ./Core/Src/STM32_I2C_Display.o
                0x0000000008000e8c                lcdClear
 .text.lcdHome  0x0000000008000ea0       0x14 ./Core/Src/STM32_I2C_Display.o
                0x0000000008000ea0                lcdHome
 .text.lcdDisplay
                0x0000000008000eb4       0x2c ./Core/Src/STM32_I2C_Display.o
                0x0000000008000eb4                lcdDisplay
 .text.lcdSetCursor
                0x0000000008000ee0       0x64 ./Core/Src/STM32_I2C_Display.o
                0x0000000008000ee0                lcdSetCursor
 .text.lcdPrint
                0x0000000008000f44       0x56 ./Core/Src/STM32_I2C_Display.o
                0x0000000008000f44                lcdPrint
 .text.lcdWrite
                0x0000000008000f9a       0x1e ./Core/Src/STM32_I2C_Display.o
                0x0000000008000f9a                lcdWrite
 .text.command  0x0000000008000fb8       0x1c ./Core/Src/STM32_I2C_Display.o
                0x0000000008000fb8                command
 .text.setRowOffsets
                0x0000000008000fd4       0x40 ./Core/Src/STM32_I2C_Display.o
                0x0000000008000fd4                setRowOffsets
 .text.pulseEnable
                0x0000000008001014       0x3a ./Core/Src/STM32_I2C_Display.o
                0x0000000008001014                pulseEnable
 .text.send     0x000000000800104e       0x42 ./Core/Src/STM32_I2C_Display.o
                0x000000000800104e                send
 .text.write4bits
                0x0000000008001090       0x22 ./Core/Src/STM32_I2C_Display.o
                0x0000000008001090                write4bits
 *fill*         0x00000000080010b2        0x2 
 .text.write8bits
                0x00000000080010b4       0x40 ./Core/Src/STM32_I2C_Display.o
                0x00000000080010b4                write8bits
 .text.ee_init  0x00000000080010f4       0x16 ./Core/Src/ee.o
                0x00000000080010f4                ee_init
 *fill*         0x000000000800110a        0x2 
 .text.ee_format
                0x000000000800110c       0x78 ./Core/Src/ee.o
                0x000000000800110c                ee_format
 .text.ee_read  0x0000000008001184       0x84 ./Core/Src/ee.o
                0x0000000008001184                ee_read
 .text.ee_write
                0x0000000008001208      0x2c8 ./Core/Src/ee.o
                0x0000000008001208                ee_write
 .text.ee_writeToRam
                0x00000000080014d0       0x44 ./Core/Src/ee.o
                0x00000000080014d0                ee_writeToRam
 .text.ee_commit
                0x0000000008001514       0x30 ./Core/Src/ee.o
                0x0000000008001514                ee_commit
 *fill*         0x0000000008001544        0x4 
 .text.main     0x0000000008001548     0x139c ./Core/Src/main.o
                0x0000000008001548                main
 .text.SystemClock_Config
                0x00000000080028e4       0xd4 ./Core/Src/main.o
                0x00000000080028e4                SystemClock_Config
 .text.MX_ADC1_Init
                0x00000000080029b8       0xa4 ./Core/Src/main.o
 .text.MX_I2C1_Init
                0x0000000008002a5c       0x5c ./Core/Src/main.o
 .text.MX_TIM1_Init
                0x0000000008002ab8       0xc0 ./Core/Src/main.o
 .text.MX_TIM2_Init
                0x0000000008002b78       0xe8 ./Core/Src/main.o
 .text.MX_TIM4_Init
                0x0000000008002c60       0xe0 ./Core/Src/main.o
 .text.MX_TIM5_Init
                0x0000000008002d40       0xa8 ./Core/Src/main.o
 .text.MX_TIM9_Init
                0x0000000008002de8       0xa8 ./Core/Src/main.o
 .text.MX_TIM10_Init
                0x0000000008002e90       0x80 ./Core/Src/main.o
 .text.MX_TIM11_Init
                0x0000000008002f10       0x70 ./Core/Src/main.o
 .text.MX_GPIO_Init
                0x0000000008002f80      0x120 ./Core/Src/main.o
 .text.HAL_TIM_PeriodElapsedCallback
                0x00000000080030a0       0xac ./Core/Src/main.o
                0x00000000080030a0                HAL_TIM_PeriodElapsedCallback
 .text.Encoder_Read
                0x000000000800314c       0x80 ./Core/Src/main.o
                0x000000000800314c                Encoder_Read
 .text.LCD_Write_Number
                0x00000000080031cc      0x264 ./Core/Src/main.o
                0x00000000080031cc                LCD_Write_Number
 .text._float_to_char
                0x0000000008003430      0x178 ./Core/Src/main.o
 .text.LCD_Write_Float_Number
                0x00000000080035a8       0x8c ./Core/Src/main.o
                0x00000000080035a8                LCD_Write_Float_Number
 .text.Motor_Enable
                0x0000000008003634       0x2c ./Core/Src/main.o
                0x0000000008003634                Motor_Enable
 .text.Motor_Disable
                0x0000000008003660       0x30 ./Core/Src/main.o
                0x0000000008003660                Motor_Disable
 .text.Motor_Direction
                0x0000000008003690       0x4c ./Core/Src/main.o
                0x0000000008003690                Motor_Direction
 .text.Motor_Speed_RPM
                0x00000000080036dc       0x98 ./Core/Src/main.o
                0x00000000080036dc                Motor_Speed_RPM
 .text.Motor_Feedrate_Update
                0x0000000008003774      0x1a0 ./Core/Src/main.o
                0x0000000008003774                Motor_Feedrate_Update
 .text.LCD_Write_Feedrate
                0x0000000008003914       0x3c ./Core/Src/main.o
                0x0000000008003914                LCD_Write_Feedrate
 .text.Switch_Status_Read
                0x0000000008003950       0x94 ./Core/Src/main.o
                0x0000000008003950                Switch_Status_Read
 .text.Update_Feedrate
                0x00000000080039e4       0x94 ./Core/Src/main.o
                0x00000000080039e4                Update_Feedrate
 .text.Encoder_Switch_Status_Read
                0x0000000008003a78       0xcc ./Core/Src/main.o
                0x0000000008003a78                Encoder_Switch_Status_Read
 .text.Aux_Switch_Status_Read
                0x0000000008003b44       0xc8 ./Core/Src/main.o
                0x0000000008003b44                Aux_Switch_Status_Read
 .text.Save_Parameter_Data
                0x0000000008003c0c       0x56 ./Core/Src/main.o
                0x0000000008003c0c                Save_Parameter_Data
 .text.Read_Parameter_Data
                0x0000000008003c62       0x76 ./Core/Src/main.o
                0x0000000008003c62                Read_Parameter_Data
 .text.Error_Handler
                0x0000000008003cd8        0xa ./Core/Src/main.o
                0x0000000008003cd8                Error_Handler
 *fill*         0x0000000008003ce2        0x2 
 .text.HAL_MspInit
                0x0000000008003ce4       0x50 ./Core/Src/stm32f4xx_hal_msp.o
                0x0000000008003ce4                HAL_MspInit
 .text.HAL_ADC_MspInit
                0x0000000008003d34       0x88 ./Core/Src/stm32f4xx_hal_msp.o
                0x0000000008003d34                HAL_ADC_MspInit
 .text.HAL_I2C_MspInit
                0x0000000008003dbc       0x90 ./Core/Src/stm32f4xx_hal_msp.o
                0x0000000008003dbc                HAL_I2C_MspInit
 .text.HAL_TIM_Encoder_MspInit
                0x0000000008003e4c       0xc0 ./Core/Src/stm32f4xx_hal_msp.o
                0x0000000008003e4c                HAL_TIM_Encoder_MspInit
 .text.HAL_TIM_Base_MspInit
                0x0000000008003f0c      0x1d8 ./Core/Src/stm32f4xx_hal_msp.o
                0x0000000008003f0c                HAL_TIM_Base_MspInit
 .text.HAL_TIM_MspPostInit
                0x00000000080040e4       0x70 ./Core/Src/stm32f4xx_hal_msp.o
                0x00000000080040e4                HAL_TIM_MspPostInit
 .text.NMI_Handler
                0x0000000008004154        0x6 ./Core/Src/stm32f4xx_it.o
                0x0000000008004154                NMI_Handler
 .text.HardFault_Handler
                0x000000000800415a        0x6 ./Core/Src/stm32f4xx_it.o
                0x000000000800415a                HardFault_Handler
 .text.MemManage_Handler
                0x0000000008004160        0x6 ./Core/Src/stm32f4xx_it.o
                0x0000000008004160                MemManage_Handler
 .text.BusFault_Handler
                0x0000000008004166        0x6 ./Core/Src/stm32f4xx_it.o
                0x0000000008004166                BusFault_Handler
 .text.UsageFault_Handler
                0x000000000800416c        0x6 ./Core/Src/stm32f4xx_it.o
                0x000000000800416c                UsageFault_Handler
 .text.SVC_Handler
                0x0000000008004172        0xe ./Core/Src/stm32f4xx_it.o
                0x0000000008004172                SVC_Handler
 .text.DebugMon_Handler
                0x0000000008004180        0xe ./Core/Src/stm32f4xx_it.o
                0x0000000008004180                DebugMon_Handler
 .text.PendSV_Handler
                0x000000000800418e        0xe ./Core/Src/stm32f4xx_it.o
                0x000000000800418e                PendSV_Handler
 .text.SysTick_Handler
                0x000000000800419c        0xc ./Core/Src/stm32f4xx_it.o
                0x000000000800419c                SysTick_Handler
 .text.TIM1_BRK_TIM9_IRQHandler
                0x00000000080041a8       0x1c ./Core/Src/stm32f4xx_it.o
                0x00000000080041a8                TIM1_BRK_TIM9_IRQHandler
 .text.TIM1_UP_TIM10_IRQHandler
                0x00000000080041c4       0x1c ./Core/Src/stm32f4xx_it.o
                0x00000000080041c4                TIM1_UP_TIM10_IRQHandler
 .text.TIM1_TRG_COM_TIM11_IRQHandler
                0x00000000080041e0       0x1c ./Core/Src/stm32f4xx_it.o
                0x00000000080041e0                TIM1_TRG_COM_TIM11_IRQHandler
 .text._sbrk    0x00000000080041fc       0x6c ./Core/Src/sysmem.o
                0x00000000080041fc                _sbrk
 .text.SystemInit
                0x0000000008004268       0x24 ./Core/Src/system_stm32f4xx.o
                0x0000000008004268                SystemInit
 .text.Reset_Handler
                0x000000000800428c       0x50 ./Core/Startup/startup_stm32f401ccux.o
                0x000000000800428c                Reset_Handler
 .text.Default_Handler
                0x00000000080042dc        0x2 ./Core/Startup/startup_stm32f401ccux.o
                0x00000000080042dc                RTC_Alarm_IRQHandler
                0x00000000080042dc                EXTI2_IRQHandler
                0x00000000080042dc                SPI4_IRQHandler
                0x00000000080042dc                TIM1_CC_IRQHandler
                0x00000000080042dc                DMA2_Stream5_IRQHandler
                0x00000000080042dc                DMA1_Stream5_IRQHandler
                0x00000000080042dc                PVD_IRQHandler
                0x00000000080042dc                SDIO_IRQHandler
                0x00000000080042dc                TAMP_STAMP_IRQHandler
                0x00000000080042dc                EXTI3_IRQHandler
                0x00000000080042dc                I2C3_ER_IRQHandler
                0x00000000080042dc                EXTI0_IRQHandler
                0x00000000080042dc                I2C2_EV_IRQHandler
                0x00000000080042dc                DMA1_Stream2_IRQHandler
                0x00000000080042dc                FPU_IRQHandler
                0x00000000080042dc                DMA2_Stream2_IRQHandler
                0x00000000080042dc                SPI1_IRQHandler
                0x00000000080042dc                DMA2_Stream3_IRQHandler
                0x00000000080042dc                USART6_IRQHandler
                0x00000000080042dc                DMA2_Stream0_IRQHandler
                0x00000000080042dc                TIM4_IRQHandler
                0x00000000080042dc                I2C1_EV_IRQHandler
                0x00000000080042dc                DMA1_Stream6_IRQHandler
                0x00000000080042dc                DMA1_Stream1_IRQHandler
                0x00000000080042dc                TIM3_IRQHandler
                0x00000000080042dc                RCC_IRQHandler
                0x00000000080042dc                Default_Handler
                0x00000000080042dc                EXTI15_10_IRQHandler
                0x00000000080042dc                ADC_IRQHandler
                0x00000000080042dc                DMA1_Stream7_IRQHandler
                0x00000000080042dc                TIM5_IRQHandler
                0x00000000080042dc                DMA2_Stream7_IRQHandler
                0x00000000080042dc                I2C3_EV_IRQHandler
                0x00000000080042dc                EXTI9_5_IRQHandler
                0x00000000080042dc                RTC_WKUP_IRQHandler
                0x00000000080042dc                SPI2_IRQHandler
                0x00000000080042dc                DMA1_Stream0_IRQHandler
                0x00000000080042dc                EXTI4_IRQHandler
                0x00000000080042dc                WWDG_IRQHandler
                0x00000000080042dc                TIM2_IRQHandler
                0x00000000080042dc                OTG_FS_WKUP_IRQHandler
                0x00000000080042dc                EXTI1_IRQHandler
                0x00000000080042dc                USART2_IRQHandler
                0x00000000080042dc                I2C2_ER_IRQHandler
                0x00000000080042dc                DMA2_Stream1_IRQHandler
                0x00000000080042dc                FLASH_IRQHandler
                0x00000000080042dc                DMA2_Stream4_IRQHandler
                0x00000000080042dc                USART1_IRQHandler
                0x00000000080042dc                OTG_FS_IRQHandler
                0x00000000080042dc                SPI3_IRQHandler
                0x00000000080042dc                DMA1_Stream4_IRQHandler
                0x00000000080042dc                I2C1_ER_IRQHandler
                0x00000000080042dc                DMA2_Stream6_IRQHandler
                0x00000000080042dc                DMA1_Stream3_IRQHandler
 *fill*         0x00000000080042de        0x2 
 .text.HAL_Init
                0x00000000080042e0       0x44 ./Drivers/STM32F4xx_HAL_Driver/Src/stm32f4xx_hal.o
                0x00000000080042e0                HAL_Init
 .text.HAL_InitTick
                0x0000000008004324       0x60 ./Drivers/STM32F4xx_HAL_Driver/Src/stm32f4xx_hal.o
                0x0000000008004324                HAL_InitTick
 .text.HAL_IncTick
                0x0000000008004384       0x28 ./Drivers/STM32F4xx_HAL_Driver/Src/stm32f4xx_hal.o
                0x0000000008004384                HAL_IncTick
 .text.HAL_GetTick
                0x00000000080043ac       0x18 ./Drivers/STM32F4xx_HAL_Driver/Src/stm32f4xx_hal.o
                0x00000000080043ac                HAL_GetTick
 .text.HAL_Delay
                0x00000000080043c4       0x48 ./Drivers/STM32F4xx_HAL_Driver/Src/stm32f4xx_hal.o
                0x00000000080043c4                HAL_Delay
 .text.HAL_ADC_Init
                0x000000000800440c       0x86 ./Drivers/STM32F4xx_HAL_Driver/Src/stm32f4xx_hal_adc.o
                0x000000000800440c                HAL_ADC_Init
 *fill*         0x0000000008004492        0x2 
 .text.HAL_ADC_ConfigChannel
                0x0000000008004494      0x244 ./Drivers/STM32F4xx_HAL_Driver/Src/stm32f4xx_hal_adc.o
                0x0000000008004494                HAL_ADC_ConfigChannel
 .text.ADC_Init
                0x00000000080046d8      0x1f8 ./Drivers/STM32F4xx_HAL_Driver/Src/stm32f4xx_hal_adc.o
 .text.__NVIC_SetPriorityGrouping
                0x00000000080048d0       0x48 ./Drivers/STM32F4xx_HAL_Driver/Src/stm32f4xx_hal_cortex.o
 .text.__NVIC_GetPriorityGrouping
                0x0000000008004918       0x1c ./Drivers/STM32F4xx_HAL_Driver/Src/stm32f4xx_hal_cortex.o
 .text.__NVIC_EnableIRQ
                0x0000000008004934       0x3c ./Drivers/STM32F4xx_HAL_Driver/Src/stm32f4xx_hal_cortex.o
 .text.__NVIC_SetPriority
                0x0000000008004970       0x54 ./Drivers/STM32F4xx_HAL_Driver/Src/stm32f4xx_hal_cortex.o
 .text.NVIC_EncodePriority
                0x00000000080049c4       0x66 ./Drivers/STM32F4xx_HAL_Driver/Src/stm32f4xx_hal_cortex.o
 *fill*         0x0000000008004a2a        0x2 
 .text.SysTick_Config
                0x0000000008004a2c       0x44 ./Drivers/STM32F4xx_HAL_Driver/Src/stm32f4xx_hal_cortex.o
 .text.HAL_NVIC_SetPriorityGrouping
                0x0000000008004a70       0x16 ./Drivers/STM32F4xx_HAL_Driver/Src/stm32f4xx_hal_cortex.o
                0x0000000008004a70                HAL_NVIC_SetPriorityGrouping
 .text.HAL_NVIC_SetPriority
                0x0000000008004a86       0x38 ./Drivers/STM32F4xx_HAL_Driver/Src/stm32f4xx_hal_cortex.o
                0x0000000008004a86                HAL_NVIC_SetPriority
 .text.HAL_NVIC_EnableIRQ
                0x0000000008004abe       0x1c ./Drivers/STM32F4xx_HAL_Driver/Src/stm32f4xx_hal_cortex.o
                0x0000000008004abe                HAL_NVIC_EnableIRQ
 .text.HAL_SYSTICK_Config
                0x0000000008004ada       0x18 ./Drivers/STM32F4xx_HAL_Driver/Src/stm32f4xx_hal_cortex.o
                0x0000000008004ada                HAL_SYSTICK_Config
 *fill*         0x0000000008004af2        0x2 
 .text.HAL_FLASH_Program
                0x0000000008004af4       0xa8 ./Drivers/STM32F4xx_HAL_Driver/Src/stm32f4xx_hal_flash.o
                0x0000000008004af4                HAL_FLASH_Program
 .text.HAL_FLASH_Unlock
                0x0000000008004b9c       0x44 ./Drivers/STM32F4xx_HAL_Driver/Src/stm32f4xx_hal_flash.o
                0x0000000008004b9c                HAL_FLASH_Unlock
 .text.HAL_FLASH_Lock
                0x0000000008004be0       0x20 ./Drivers/STM32F4xx_HAL_Driver/Src/stm32f4xx_hal_flash.o
                0x0000000008004be0                HAL_FLASH_Lock
 .text.FLASH_WaitForLastOperation
                0x0000000008004c00       0x80 ./Drivers/STM32F4xx_HAL_Driver/Src/stm32f4xx_hal_flash.o
                0x0000000008004c00                FLASH_WaitForLastOperation
 .text.FLASH_Program_DoubleWord
                0x0000000008004c80       0x64 ./Drivers/STM32F4xx_HAL_Driver/Src/stm32f4xx_hal_flash.o
 .text.FLASH_Program_Word
                0x0000000008004ce4       0x44 ./Drivers/STM32F4xx_HAL_Driver/Src/stm32f4xx_hal_flash.o
 .text.FLASH_Program_HalfWord
                0x0000000008004d28       0x48 ./Drivers/STM32F4xx_HAL_Driver/Src/stm32f4xx_hal_flash.o
 .text.FLASH_Program_Byte
                0x0000000008004d70       0x44 ./Drivers/STM32F4xx_HAL_Driver/Src/stm32f4xx_hal_flash.o
 .text.FLASH_SetErrorCode
                0x0000000008004db4       0xcc ./Drivers/STM32F4xx_HAL_Driver/Src/stm32f4xx_hal_flash.o
 .text.HAL_FLASHEx_Erase
                0x0000000008004e80       0xe0 ./Drivers/STM32F4xx_HAL_Driver/Src/stm32f4xx_hal_flash_ex.o
                0x0000000008004e80                HAL_FLASHEx_Erase
 .text.FLASH_MassErase
                0x0000000008004f60       0x48 ./Drivers/STM32F4xx_HAL_Driver/Src/stm32f4xx_hal_flash_ex.o
 .text.FLASH_Erase_Sector
                0x0000000008004fa8       0x90 ./Drivers/STM32F4xx_HAL_Driver/Src/stm32f4xx_hal_flash_ex.o
                0x0000000008004fa8                FLASH_Erase_Sector
 .text.FLASH_FlushCaches
                0x0000000008005038       0x8c ./Drivers/STM32F4xx_HAL_Driver/Src/stm32f4xx_hal_flash_ex.o
                0x0000000008005038                FLASH_FlushCaches
 .text.HAL_GPIO_Init
                0x00000000080050c4      0x308 ./Drivers/STM32F4xx_HAL_Driver/Src/stm32f4xx_hal_gpio.o
                0x00000000080050c4                HAL_GPIO_Init
 .text.HAL_GPIO_ReadPin
                0x00000000080053cc       0x30 ./Drivers/STM32F4xx_HAL_Driver/Src/stm32f4xx_hal_gpio.o
                0x00000000080053cc                HAL_GPIO_ReadPin
 .text.HAL_GPIO_WritePin
                0x00000000080053fc       0x32 ./Drivers/STM32F4xx_HAL_Driver/Src/stm32f4xx_hal_gpio.o
                0x00000000080053fc                HAL_GPIO_WritePin
 *fill*         0x000000000800542e        0x2 
 .text.HAL_I2C_Init
                0x0000000008005430      0x288 ./Drivers/STM32F4xx_HAL_Driver/Src/stm32f4xx_hal_i2c.o
                0x0000000008005430                HAL_I2C_Init
 .text.HAL_I2C_Master_Transmit
                0x00000000080056b8      0x1fc ./Drivers/STM32F4xx_HAL_Driver/Src/stm32f4xx_hal_i2c.o
                0x00000000080056b8                HAL_I2C_Master_Transmit
 .text.I2C_MasterRequestWrite
                0x00000000080058b4      0x104 ./Drivers/STM32F4xx_HAL_Driver/Src/stm32f4xx_hal_i2c.o
 .text.I2C_WaitOnFlagUntilTimeout
                0x00000000080059b8       0xae ./Drivers/STM32F4xx_HAL_Driver/Src/stm32f4xx_hal_i2c.o
 .text.I2C_WaitOnMasterAddressFlagUntilTimeout
                0x0000000008005a66       0xfe ./Drivers/STM32F4xx_HAL_Driver/Src/stm32f4xx_hal_i2c.o
 .text.I2C_WaitOnTXEFlagUntilTimeout
                0x0000000008005b64       0x82 ./Drivers/STM32F4xx_HAL_Driver/Src/stm32f4xx_hal_i2c.o
 .text.I2C_WaitOnBTFFlagUntilTimeout
                0x0000000008005be6       0x82 ./Drivers/STM32F4xx_HAL_Driver/Src/stm32f4xx_hal_i2c.o
 .text.I2C_IsAcknowledgeFailed
                0x0000000008005c68       0x5e ./Drivers/STM32F4xx_HAL_Driver/Src/stm32f4xx_hal_i2c.o
 *fill*         0x0000000008005cc6        0x2 
 .text.HAL_RCC_OscConfig
                0x0000000008005cc8      0x4f0 ./Drivers/STM32F4xx_HAL_Driver/Src/stm32f4xx_hal_rcc.o
                0x0000000008005cc8                HAL_RCC_OscConfig
 .text.HAL_RCC_ClockConfig
                0x00000000080061b8      0x1cc ./Drivers/STM32F4xx_HAL_Driver/Src/stm32f4xx_hal_rcc.o
                0x00000000080061b8                HAL_RCC_ClockConfig
 .text.HAL_RCC_GetSysClockFreq
                0x0000000008006384      0x18c ./Drivers/STM32F4xx_HAL_Driver/Src/stm32f4xx_hal_rcc.o
                0x0000000008006384                HAL_RCC_GetSysClockFreq
 .text.HAL_RCC_GetHCLKFreq
                0x0000000008006510       0x18 ./Drivers/STM32F4xx_HAL_Driver/Src/stm32f4xx_hal_rcc.o
                0x0000000008006510                HAL_RCC_GetHCLKFreq
 .text.HAL_RCC_GetPCLK1Freq
                0x0000000008006528       0x28 ./Drivers/STM32F4xx_HAL_Driver/Src/stm32f4xx_hal_rcc.o
                0x0000000008006528                HAL_RCC_GetPCLK1Freq
 .text.HAL_TIM_Base_Init
                0x0000000008006550       0x9e ./Drivers/STM32F4xx_HAL_Driver/Src/stm32f4xx_hal_tim.o
                0x0000000008006550                HAL_TIM_Base_Init
 *fill*         0x00000000080065ee        0x2 
 .text.HAL_TIM_Base_Start_IT
                0x00000000080065f0       0xc4 ./Drivers/STM32F4xx_HAL_Driver/Src/stm32f4xx_hal_tim.o
                0x00000000080065f0                HAL_TIM_Base_Start_IT
 .text.HAL_TIM_PWM_Init
                0x00000000080066b4       0x9e ./Drivers/STM32F4xx_HAL_Driver/Src/stm32f4xx_hal_tim.o
                0x00000000080066b4                HAL_TIM_PWM_Init
 .text.HAL_TIM_PWM_MspInit
                0x0000000008006752       0x14 ./Drivers/STM32F4xx_HAL_Driver/Src/stm32f4xx_hal_tim.o
                0x0000000008006752                HAL_TIM_PWM_MspInit
 *fill*         0x0000000008006766        0x2 
 .text.HAL_TIM_PWM_Start
                0x0000000008006768      0x160 ./Drivers/STM32F4xx_HAL_Driver/Src/stm32f4xx_hal_tim.o
                0x0000000008006768                HAL_TIM_PWM_Start
 .text.HAL_TIM_PWM_Stop
                0x00000000080068c8       0xc8 ./Drivers/STM32F4xx_HAL_Driver/Src/stm32f4xx_hal_tim.o
                0x00000000080068c8                HAL_TIM_PWM_Stop
 .text.HAL_TIM_IC_Init
                0x0000000008006990       0x9e ./Drivers/STM32F4xx_HAL_Driver/Src/stm32f4xx_hal_tim.o
                0x0000000008006990                HAL_TIM_IC_Init
 .text.HAL_TIM_IC_MspInit
                0x0000000008006a2e       0x14 ./Drivers/STM32F4xx_HAL_Driver/Src/stm32f4xx_hal_tim.o
                0x0000000008006a2e                HAL_TIM_IC_MspInit
 .text.HAL_TIM_Encoder_Init
                0x0000000008006a42      0x14c ./Drivers/STM32F4xx_HAL_Driver/Src/stm32f4xx_hal_tim.o
                0x0000000008006a42                HAL_TIM_Encoder_Init
 .text.HAL_TIM_Encoder_Start_IT
                0x0000000008006b8e      0x15c ./Drivers/STM32F4xx_HAL_Driver/Src/stm32f4xx_hal_tim.o
                0x0000000008006b8e                HAL_TIM_Encoder_Start_IT
 .text.HAL_TIM_IRQHandler
                0x0000000008006cea      0x210 ./Drivers/STM32F4xx_HAL_Driver/Src/stm32f4xx_hal_tim.o
                0x0000000008006cea                HAL_TIM_IRQHandler
 .text.HAL_TIM_IC_ConfigChannel
                0x0000000008006efa      0x138 ./Drivers/STM32F4xx_HAL_Driver/Src/stm32f4xx_hal_tim.o
                0x0000000008006efa                HAL_TIM_IC_ConfigChannel
 *fill*         0x0000000008007032        0x2 
 .text.HAL_TIM_PWM_ConfigChannel
                0x0000000008007034      0x184 ./Drivers/STM32F4xx_HAL_Driver/Src/stm32f4xx_hal_tim.o
                0x0000000008007034                HAL_TIM_PWM_ConfigChannel
 .text.HAL_TIM_ConfigClockSource
                0x00000000080071b8      0x18e ./Drivers/STM32F4xx_HAL_Driver/Src/stm32f4xx_hal_tim.o
                0x00000000080071b8                HAL_TIM_ConfigClockSource
 .text.HAL_TIM_SlaveConfigSynchro
                0x0000000008007346       0x84 ./Drivers/STM32F4xx_HAL_Driver/Src/stm32f4xx_hal_tim.o
                0x0000000008007346                HAL_TIM_SlaveConfigSynchro
 .text.HAL_TIM_OC_DelayElapsedCallback
                0x00000000080073ca       0x14 ./Drivers/STM32F4xx_HAL_Driver/Src/stm32f4xx_hal_tim.o
                0x00000000080073ca                HAL_TIM_OC_DelayElapsedCallback
 .text.HAL_TIM_IC_CaptureCallback
                0x00000000080073de       0x14 ./Drivers/STM32F4xx_HAL_Driver/Src/stm32f4xx_hal_tim.o
                0x00000000080073de                HAL_TIM_IC_CaptureCallback
 .text.HAL_TIM_PWM_PulseFinishedCallback
                0x00000000080073f2       0x14 ./Drivers/STM32F4xx_HAL_Driver/Src/stm32f4xx_hal_tim.o
                0x00000000080073f2                HAL_TIM_PWM_PulseFinishedCallback
 .text.HAL_TIM_TriggerCallback
                0x0000000008007406       0x14 ./Drivers/STM32F4xx_HAL_Driver/Src/stm32f4xx_hal_tim.o
                0x0000000008007406                HAL_TIM_TriggerCallback
 *fill*         0x000000000800741a        0x2 
 .text.TIM_Base_SetConfig
                0x000000000800741c      0x100 ./Drivers/STM32F4xx_HAL_Driver/Src/stm32f4xx_hal_tim.o
                0x000000000800741c                TIM_Base_SetConfig
 .text.TIM_OC1_SetConfig
                0x000000000800751c       0xcc ./Drivers/STM32F4xx_HAL_Driver/Src/stm32f4xx_hal_tim.o
 .text.TIM_OC2_SetConfig
                0x00000000080075e8       0xd8 ./Drivers/STM32F4xx_HAL_Driver/Src/stm32f4xx_hal_tim.o
                0x00000000080075e8                TIM_OC2_SetConfig
 .text.TIM_OC3_SetConfig
                0x00000000080076c0       0xd4 ./Drivers/STM32F4xx_HAL_Driver/Src/stm32f4xx_hal_tim.o
 .text.TIM_OC4_SetConfig
                0x0000000008007794       0xa0 ./Drivers/STM32F4xx_HAL_Driver/Src/stm32f4xx_hal_tim.o
 .text.TIM_SlaveTimer_SetConfig
                0x0000000008007834      0x122 ./Drivers/STM32F4xx_HAL_Driver/Src/stm32f4xx_hal_tim.o
 *fill*         0x0000000008007956        0x2 
 .text.TIM_TI1_SetConfig
                0x0000000008007958       0xd0 ./Drivers/STM32F4xx_HAL_Driver/Src/stm32f4xx_hal_tim.o
                0x0000000008007958                TIM_TI1_SetConfig
 .text.TIM_TI1_ConfigInputStage
                0x0000000008007a28       0x5e ./Drivers/STM32F4xx_HAL_Driver/Src/stm32f4xx_hal_tim.o
 .text.TIM_TI2_SetConfig
                0x0000000008007a86       0x7a ./Drivers/STM32F4xx_HAL_Driver/Src/stm32f4xx_hal_tim.o
 .text.TIM_TI2_ConfigInputStage
                0x0000000008007b00       0x60 ./Drivers/STM32F4xx_HAL_Driver/Src/stm32f4xx_hal_tim.o
 .text.TIM_TI3_SetConfig
                0x0000000008007b60       0x78 ./Drivers/STM32F4xx_HAL_Driver/Src/stm32f4xx_hal_tim.o
 .text.TIM_TI4_SetConfig
                0x0000000008007bd8       0x7a ./Drivers/STM32F4xx_HAL_Driver/Src/stm32f4xx_hal_tim.o
 .text.TIM_ITRx_SetConfig
                0x0000000008007c52       0x36 ./Drivers/STM32F4xx_HAL_Driver/Src/stm32f4xx_hal_tim.o
 .text.TIM_ETR_SetConfig
                0x0000000008007c88       0x40 ./Drivers/STM32F4xx_HAL_Driver/Src/stm32f4xx_hal_tim.o
                0x0000000008007c88                TIM_ETR_SetConfig
 .text.TIM_CCxChannelCmd
                0x0000000008007cc8       0x4a ./Drivers/STM32F4xx_HAL_Driver/Src/stm32f4xx_hal_tim.o
                0x0000000008007cc8                TIM_CCxChannelCmd
 *fill*         0x0000000008007d12        0x2 
 .text.HAL_TIMEx_MasterConfigSynchronization
                0x0000000008007d14       0xdc ./Drivers/STM32F4xx_HAL_Driver/Src/stm32f4xx_hal_tim_ex.o
                0x0000000008007d14                HAL_TIMEx_MasterConfigSynchronization
 .text.HAL_TIMEx_CommutCallback
                0x0000000008007df0       0x14 ./Drivers/STM32F4xx_HAL_Driver/Src/stm32f4xx_hal_tim_ex.o
                0x0000000008007df0                HAL_TIMEx_CommutCallback
 .text.HAL_TIMEx_BreakCallback
                0x0000000008007e04       0x14 ./Drivers/STM32F4xx_HAL_Driver/Src/stm32f4xx_hal_tim_ex.o
                0x0000000008007e04                HAL_TIMEx_BreakCallback
 .text.__errno  0x0000000008007e18        0xc c:/st/stm32cubeide_1.3.0/stm32cubeide/plugins/com.st.stm32cube.ide.mcu.externaltools.gnu-tools-for-stm32.10.3-2021.10.win32_1.0.0.202111181127/tools/bin/../lib/gcc/arm-none-eabi/10.3.1/../../../../arm-none-eabi/lib/thumb/v7e-m+fp/hard\libc_nano.a(lib_a-errno.o)
                0x0000000008007e18                __errno
 .text.__libc_init_array
                0x0000000008007e24       0x48 c:/st/stm32cubeide_1.3.0/stm32cubeide/plugins/com.st.stm32cube.ide.mcu.externaltools.gnu-tools-for-stm32.10.3-2021.10.win32_1.0.0.202111181127/tools/bin/../lib/gcc/arm-none-eabi/10.3.1/../../../../arm-none-eabi/lib/thumb/v7e-m+fp/hard\libc_nano.a(lib_a-init.o)
                0x0000000008007e24                __libc_init_array
 .text.memcpy   0x0000000008007e6c       0x1c c:/st/stm32cubeide_1.3.0/stm32cubeide/plugins/com.st.stm32cube.ide.mcu.externaltools.gnu-tools-for-stm32.10.3-2021.10.win32_1.0.0.202111181127/tools/bin/../lib/gcc/arm-none-eabi/10.3.1/../../../../arm-none-eabi/lib/thumb/v7e-m+fp/hard\libc_nano.a(lib_a-memcpy-stub.o)
                0x0000000008007e6c                memcpy
 .text.memset   0x0000000008007e88       0x10 c:/st/stm32cubeide_1.3.0/stm32cubeide/plugins/com.st.stm32cube.ide.mcu.externaltools.gnu-tools-for-stm32.10.3-2021.10.win32_1.0.0.202111181127/tools/bin/../lib/gcc/arm-none-eabi/10.3.1/../../../../arm-none-eabi/lib/thumb/v7e-m+fp/hard\libc_nano.a(lib_a-memset.o)
                0x0000000008007e88                memset
 .text.sprintf  0x0000000008007e98       0x40 c:/st/stm32cubeide_1.3.0/stm32cubeide/plugins/com.st.stm32cube.ide.mcu.externaltools.gnu-tools-for-stm32.10.3-2021.10.win32_1.0.0.202111181127/tools/bin/../lib/gcc/arm-none-eabi/10.3.1/../../../../arm-none-eabi/lib/thumb/v7e-m+fp/hard\libc_nano.a(lib_a-sprintf.o)
                0x0000000008007e98                siprintf
                0x0000000008007e98                sprintf
 .text.__ssputs_r
                0x0000000008007ed8       0xb6 c:/st/stm32cubeide_1.3.0/stm32cubeide/plugins/com.st.stm32cube.ide.mcu.externaltools.gnu-tools-for-stm32.10.3-2021.10.win32_1.0.0.202111181127/tools/bin/../lib/gcc/arm-none-eabi/10.3.1/../../../../arm-none-eabi/lib/thumb/v7e-m+fp/hard\libc_nano.a(lib_a-nano-svfprintf.o)
                0x0000000008007ed8                __ssputs_r
 *fill*         0x0000000008007f8e        0x2 
 .text._svfprintf_r
                0x0000000008007f90      0x200 c:/st/stm32cubeide_1.3.0/stm32cubeide/plugins/com.st.stm32cube.ide.mcu.externaltools.gnu-tools-for-stm32.10.3-2021.10.win32_1.0.0.202111181127/tools/bin/../lib/gcc/arm-none-eabi/10.3.1/../../../../arm-none-eabi/lib/thumb/v7e-m+fp/hard\libc_nano.a(lib_a-nano-svfprintf.o)
                0x0000000008007f90                _svfiprintf_r
                0x0000000008007f90                _svfprintf_r
 .text._printf_common
                0x0000000008008190       0xda c:/st/stm32cubeide_1.3.0/stm32cubeide/plugins/com.st.stm32cube.ide.mcu.externaltools.gnu-tools-for-stm32.10.3-2021.10.win32_1.0.0.202111181127/tools/bin/../lib/gcc/arm-none-eabi/10.3.1/../../../../arm-none-eabi/lib/thumb/v7e-m+fp/hard\libc_nano.a(lib_a-nano-vfprintf_i.o)
                0x0000000008008190                _printf_common
 *fill*         0x000000000800826a        0x2 
 .text._printf_i
                0x000000000800826c      0x24c c:/st/stm32cubeide_1.3.0/stm32cubeide/plugins/com.st.stm32cube.ide.mcu.externaltools.gnu-tools-for-stm32.10.3-2021.10.win32_1.0.0.202111181127/tools/bin/../lib/gcc/arm-none-eabi/10.3.1/../../../../arm-none-eabi/lib/thumb/v7e-m+fp/hard\libc_nano.a(lib_a-nano-vfprintf_i.o)
                0x000000000800826c                _printf_i
 .text.memmove  0x00000000080084b8       0x34 c:/st/stm32cubeide_1.3.0/stm32cubeide/plugins/com.st.stm32cube.ide.mcu.externaltools.gnu-tools-for-stm32.10.3-2021.10.win32_1.0.0.202111181127/tools/bin/../lib/gcc/arm-none-eabi/10.3.1/../../../../arm-none-eabi/lib/thumb/v7e-m+fp/hard\libc_nano.a(lib_a-memmove.o)
                0x00000000080084b8                memmove
 .text._free_r  0x00000000080084ec       0x98 c:/st/stm32cubeide_1.3.0/stm32cubeide/plugins/com.st.stm32cube.ide.mcu.externaltools.gnu-tools-for-stm32.10.3-2021.10.win32_1.0.0.202111181127/tools/bin/../lib/gcc/arm-none-eabi/10.3.1/../../../../arm-none-eabi/lib/thumb/v7e-m+fp/hard\libc_nano.a(lib_a-nano-freer.o)
                0x00000000080084ec                _free_r
 .text.sbrk_aligned
                0x0000000008008584       0x40 c:/st/stm32cubeide_1.3.0/stm32cubeide/plugins/com.st.stm32cube.ide.mcu.externaltools.gnu-tools-for-stm32.10.3-2021.10.win32_1.0.0.202111181127/tools/bin/../lib/gcc/arm-none-eabi/10.3.1/../../../../arm-none-eabi/lib/thumb/v7e-m+fp/hard\libc_nano.a(lib_a-nano-mallocr.o)
 .text._malloc_r
                0x00000000080085c4       0xe8 c:/st/stm32cubeide_1.3.0/stm32cubeide/plugins/com.st.stm32cube.ide.mcu.externaltools.gnu-tools-for-stm32.10.3-2021.10.win32_1.0.0.202111181127/tools/bin/../lib/gcc/arm-none-eabi/10.3.1/../../../../arm-none-eabi/lib/thumb/v7e-m+fp/hard\libc_nano.a(lib_a-nano-mallocr.o)
                0x00000000080085c4                _malloc_r
 .text._realloc_r
                0x00000000080086ac       0x5e c:/st/stm32cubeide_1.3.0/stm32cubeide/plugins/com.st.stm32cube.ide.mcu.externaltools.gnu-tools-for-stm32.10.3-2021.10.win32_1.0.0.202111181127/tools/bin/../lib/gcc/arm-none-eabi/10.3.1/../../../../arm-none-eabi/lib/thumb/v7e-m+fp/hard\libc_nano.a(lib_a-nano-reallocr.o)
                0x00000000080086ac                _realloc_r
 *fill*         0x000000000800870a        0x2 
 .text._sbrk_r  0x000000000800870c       0x20 c:/st/stm32cubeide_1.3.0/stm32cubeide/plugins/com.st.stm32cube.ide.mcu.externaltools.gnu-tools-for-stm32.10.3-2021.10.win32_1.0.0.202111181127/tools/bin/../lib/gcc/arm-none-eabi/10.3.1/../../../../arm-none-eabi/lib/thumb/v7e-m+fp/hard\libc_nano.a(lib_a-sbrkr.o)
                0x000000000800870c                _sbrk_r
 .text.__malloc_lock
                0x000000000800872c        0xc c:/st/stm32cubeide_1.3.0/stm32cubeide/plugins/com.st.stm32cube.ide.mcu.externaltools.gnu-tools-for-stm32.10.3-2021.10.win32_1.0.0.202111181127/tools/bin/../lib/gcc/arm-none-eabi/10.3.1/../../../../arm-none-eabi/lib/thumb/v7e-m+fp/hard\libc_nano.a(lib_a-mlock.o)
                0x000000000800872c                __malloc_lock
 .text.__malloc_unlock
                0x0000000008008738        0xc c:/st/stm32cubeide_1.3.0/stm32cubeide/plugins/com.st.stm32cube.ide.mcu.externaltools.gnu-tools-for-stm32.10.3-2021.10.win32_1.0.0.202111181127/tools/bin/../lib/gcc/arm-none-eabi/10.3.1/../../../../arm-none-eabi/lib/thumb/v7e-m+fp/hard\libc_nano.a(lib_a-mlock.o)
                0x0000000008008738                __malloc_unlock
 .text._malloc_usable_size_r
                0x0000000008008744       0x10 c:/st/stm32cubeide_1.3.0/stm32cubeide/plugins/com.st.stm32cube.ide.mcu.externaltools.gnu-tools-for-stm32.10.3-2021.10.win32_1.0.0.202111181127/tools/bin/../lib/gcc/arm-none-eabi/10.3.1/../../../../arm-none-eabi/lib/thumb/v7e-m+fp/hard\libc_nano.a(lib_a-nano-msizer.o)
                0x0000000008008744                _malloc_usable_size_r
 .text.__retarget_lock_acquire_recursive
                0x0000000008008754        0x2 c:/st/stm32cubeide_1.3.0/stm32cubeide/plugins/com.st.stm32cube.ide.mcu.externaltools.gnu-tools-for-stm32.10.3-2021.10.win32_1.0.0.202111181127/tools/bin/../lib/gcc/arm-none-eabi/10.3.1/../../../../arm-none-eabi/lib/thumb/v7e-m+fp/hard\libc_nano.a(lib_a-lock.o)
                0x0000000008008754                __retarget_lock_acquire_recursive
 .text.__retarget_lock_release_recursive
                0x0000000008008756        0x2 c:/st/stm32cubeide_1.3.0/stm32cubeide/plugins/com.st.stm32cube.ide.mcu.externaltools.gnu-tools-for-stm32.10.3-2021.10.win32_1.0.0.202111181127/tools/bin/../lib/gcc/arm-none-eabi/10.3.1/../../../../arm-none-eabi/lib/thumb/v7e-m+fp/hard\libc_nano.a(lib_a-lock.o)
                0x0000000008008756                __retarget_lock_release_recursive
 *(.glue_7)
 .glue_7        0x0000000008008758        0x0 linker stubs
 *(.glue_7t)
 .glue_7t       0x0000000008008758        0x0 linker stubs
 *(.eh_frame)
 .eh_frame      0x0000000008008758        0x0 c:/st/stm32cubeide_1.3.0/stm32cubeide/plugins/com.st.stm32cube.ide.mcu.externaltools.gnu-tools-for-stm32.10.3-2021.10.win32_1.0.0.202111181127/tools/bin/../lib/gcc/arm-none-eabi/10.3.1/thumb/v7e-m+fp/hard/crtbegin.o
 *(.init)
 .init          0x0000000008008758        0x4 c:/st/stm32cubeide_1.3.0/stm32cubeide/plugins/com.st.stm32cube.ide.mcu.externaltools.gnu-tools-for-stm32.10.3-2021.10.win32_1.0.0.202111181127/tools/bin/../lib/gcc/arm-none-eabi/10.3.1/thumb/v7e-m+fp/hard/crti.o
                0x0000000008008758                _init
 .init          0x000000000800875c        0x8 c:/st/stm32cubeide_1.3.0/stm32cubeide/plugins/com.st.stm32cube.ide.mcu.externaltools.gnu-tools-for-stm32.10.3-2021.10.win32_1.0.0.202111181127/tools/bin/../lib/gcc/arm-none-eabi/10.3.1/thumb/v7e-m+fp/hard/crtn.o
 *(.fini)
 .fini          0x0000000008008764        0x4 c:/st/stm32cubeide_1.3.0/stm32cubeide/plugins/com.st.stm32cube.ide.mcu.externaltools.gnu-tools-for-stm32.10.3-2021.10.win32_1.0.0.202111181127/tools/bin/../lib/gcc/arm-none-eabi/10.3.1/thumb/v7e-m+fp/hard/crti.o
                0x0000000008008764                _fini
 .fini          0x0000000008008768        0x8 c:/st/stm32cubeide_1.3.0/stm32cubeide/plugins/com.st.stm32cube.ide.mcu.externaltools.gnu-tools-for-stm32.10.3-2021.10.win32_1.0.0.202111181127/tools/bin/../lib/gcc/arm-none-eabi/10.3.1/thumb/v7e-m+fp/hard/crtn.o
                0x0000000008008770                . = ALIGN (0x4)
                0x0000000008008770                _etext = .

.vfp11_veneer   0x0000000008008770        0x0
 .vfp11_veneer  0x0000000008008770        0x0 linker stubs

.v4_bx          0x0000000008008770        0x0
 .v4_bx         0x0000000008008770        0x0 linker stubs

.iplt           0x0000000008008770        0x0
 .iplt          0x0000000008008770        0x0 c:/st/stm32cubeide_1.3.0/stm32cubeide/plugins/com.st.stm32cube.ide.mcu.externaltools.gnu-tools-for-stm32.10.3-2021.10.win32_1.0.0.202111181127/tools/bin/../lib/gcc/arm-none-eabi/10.3.1/thumb/v7e-m+fp/hard/crtbegin.o

.rodata         0x0000000008008770      0x27c
                0x0000000008008770                . = ALIGN (0x4)
 *(.rodata)
 .rodata        0x0000000008008770      0x230 ./Core/Src/main.o
 *(.rodata*)
 .rodata.AHBPrescTable
                0x00000000080089a0       0x10 ./Core/Src/system_stm32f4xx.o
                0x00000000080089a0                AHBPrescTable
 .rodata.APBPrescTable
                0x00000000080089b0        0x8 ./Core/Src/system_stm32f4xx.o
                0x00000000080089b0                APBPrescTable
 .rodata._svfprintf_r.str1.1
                0x00000000080089b8       0x11 c:/st/stm32cubeide_1.3.0/stm32cubeide/plugins/com.st.stm32cube.ide.mcu.externaltools.gnu-tools-for-stm32.10.3-2021.10.win32_1.0.0.202111181127/tools/bin/../lib/gcc/arm-none-eabi/10.3.1/../../../../arm-none-eabi/lib/thumb/v7e-m+fp/hard\libc_nano.a(lib_a-nano-svfprintf.o)
 .rodata._printf_i.str1.1
                0x00000000080089c9       0x22 c:/st/stm32cubeide_1.3.0/stm32cubeide/plugins/com.st.stm32cube.ide.mcu.externaltools.gnu-tools-for-stm32.10.3-2021.10.win32_1.0.0.202111181127/tools/bin/../lib/gcc/arm-none-eabi/10.3.1/../../../../arm-none-eabi/lib/thumb/v7e-m+fp/hard\libc_nano.a(lib_a-nano-vfprintf_i.o)
                0x00000000080089ec                . = ALIGN (0x4)
 *fill*         0x00000000080089eb        0x1 

.ARM.extab      0x00000000080089ec        0x0
                0x00000000080089ec                . = ALIGN (0x4)
 *(.ARM.extab* .gnu.linkonce.armextab.*)
                0x00000000080089ec                . = ALIGN (0x4)

.ARM            0x00000000080089ec        0x8
                0x00000000080089ec                . = ALIGN (0x4)
                0x00000000080089ec                __exidx_start = .
 *(.ARM.exidx*)
 .ARM.exidx     0x00000000080089ec        0x8 c:/st/stm32cubeide_1.3.0/stm32cubeide/plugins/com.st.stm32cube.ide.mcu.externaltools.gnu-tools-for-stm32.10.3-2021.10.win32_1.0.0.202111181127/tools/bin/../lib/gcc/arm-none-eabi/10.3.1/thumb/v7e-m+fp/hard\libgcc.a(_udivmoddi4.o)
                0x00000000080089f4                __exidx_end = .
                0x00000000080089f4                . = ALIGN (0x4)

.rel.dyn        0x00000000080089f4        0x0
 .rel.iplt      0x00000000080089f4        0x0 c:/st/stm32cubeide_1.3.0/stm32cubeide/plugins/com.st.stm32cube.ide.mcu.externaltools.gnu-tools-for-stm32.10.3-2021.10.win32_1.0.0.202111181127/tools/bin/../lib/gcc/arm-none-eabi/10.3.1/thumb/v7e-m+fp/hard/crtbegin.o

.preinit_array  0x00000000080089f4        0x0
                0x00000000080089f4                . = ALIGN (0x4)
                0x00000000080089f4                PROVIDE (__preinit_array_start = .)
 *(.preinit_array*)
                0x00000000080089f4                PROVIDE (__preinit_array_end = .)
                0x00000000080089f4                . = ALIGN (0x4)

.init_array     0x00000000080089f4        0x4
                0x00000000080089f4                . = ALIGN (0x4)
                0x00000000080089f4                PROVIDE (__init_array_start = .)
 *(SORT_BY_NAME(.init_array.*))
 *(.init_array*)
 .init_array    0x00000000080089f4        0x4 c:/st/stm32cubeide_1.3.0/stm32cubeide/plugins/com.st.stm32cube.ide.mcu.externaltools.gnu-tools-for-stm32.10.3-2021.10.win32_1.0.0.202111181127/tools/bin/../lib/gcc/arm-none-eabi/10.3.1/thumb/v7e-m+fp/hard/crtbegin.o
                0x00000000080089f8                PROVIDE (__init_array_end = .)
                0x00000000080089f8                . = ALIGN (0x4)

.fini_array     0x00000000080089f8        0x4
                0x00000000080089f8                . = ALIGN (0x4)
                [!provide]                        PROVIDE (__fini_array_start = .)
 *(SORT_BY_NAME(.fini_array.*))
 *(.fini_array*)
 .fini_array    0x00000000080089f8        0x4 c:/st/stm32cubeide_1.3.0/stm32cubeide/plugins/com.st.stm32cube.ide.mcu.externaltools.gnu-tools-for-stm32.10.3-2021.10.win32_1.0.0.202111181127/tools/bin/../lib/gcc/arm-none-eabi/10.3.1/thumb/v7e-m+fp/hard/crtbegin.o
                [!provide]                        PROVIDE (__fini_array_end = .)
                0x00000000080089fc                . = ALIGN (0x4)
                0x00000000080089fc                _sidata = LOADADDR (.data)

.data           0x0000000020000000       0x80 load address 0x00000000080089fc
                0x0000000020000000                . = ALIGN (0x4)
                0x0000000020000000                _sdata = .
 *(.data)
 *(.data*)
 .data.current_encoder_value
                0x0000000020000000        0x4 ./Core/Src/main.o
                0x0000000020000000                current_encoder_value
 .data.old_encoder_value
                0x0000000020000004        0x4 ./Core/Src/main.o
                0x0000000020000004                old_encoder_value
 .data.target_feedrate
                0x0000000020000008        0x2 ./Core/Src/main.o
                0x0000000020000008                target_feedrate
 .data.display_feedrate
                0x000000002000000a        0x2 ./Core/Src/main.o
                0x000000002000000a                display_feedrate
 .data.old_value.8
                0x000000002000000c        0x4 ./Core/Src/main.o
 .data.SystemCoreClock
                0x0000000020000010        0x4 ./Core/Src/system_stm32f4xx.o
                0x0000000020000010                SystemCoreClock
 .data.uwTickPrio
                0x0000000020000014        0x4 ./Drivers/STM32F4xx_HAL_Driver/Src/stm32f4xx_hal.o
                0x0000000020000014                uwTickPrio
 .data.uwTickFreq
                0x0000000020000018        0x1 ./Drivers/STM32F4xx_HAL_Driver/Src/stm32f4xx_hal.o
                0x0000000020000018                uwTickFreq
 *fill*         0x0000000020000019        0x3 
 .data._impure_ptr
                0x000000002000001c        0x4 c:/st/stm32cubeide_1.3.0/stm32cubeide/plugins/com.st.stm32cube.ide.mcu.externaltools.gnu-tools-for-stm32.10.3-2021.10.win32_1.0.0.202111181127/tools/bin/../lib/gcc/arm-none-eabi/10.3.1/../../../../arm-none-eabi/lib/thumb/v7e-m+fp/hard\libc_nano.a(lib_a-impure.o)
                0x000000002000001c                _impure_ptr
 .data.impure_data
                0x0000000020000020       0x60 c:/st/stm32cubeide_1.3.0/stm32cubeide/plugins/com.st.stm32cube.ide.mcu.externaltools.gnu-tools-for-stm32.10.3-2021.10.win32_1.0.0.202111181127/tools/bin/../lib/gcc/arm-none-eabi/10.3.1/../../../../arm-none-eabi/lib/thumb/v7e-m+fp/hard\libc_nano.a(lib_a-impure.o)
 *(.RamFunc)
 *(.RamFunc*)
                0x0000000020000080                . = ALIGN (0x4)
                0x0000000020000080                _edata = .

.igot.plt       0x0000000020000080        0x0 load address 0x0000000008008a7c
 .igot.plt      0x0000000020000080        0x0 c:/st/stm32cubeide_1.3.0/stm32cubeide/plugins/com.st.stm32cube.ide.mcu.externaltools.gnu-tools-for-stm32.10.3-2021.10.win32_1.0.0.202111181127/tools/bin/../lib/gcc/arm-none-eabi/10.3.1/thumb/v7e-m+fp/hard/crtbegin.o
                0x0000000020000080                . = ALIGN (0x4)

.bss            0x0000000020000080      0x764 load address 0x0000000008008a7c
                0x0000000020000080                _sbss = .
                0x0000000020000080                __bss_start__ = _sbss
 *(.bss)
 .bss           0x0000000020000080       0x1c c:/st/stm32cubeide_1.3.0/stm32cubeide/plugins/com.st.stm32cube.ide.mcu.externaltools.gnu-tools-for-stm32.10.3-2021.10.win32_1.0.0.202111181127/tools/bin/../lib/gcc/arm-none-eabi/10.3.1/thumb/v7e-m+fp/hard/crtbegin.o
 *(.bss*)
 .bss._addr     0x000000002000009c        0x1 ./Core/Src/STM32_I2C_Display.o
                0x000000002000009c                _addr
 .bss._displayfunction
                0x000000002000009d        0x1 ./Core/Src/STM32_I2C_Display.o
                0x000000002000009d                _displayfunction
 .bss._displaycontrol
                0x000000002000009e        0x1 ./Core/Src/STM32_I2C_Display.o
                0x000000002000009e                _displaycontrol
 .bss._displaymode
                0x000000002000009f        0x1 ./Core/Src/STM32_I2C_Display.o
                0x000000002000009f                _displaymode
 .bss._cols     0x00000000200000a0        0x1 ./Core/Src/STM32_I2C_Display.o
                0x00000000200000a0                _cols
 .bss._rows     0x00000000200000a1        0x1 ./Core/Src/STM32_I2C_Display.o
                0x00000000200000a1                _rows
 .bss._charsize
                0x00000000200000a2        0x1 ./Core/Src/STM32_I2C_Display.o
                0x00000000200000a2                _charsize
 .bss._backlightval
                0x00000000200000a3        0x1 ./Core/Src/STM32_I2C_Display.o
                0x00000000200000a3                _backlightval
 .bss._row_offsets
                0x00000000200000a4        0x4 ./Core/Src/STM32_I2C_Display.o
                0x00000000200000a4                _row_offsets
 .bss.ee_ram    0x00000000200000a8      0x400 ./Core/Src/ee.o
                0x00000000200000a8                ee_ram
 .bss.hadc1     0x00000000200004a8       0x48 ./Core/Src/main.o
                0x00000000200004a8                hadc1
 .bss.hi2c1     0x00000000200004f0       0x54 ./Core/Src/main.o
                0x00000000200004f0                hi2c1
 .bss.htim1     0x0000000020000544       0x48 ./Core/Src/main.o
                0x0000000020000544                htim1
 .bss.htim2     0x000000002000058c       0x48 ./Core/Src/main.o
                0x000000002000058c                htim2
 .bss.htim4     0x00000000200005d4       0x48 ./Core/Src/main.o
                0x00000000200005d4                htim4
 .bss.htim5     0x000000002000061c       0x48 ./Core/Src/main.o
                0x000000002000061c                htim5
 .bss.htim9     0x0000000020000664       0x48 ./Core/Src/main.o
                0x0000000020000664                htim9
 .bss.htim10    0x00000000200006ac       0x48 ./Core/Src/main.o
                0x00000000200006ac                htim10
 .bss.htim11    0x00000000200006f4       0x48 ./Core/Src/main.o
                0x00000000200006f4                htim11
 .bss.state     0x000000002000073c        0x2 ./Core/Src/main.o
                0x000000002000073c                state
 .bss.previous_state
                0x000000002000073e        0x2 ./Core/Src/main.o
                0x000000002000073e                previous_state
 .bss.configuration_status
                0x0000000020000740        0x2 ./Core/Src/main.o
                0x0000000020000740                configuration_status
 .bss.step_mode
                0x0000000020000742        0x2 ./Core/Src/main.o
                0x0000000020000742                step_mode
 .bss.parameter
                0x0000000020000744       0x16 ./Core/Src/main.o
                0x0000000020000744                parameter
 *fill*         0x000000002000075a        0x2 
 .bss.default_parameter
                0x000000002000075c       0x16 ./Core/Src/main.o
                0x000000002000075c                default_parameter
 *fill*         0x0000000020000772        0x2 
 .bss.struct_ptr
                0x0000000020000774        0x4 ./Core/Src/main.o
                0x0000000020000774                struct_ptr
 .bss.default_struct_ptr
                0x0000000020000778        0x4 ./Core/Src/main.o
                0x0000000020000778                default_struct_ptr
 .bss.current_feedrate
                0x000000002000077c        0x2 ./Core/Src/main.o
                0x000000002000077c                current_feedrate
 .bss.sw_status
                0x000000002000077e        0x2 ./Core/Src/main.o
                0x000000002000077e                sw_status
 .bss.encoder_sw_status
                0x0000000020000780        0x2 ./Core/Src/main.o
                0x0000000020000780                encoder_sw_status
 .bss.aux_sw_status
                0x0000000020000782        0x2 ./Core/Src/main.o
                0x0000000020000782                aux_sw_status
 .bss.delay100ms_counter
                0x0000000020000784        0x4 ./Core/Src/main.o
                0x0000000020000784                delay100ms_counter
 .bss.old_delay100ms_counter
                0x0000000020000788        0x4 ./Core/Src/main.o
                0x0000000020000788                old_delay100ms_counter
 .bss.save_bool
                0x000000002000078c        0x2 ./Core/Src/main.o
                0x000000002000078c                save_bool
 .bss.update_speed
                0x000000002000078e        0x2 ./Core/Src/main.o
                0x000000002000078e                update_speed
 .bss.lcd_update
                0x0000000020000790        0x2 ./Core/Src/main.o
                0x0000000020000790                lcd_update
 .bss.debouncing_en_sw
                0x0000000020000792        0x2 ./Core/Src/main.o
                0x0000000020000792                debouncing_en_sw
 .bss.debouncing_aux_sw
                0x0000000020000794        0x2 ./Core/Src/main.o
                0x0000000020000794                debouncing_aux_sw
 .bss.debouncing
                0x0000000020000796        0x2 ./Core/Src/main.o
                0x0000000020000796                debouncing
 .bss.aux_debouncing
                0x0000000020000798        0x2 ./Core/Src/main.o
                0x0000000020000798                aux_debouncing
 .bss.diff_feedrate.7
                0x000000002000079a        0x2 ./Core/Src/main.o
 .bss.prev_target_feedrate.6
                0x000000002000079c        0x2 ./Core/Src/main.o
 .bss.acc_step_increment.5
                0x000000002000079e        0x2 ./Core/Src/main.o
 .bss.saved_feedrate.4
                0x00000000200007a0        0x4 ./Core/Src/main.o
 .bss.temp_debouncing.3
                0x00000000200007a4        0x2 ./Core/Src/main.o
 .bss.previous_en_sw_status.2
                0x00000000200007a6        0x2 ./Core/Src/main.o
 .bss.aux_temp_debouncing.1
                0x00000000200007a8        0x2 ./Core/Src/main.o
 .bss.previous_aux_sw_status.0
                0x00000000200007aa        0x2 ./Core/Src/main.o
 .bss.__sbrk_heap_end
                0x00000000200007ac        0x4 ./Core/Src/sysmem.o
 .bss.uwTick    0x00000000200007b0        0x4 ./Drivers/STM32F4xx_HAL_Driver/Src/stm32f4xx_hal.o
                0x00000000200007b0                uwTick
 .bss.pFlash    0x00000000200007b4       0x20 ./Drivers/STM32F4xx_HAL_Driver/Src/stm32f4xx_hal_flash.o
                0x00000000200007b4                pFlash
 .bss.__malloc_free_list
                0x00000000200007d4        0x4 c:/st/stm32cubeide_1.3.0/stm32cubeide/plugins/com.st.stm32cube.ide.mcu.externaltools.gnu-tools-for-stm32.10.3-2021.10.win32_1.0.0.202111181127/tools/bin/../lib/gcc/arm-none-eabi/10.3.1/../../../../arm-none-eabi/lib/thumb/v7e-m+fp/hard\libc_nano.a(lib_a-nano-mallocr.o)
                0x00000000200007d4                __malloc_free_list
 .bss.__malloc_sbrk_start
                0x00000000200007d8        0x4 c:/st/stm32cubeide_1.3.0/stm32cubeide/plugins/com.st.stm32cube.ide.mcu.externaltools.gnu-tools-for-stm32.10.3-2021.10.win32_1.0.0.202111181127/tools/bin/../lib/gcc/arm-none-eabi/10.3.1/../../../../arm-none-eabi/lib/thumb/v7e-m+fp/hard\libc_nano.a(lib_a-nano-mallocr.o)
                0x00000000200007d8                __malloc_sbrk_start
 .bss.errno     0x00000000200007dc        0x4 c:/st/stm32cubeide_1.3.0/stm32cubeide/plugins/com.st.stm32cube.ide.mcu.externaltools.gnu-tools-for-stm32.10.3-2021.10.win32_1.0.0.202111181127/tools/bin/../lib/gcc/arm-none-eabi/10.3.1/../../../../arm-none-eabi/lib/thumb/v7e-m+fp/hard\libc_nano.a(lib_a-reent.o)
                0x00000000200007dc                errno
 .bss.__lock___malloc_recursive_mutex
                0x00000000200007e0        0x1 c:/st/stm32cubeide_1.3.0/stm32cubeide/plugins/com.st.stm32cube.ide.mcu.externaltools.gnu-tools-for-stm32.10.3-2021.10.win32_1.0.0.202111181127/tools/bin/../lib/gcc/arm-none-eabi/10.3.1/../../../../arm-none-eabi/lib/thumb/v7e-m+fp/hard\libc_nano.a(lib_a-lock.o)
                0x00000000200007e0                __lock___malloc_recursive_mutex
 *(COMMON)
                0x00000000200007e4                . = ALIGN (0x4)
 *fill*         0x00000000200007e1        0x3 
                0x00000000200007e4                _ebss = .
                0x00000000200007e4                __bss_end__ = _ebss

._user_heap_stack
                0x00000000200007e4      0x604 load address 0x0000000008008a7c
                0x00000000200007e8                . = ALIGN (0x8)
 *fill*         0x00000000200007e4        0x4 
                [!provide]                        PROVIDE (end = .)
                0x00000000200007e8                PROVIDE (_end = .)
                0x00000000200009e8                . = (. + _Min_Heap_Size)
 *fill*         0x00000000200007e8      0x200 
                0x0000000020000de8                . = (. + _Min_Stack_Size)
 *fill*         0x00000000200009e8      0x400 
                0x0000000020000de8                . = ALIGN (0x8)

/DISCARD/
 libc.a(*)
 libm.a(*)
 libgcc.a(*)

.ARM.attributes
                0x0000000000000000       0x30
 *(.ARM.attributes)
 .ARM.attributes
                0x0000000000000000       0x1e c:/st/stm32cubeide_1.3.0/stm32cubeide/plugins/com.st.stm32cube.ide.mcu.externaltools.gnu-tools-for-stm32.10.3-2021.10.win32_1.0.0.202111181127/tools/bin/../lib/gcc/arm-none-eabi/10.3.1/thumb/v7e-m+fp/hard/crti.o
 .ARM.attributes
                0x000000000000001e       0x34 c:/st/stm32cubeide_1.3.0/stm32cubeide/plugins/com.st.stm32cube.ide.mcu.externaltools.gnu-tools-for-stm32.10.3-2021.10.win32_1.0.0.202111181127/tools/bin/../lib/gcc/arm-none-eabi/10.3.1/thumb/v7e-m+fp/hard/crtbegin.o
 .ARM.attributes
                0x0000000000000052       0x34 ./Core/Src/STM32_I2C_Display.o
 .ARM.attributes
                0x0000000000000086       0x34 ./Core/Src/ee.o
 .ARM.attributes
                0x00000000000000ba       0x34 ./Core/Src/main.o
 .ARM.attributes
                0x00000000000000ee       0x34 ./Core/Src/stm32f4xx_hal_msp.o
 .ARM.attributes
                0x0000000000000122       0x34 ./Core/Src/stm32f4xx_it.o
 .ARM.attributes
                0x0000000000000156       0x34 ./Core/Src/sysmem.o
 .ARM.attributes
                0x000000000000018a       0x34 ./Core/Src/system_stm32f4xx.o
 .ARM.attributes
                0x00000000000001be       0x21 ./Core/Startup/startup_stm32f401ccux.o
 .ARM.attributes
                0x00000000000001df       0x34 ./Drivers/STM32F4xx_HAL_Driver/Src/stm32f4xx_hal.o
 .ARM.attributes
                0x0000000000000213       0x34 ./Drivers/STM32F4xx_HAL_Driver/Src/stm32f4xx_hal_adc.o
 .ARM.attributes
                0x0000000000000247       0x34 ./Drivers/STM32F4xx_HAL_Driver/Src/stm32f4xx_hal_cortex.o
 .ARM.attributes
                0x000000000000027b       0x34 ./Drivers/STM32F4xx_HAL_Driver/Src/stm32f4xx_hal_flash.o
 .ARM.attributes
                0x00000000000002af       0x34 ./Drivers/STM32F4xx_HAL_Driver/Src/stm32f4xx_hal_flash_ex.o
 .ARM.attributes
                0x00000000000002e3       0x34 ./Drivers/STM32F4xx_HAL_Driver/Src/stm32f4xx_hal_gpio.o
 .ARM.attributes
                0x0000000000000317       0x34 ./Drivers/STM32F4xx_HAL_Driver/Src/stm32f4xx_hal_i2c.o
 .ARM.attributes
                0x000000000000034b       0x34 ./Drivers/STM32F4xx_HAL_Driver/Src/stm32f4xx_hal_rcc.o
 .ARM.attributes
                0x000000000000037f       0x34 ./Drivers/STM32F4xx_HAL_Driver/Src/stm32f4xx_hal_tim.o
 .ARM.attributes
                0x00000000000003b3       0x34 ./Drivers/STM32F4xx_HAL_Driver/Src/stm32f4xx_hal_tim_ex.o
 .ARM.attributes
                0x00000000000003e7       0x34 c:/st/stm32cubeide_1.3.0/stm32cubeide/plugins/com.st.stm32cube.ide.mcu.externaltools.gnu-tools-for-stm32.10.3-2021.10.win32_1.0.0.202111181127/tools/bin/../lib/gcc/arm-none-eabi/10.3.1/../../../../arm-none-eabi/lib/thumb/v7e-m+fp/hard\libc_nano.a(lib_a-errno.o)
 .ARM.attributes
                0x000000000000041b       0x34 c:/st/stm32cubeide_1.3.0/stm32cubeide/plugins/com.st.stm32cube.ide.mcu.externaltools.gnu-tools-for-stm32.10.3-2021.10.win32_1.0.0.202111181127/tools/bin/../lib/gcc/arm-none-eabi/10.3.1/../../../../arm-none-eabi/lib/thumb/v7e-m+fp/hard\libc_nano.a(lib_a-impure.o)
 .ARM.attributes
                0x000000000000044f       0x34 c:/st/stm32cubeide_1.3.0/stm32cubeide/plugins/com.st.stm32cube.ide.mcu.externaltools.gnu-tools-for-stm32.10.3-2021.10.win32_1.0.0.202111181127/tools/bin/../lib/gcc/arm-none-eabi/10.3.1/../../../../arm-none-eabi/lib/thumb/v7e-m+fp/hard\libc_nano.a(lib_a-init.o)
 .ARM.attributes
                0x0000000000000483       0x34 c:/st/stm32cubeide_1.3.0/stm32cubeide/plugins/com.st.stm32cube.ide.mcu.externaltools.gnu-tools-for-stm32.10.3-2021.10.win32_1.0.0.202111181127/tools/bin/../lib/gcc/arm-none-eabi/10.3.1/../../../../arm-none-eabi/lib/thumb/v7e-m+fp/hard\libc_nano.a(lib_a-memcpy-stub.o)
 .ARM.attributes
                0x00000000000004b7       0x34 c:/st/stm32cubeide_1.3.0/stm32cubeide/plugins/com.st.stm32cube.ide.mcu.externaltools.gnu-tools-for-stm32.10.3-2021.10.win32_1.0.0.202111181127/tools/bin/../lib/gcc/arm-none-eabi/10.3.1/../../../../arm-none-eabi/lib/thumb/v7e-m+fp/hard\libc_nano.a(lib_a-memset.o)
 .ARM.attributes
                0x00000000000004eb       0x34 c:/st/stm32cubeide_1.3.0/stm32cubeide/plugins/com.st.stm32cube.ide.mcu.externaltools.gnu-tools-for-stm32.10.3-2021.10.win32_1.0.0.202111181127/tools/bin/../lib/gcc/arm-none-eabi/10.3.1/../../../../arm-none-eabi/lib/thumb/v7e-m+fp/hard\libc_nano.a(lib_a-sprintf.o)
 .ARM.attributes
                0x000000000000051f       0x17 c:/st/stm32cubeide_1.3.0/stm32cubeide/plugins/com.st.stm32cube.ide.mcu.externaltools.gnu-tools-for-stm32.10.3-2021.10.win32_1.0.0.202111181127/tools/bin/../lib/gcc/arm-none-eabi/10.3.1/../../../../arm-none-eabi/lib/thumb/v7e-m+fp/hard\libc_nano.a(lib_a-strlen.o)
 .ARM.attributes
                0x0000000000000536       0x34 c:/st/stm32cubeide_1.3.0/stm32cubeide/plugins/com.st.stm32cube.ide.mcu.externaltools.gnu-tools-for-stm32.10.3-2021.10.win32_1.0.0.202111181127/tools/bin/../lib/gcc/arm-none-eabi/10.3.1/../../../../arm-none-eabi/lib/thumb/v7e-m+fp/hard\libc_nano.a(lib_a-nano-svfprintf.o)
 .ARM.attributes
                0x000000000000056a       0x34 c:/st/stm32cubeide_1.3.0/stm32cubeide/plugins/com.st.stm32cube.ide.mcu.externaltools.gnu-tools-for-stm32.10.3-2021.10.win32_1.0.0.202111181127/tools/bin/../lib/gcc/arm-none-eabi/10.3.1/../../../../arm-none-eabi/lib/thumb/v7e-m+fp/hard\libc_nano.a(lib_a-nano-vfprintf_i.o)
 .ARM.attributes
                0x000000000000059e       0x1c c:/st/stm32cubeide_1.3.0/stm32cubeide/plugins/com.st.stm32cube.ide.mcu.externaltools.gnu-tools-for-stm32.10.3-2021.10.win32_1.0.0.202111181127/tools/bin/../lib/gcc/arm-none-eabi/10.3.1/../../../../arm-none-eabi/lib/thumb/v7e-m+fp/hard\libc_nano.a(lib_a-memchr.o)
 .ARM.attributes
                0x00000000000005ba       0x34 c:/st/stm32cubeide_1.3.0/stm32cubeide/plugins/com.st.stm32cube.ide.mcu.externaltools.gnu-tools-for-stm32.10.3-2021.10.win32_1.0.0.202111181127/tools/bin/../lib/gcc/arm-none-eabi/10.3.1/../../../../arm-none-eabi/lib/thumb/v7e-m+fp/hard\libc_nano.a(lib_a-memmove.o)
 .ARM.attributes
                0x00000000000005ee       0x34 c:/st/stm32cubeide_1.3.0/stm32cubeide/plugins/com.st.stm32cube.ide.mcu.externaltools.gnu-tools-for-stm32.10.3-2021.10.win32_1.0.0.202111181127/tools/bin/../lib/gcc/arm-none-eabi/10.3.1/../../../../arm-none-eabi/lib/thumb/v7e-m+fp/hard\libc_nano.a(lib_a-nano-freer.o)
 .ARM.attributes
                0x0000000000000622       0x34 c:/st/stm32cubeide_1.3.0/stm32cubeide/plugins/com.st.stm32cube.ide.mcu.externaltools.gnu-tools-for-stm32.10.3-2021.10.win32_1.0.0.202111181127/tools/bin/../lib/gcc/arm-none-eabi/10.3.1/../../../../arm-none-eabi/lib/thumb/v7e-m+fp/hard\libc_nano.a(lib_a-nano-mallocr.o)
 .ARM.attributes
                0x0000000000000656       0x34 c:/st/stm32cubeide_1.3.0/stm32cubeide/plugins/com.st.stm32cube.ide.mcu.externaltools.gnu-tools-for-stm32.10.3-2021.10.win32_1.0.0.202111181127/tools/bin/../lib/gcc/arm-none-eabi/10.3.1/../../../../arm-none-eabi/lib/thumb/v7e-m+fp/hard\libc_nano.a(lib_a-nano-reallocr.o)
 .ARM.attributes
                0x000000000000068a       0x34 c:/st/stm32cubeide_1.3.0/stm32cubeide/plugins/com.st.stm32cube.ide.mcu.externaltools.gnu-tools-for-stm32.10.3-2021.10.win32_1.0.0.202111181127/tools/bin/../lib/gcc/arm-none-eabi/10.3.1/../../../../arm-none-eabi/lib/thumb/v7e-m+fp/hard\libc_nano.a(lib_a-sbrkr.o)
 .ARM.attributes
                0x00000000000006be       0x34 c:/st/stm32cubeide_1.3.0/stm32cubeide/plugins/com.st.stm32cube.ide.mcu.externaltools.gnu-tools-for-stm32.10.3-2021.10.win32_1.0.0.202111181127/tools/bin/../lib/gcc/arm-none-eabi/10.3.1/../../../../arm-none-eabi/lib/thumb/v7e-m+fp/hard\libc_nano.a(lib_a-mlock.o)
 .ARM.attributes
                0x00000000000006f2       0x34 c:/st/stm32cubeide_1.3.0/stm32cubeide/plugins/com.st.stm32cube.ide.mcu.externaltools.gnu-tools-for-stm32.10.3-2021.10.win32_1.0.0.202111181127/tools/bin/../lib/gcc/arm-none-eabi/10.3.1/../../../../arm-none-eabi/lib/thumb/v7e-m+fp/hard\libc_nano.a(lib_a-nano-msizer.o)
 .ARM.attributes
                0x0000000000000726       0x34 c:/st/stm32cubeide_1.3.0/stm32cubeide/plugins/com.st.stm32cube.ide.mcu.externaltools.gnu-tools-for-stm32.10.3-2021.10.win32_1.0.0.202111181127/tools/bin/../lib/gcc/arm-none-eabi/10.3.1/../../../../arm-none-eabi/lib/thumb/v7e-m+fp/hard\libc_nano.a(lib_a-reent.o)
 .ARM.attributes
                0x000000000000075a       0x34 c:/st/stm32cubeide_1.3.0/stm32cubeide/plugins/com.st.stm32cube.ide.mcu.externaltools.gnu-tools-for-stm32.10.3-2021.10.win32_1.0.0.202111181127/tools/bin/../lib/gcc/arm-none-eabi/10.3.1/../../../../arm-none-eabi/lib/thumb/v7e-m+fp/hard\libc_nano.a(lib_a-lock.o)
 .ARM.attributes
                0x000000000000078e       0x1e c:/st/stm32cubeide_1.3.0/stm32cubeide/plugins/com.st.stm32cube.ide.mcu.externaltools.gnu-tools-for-stm32.10.3-2021.10.win32_1.0.0.202111181127/tools/bin/../lib/gcc/arm-none-eabi/10.3.1/thumb/v7e-m+fp/hard\libgcc.a(_arm_muldf3.o)
 .ARM.attributes
                0x00000000000007ac       0x1e c:/st/stm32cubeide_1.3.0/stm32cubeide/plugins/com.st.stm32cube.ide.mcu.externaltools.gnu-tools-for-stm32.10.3-2021.10.win32_1.0.0.202111181127/tools/bin/../lib/gcc/arm-none-eabi/10.3.1/thumb/v7e-m+fp/hard\libgcc.a(_arm_addsubdf3.o)
 .ARM.attributes
                0x00000000000007ca       0x1e c:/st/stm32cubeide_1.3.0/stm32cubeide/plugins/com.st.stm32cube.ide.mcu.externaltools.gnu-tools-for-stm32.10.3-2021.10.win32_1.0.0.202111181127/tools/bin/../lib/gcc/arm-none-eabi/10.3.1/thumb/v7e-m+fp/hard\libgcc.a(_arm_cmpdf2.o)
 .ARM.attributes
                0x00000000000007e8       0x1e c:/st/stm32cubeide_1.3.0/stm32cubeide/plugins/com.st.stm32cube.ide.mcu.externaltools.gnu-tools-for-stm32.10.3-2021.10.win32_1.0.0.202111181127/tools/bin/../lib/gcc/arm-none-eabi/10.3.1/thumb/v7e-m+fp/hard\libgcc.a(_arm_fixunsdfsi.o)
 .ARM.attributes
                0x0000000000000806       0x1e c:/st/stm32cubeide_1.3.0/stm32cubeide/plugins/com.st.stm32cube.ide.mcu.externaltools.gnu-tools-for-stm32.10.3-2021.10.win32_1.0.0.202111181127/tools/bin/../lib/gcc/arm-none-eabi/10.3.1/thumb/v7e-m+fp/hard\libgcc.a(_arm_truncdfsf2.o)
 .ARM.attributes
                0x0000000000000824       0x1e c:/st/stm32cubeide_1.3.0/stm32cubeide/plugins/com.st.stm32cube.ide.mcu.externaltools.gnu-tools-for-stm32.10.3-2021.10.win32_1.0.0.202111181127/tools/bin/../lib/gcc/arm-none-eabi/10.3.1/thumb/v7e-m+fp/hard\libgcc.a(_aeabi_uldivmod.o)
 .ARM.attributes
                0x0000000000000842       0x34 c:/st/stm32cubeide_1.3.0/stm32cubeide/plugins/com.st.stm32cube.ide.mcu.externaltools.gnu-tools-for-stm32.10.3-2021.10.win32_1.0.0.202111181127/tools/bin/../lib/gcc/arm-none-eabi/10.3.1/thumb/v7e-m+fp/hard\libgcc.a(_udivmoddi4.o)
 .ARM.attributes
                0x0000000000000876       0x1e c:/st/stm32cubeide_1.3.0/stm32cubeide/plugins/com.st.stm32cube.ide.mcu.externaltools.gnu-tools-for-stm32.10.3-2021.10.win32_1.0.0.202111181127/tools/bin/../lib/gcc/arm-none-eabi/10.3.1/thumb/v7e-m+fp/hard\libgcc.a(_dvmd_tls.o)
 .ARM.attributes
                0x0000000000000894       0x1e c:/st/stm32cubeide_1.3.0/stm32cubeide/plugins/com.st.stm32cube.ide.mcu.externaltools.gnu-tools-for-stm32.10.3-2021.10.win32_1.0.0.202111181127/tools/bin/../lib/gcc/arm-none-eabi/10.3.1/thumb/v7e-m+fp/hard/crtn.o
OUTPUT(PowerFeed_V2.elf elf32-littlearm)
LOAD linker stubs
LOAD c:/st/stm32cubeide_1.3.0/stm32cubeide/plugins/com.st.stm32cube.ide.mcu.externaltools.gnu-tools-for-stm32.10.3-2021.10.win32_1.0.0.202111181127/tools/bin/../lib/gcc/arm-none-eabi/10.3.1/../../../../arm-none-eabi/lib/thumb/v7e-m+fp/hard\libc.a
LOAD c:/st/stm32cubeide_1.3.0/stm32cubeide/plugins/com.st.stm32cube.ide.mcu.externaltools.gnu-tools-for-stm32.10.3-2021.10.win32_1.0.0.202111181127/tools/bin/../lib/gcc/arm-none-eabi/10.3.1/../../../../arm-none-eabi/lib/thumb/v7e-m+fp/hard\libm.a
LOAD c:/st/stm32cubeide_1.3.0/stm32cubeide/plugins/com.st.stm32cube.ide.mcu.externaltools.gnu-tools-for-stm32.10.3-2021.10.win32_1.0.0.202111181127/tools/bin/../lib/gcc/arm-none-eabi/10.3.1/thumb/v7e-m+fp/hard\libgcc.a

.debug_info     0x0000000000000000    0x100f3
 .debug_info    0x0000000000000000      0xb65 ./Core/Src/STM32_I2C_Display.o
 .debug_info    0x0000000000000b65      0x426 ./Core/Src/ee.o
 .debug_info    0x0000000000000f8b     0x240c ./Core/Src/main.o
 .debug_info    0x0000000000003397     0x1451 ./Core/Src/stm32f4xx_hal_msp.o
 .debug_info    0x00000000000047e8      0x776 ./Core/Src/stm32f4xx_it.o
 .debug_info    0x0000000000004f5e      0x171 ./Core/Src/sysmem.o
 .debug_info    0x00000000000050cf      0x54f ./Core/Src/system_stm32f4xx.o
 .debug_info    0x000000000000561e       0x22 ./Core/Startup/startup_stm32f401ccux.o
 .debug_info    0x0000000000005640      0x906 ./Drivers/STM32F4xx_HAL_Driver/Src/stm32f4xx_hal.o
 .debug_info    0x0000000000005f46      0xd68 ./Drivers/STM32F4xx_HAL_Driver/Src/stm32f4xx_hal_adc.o
 .debug_info    0x0000000000006cae      0xd85 ./Drivers/STM32F4xx_HAL_Driver/Src/stm32f4xx_hal_cortex.o
 .debug_info    0x0000000000007a33      0x5cc ./Drivers/STM32F4xx_HAL_Driver/Src/stm32f4xx_hal_flash.o
 .debug_info    0x0000000000007fff      0x83d ./Drivers/STM32F4xx_HAL_Driver/Src/stm32f4xx_hal_flash_ex.o
 .debug_info    0x000000000000883c      0x78e ./Drivers/STM32F4xx_HAL_Driver/Src/stm32f4xx_hal_gpio.o
 .debug_info    0x0000000000008fca     0x260f ./Drivers/STM32F4xx_HAL_Driver/Src/stm32f4xx_hal_i2c.o
 .debug_info    0x000000000000b5d9      0x98c ./Drivers/STM32F4xx_HAL_Driver/Src/stm32f4xx_hal_rcc.o
 .debug_info    0x000000000000bf65     0x2bb6 ./Drivers/STM32F4xx_HAL_Driver/Src/stm32f4xx_hal_tim.o
 .debug_info    0x000000000000eb1b     0x15d8 ./Drivers/STM32F4xx_HAL_Driver/Src/stm32f4xx_hal_tim_ex.o

.debug_abbrev   0x0000000000000000     0x25fe
 .debug_abbrev  0x0000000000000000      0x2c7 ./Core/Src/STM32_I2C_Display.o
 .debug_abbrev  0x00000000000002c7      0x246 ./Core/Src/ee.o
 .debug_abbrev  0x000000000000050d      0x363 ./Core/Src/main.o
 .debug_abbrev  0x0000000000000870      0x203 ./Core/Src/stm32f4xx_hal_msp.o
 .debug_abbrev  0x0000000000000a73      0x195 ./Core/Src/stm32f4xx_it.o
 .debug_abbrev  0x0000000000000c08       0xbb ./Core/Src/sysmem.o
 .debug_abbrev  0x0000000000000cc3      0x116 ./Core/Src/system_stm32f4xx.o
 .debug_abbrev  0x0000000000000dd9       0x12 ./Core/Startup/startup_stm32f401ccux.o
 .debug_abbrev  0x0000000000000deb      0x23e ./Drivers/STM32F4xx_HAL_Driver/Src/stm32f4xx_hal.o
 .debug_abbrev  0x0000000000001029      0x204 ./Drivers/STM32F4xx_HAL_Driver/Src/stm32f4xx_hal_adc.o
 .debug_abbrev  0x000000000000122d      0x316 ./Drivers/STM32F4xx_HAL_Driver/Src/stm32f4xx_hal_cortex.o
 .debug_abbrev  0x0000000000001543      0x272 ./Drivers/STM32F4xx_HAL_Driver/Src/stm32f4xx_hal_flash.o
 .debug_abbrev  0x00000000000017b5      0x24f ./Drivers/STM32F4xx_HAL_Driver/Src/stm32f4xx_hal_flash_ex.o
 .debug_abbrev  0x0000000000001a04      0x1c4 ./Drivers/STM32F4xx_HAL_Driver/Src/stm32f4xx_hal_gpio.o
 .debug_abbrev  0x0000000000001bc8      0x2a8 ./Drivers/STM32F4xx_HAL_Driver/Src/stm32f4xx_hal_i2c.o
 .debug_abbrev  0x0000000000001e70      0x2aa ./Drivers/STM32F4xx_HAL_Driver/Src/stm32f4xx_hal_rcc.o
 .debug_abbrev  0x000000000000211a      0x26e ./Drivers/STM32F4xx_HAL_Driver/Src/stm32f4xx_hal_tim.o
 .debug_abbrev  0x0000000000002388      0x276 ./Drivers/STM32F4xx_HAL_Driver/Src/stm32f4xx_hal_tim_ex.o

.debug_aranges  0x0000000000000000     0x10c0
 .debug_aranges
                0x0000000000000000       0xf8 ./Core/Src/STM32_I2C_Display.o
 .debug_aranges
                0x00000000000000f8       0x50 ./Core/Src/ee.o
 .debug_aranges
                0x0000000000000148      0x118 ./Core/Src/main.o
 .debug_aranges
                0x0000000000000260       0x68 ./Core/Src/stm32f4xx_hal_msp.o
 .debug_aranges
                0x00000000000002c8       0x78 ./Core/Src/stm32f4xx_it.o
 .debug_aranges
                0x0000000000000340       0x20 ./Core/Src/sysmem.o
 .debug_aranges
                0x0000000000000360       0x28 ./Core/Src/system_stm32f4xx.o
 .debug_aranges
                0x0000000000000388       0x28 ./Core/Startup/startup_stm32f401ccux.o
 .debug_aranges
                0x00000000000003b0       0xf0 ./Drivers/STM32F4xx_HAL_Driver/Src/stm32f4xx_hal.o
 .debug_aranges
                0x00000000000004a0       0xe8 ./Drivers/STM32F4xx_HAL_Driver/Src/stm32f4xx_hal_adc.o
 .debug_aranges
                0x0000000000000588      0x118 ./Drivers/STM32F4xx_HAL_Driver/Src/stm32f4xx_hal_cortex.o
 .debug_aranges
                0x00000000000006a0       0xa0 ./Drivers/STM32F4xx_HAL_Driver/Src/stm32f4xx_hal_flash.o
 .debug_aranges
                0x0000000000000740       0xc8 ./Drivers/STM32F4xx_HAL_Driver/Src/stm32f4xx_hal_flash_ex.o
 .debug_aranges
                0x0000000000000808       0x58 ./Drivers/STM32F4xx_HAL_Driver/Src/stm32f4xx_hal_gpio.o
 .debug_aranges
                0x0000000000000860      0x2a0 ./Drivers/STM32F4xx_HAL_Driver/Src/stm32f4xx_hal_i2c.o
 .debug_aranges
                0x0000000000000b00       0x88 ./Drivers/STM32F4xx_HAL_Driver/Src/stm32f4xx_hal_rcc.o
 .debug_aranges
                0x0000000000000b88      0x3d0 ./Drivers/STM32F4xx_HAL_Driver/Src/stm32f4xx_hal_tim.o
 .debug_aranges
                0x0000000000000f58      0x168 ./Drivers/STM32F4xx_HAL_Driver/Src/stm32f4xx_hal_tim_ex.o

.debug_ranges   0x0000000000000000      0xfc0
 .debug_ranges  0x0000000000000000       0xe8 ./Core/Src/STM32_I2C_Display.o
 .debug_ranges  0x00000000000000e8       0x40 ./Core/Src/ee.o
 .debug_ranges  0x0000000000000128      0x108 ./Core/Src/main.o
 .debug_ranges  0x0000000000000230       0x58 ./Core/Src/stm32f4xx_hal_msp.o
 .debug_ranges  0x0000000000000288       0x68 ./Core/Src/stm32f4xx_it.o
 .debug_ranges  0x00000000000002f0       0x10 ./Core/Src/sysmem.o
 .debug_ranges  0x0000000000000300       0x18 ./Core/Src/system_stm32f4xx.o
 .debug_ranges  0x0000000000000318       0x20 ./Core/Startup/startup_stm32f401ccux.o
 .debug_ranges  0x0000000000000338       0xe0 ./Drivers/STM32F4xx_HAL_Driver/Src/stm32f4xx_hal.o
 .debug_ranges  0x0000000000000418       0xd8 ./Drivers/STM32F4xx_HAL_Driver/Src/stm32f4xx_hal_adc.o
 .debug_ranges  0x00000000000004f0      0x108 ./Drivers/STM32F4xx_HAL_Driver/Src/stm32f4xx_hal_cortex.o
 .debug_ranges  0x00000000000005f8       0x90 ./Drivers/STM32F4xx_HAL_Driver/Src/stm32f4xx_hal_flash.o
 .debug_ranges  0x0000000000000688       0xb8 ./Drivers/STM32F4xx_HAL_Driver/Src/stm32f4xx_hal_flash_ex.o
 .debug_ranges  0x0000000000000740       0x48 ./Drivers/STM32F4xx_HAL_Driver/Src/stm32f4xx_hal_gpio.o
 .debug_ranges  0x0000000000000788      0x2a8 ./Drivers/STM32F4xx_HAL_Driver/Src/stm32f4xx_hal_i2c.o
 .debug_ranges  0x0000000000000a30       0x78 ./Drivers/STM32F4xx_HAL_Driver/Src/stm32f4xx_hal_rcc.o
 .debug_ranges  0x0000000000000aa8      0x3c0 ./Drivers/STM32F4xx_HAL_Driver/Src/stm32f4xx_hal_tim.o
 .debug_ranges  0x0000000000000e68      0x158 ./Drivers/STM32F4xx_HAL_Driver/Src/stm32f4xx_hal_tim_ex.o

.debug_macro    0x0000000000000000    0x18eac
 .debug_macro   0x0000000000000000      0x2f4 ./Core/Src/STM32_I2C_Display.o
 .debug_macro   0x00000000000002f4      0xa78 ./Core/Src/STM32_I2C_Display.o
 .debug_macro   0x0000000000000d6c       0x22 ./Core/Src/STM32_I2C_Display.o
 .debug_macro   0x0000000000000d8e       0x4c ./Core/Src/STM32_I2C_Display.o
 .debug_macro   0x0000000000000dda       0x1e ./Core/Src/STM32_I2C_Display.o
 .debug_macro   0x0000000000000df8       0x94 ./Core/Src/STM32_I2C_Display.o
 .debug_macro   0x0000000000000e8c       0x3c ./Core/Src/STM32_I2C_Display.o
 .debug_macro   0x0000000000000ec8      0x103 ./Core/Src/STM32_I2C_Display.o
 .debug_macro   0x0000000000000fcb       0x3a ./Core/Src/STM32_I2C_Display.o
 .debug_macro   0x0000000000001005       0x57 ./Core/Src/STM32_I2C_Display.o
 .debug_macro   0x000000000000105c       0x6a ./Core/Src/STM32_I2C_Display.o
 .debug_macro   0x00000000000010c6      0x1df ./Core/Src/STM32_I2C_Display.o
 .debug_macro   0x00000000000012a5       0x82 ./Core/Src/STM32_I2C_Display.o
 .debug_macro   0x0000000000001327      0x460 ./Core/Src/STM32_I2C_Display.o
 .debug_macro   0x0000000000001787      0x2a1 ./Core/Src/STM32_I2C_Display.o
 .debug_macro   0x0000000000001a28       0x2e ./Core/Src/STM32_I2C_Display.o
 .debug_macro   0x0000000000001a56       0x28 ./Core/Src/STM32_I2C_Display.o
 .debug_macro   0x0000000000001a7e       0x1c ./Core/Src/STM32_I2C_Display.o
 .debug_macro   0x0000000000001a9a       0x22 ./Core/Src/STM32_I2C_Display.o
 .debug_macro   0x0000000000001abc       0xd9 ./Core/Src/STM32_I2C_Display.o
 .debug_macro   0x0000000000001b95     0x102d ./Core/Src/STM32_I2C_Display.o
 .debug_macro   0x0000000000002bc2      0x11f ./Core/Src/STM32_I2C_Display.o
 .debug_macro   0x0000000000002ce1     0xb86c ./Core/Src/STM32_I2C_Display.o
 .debug_macro   0x000000000000e54d       0x6d ./Core/Src/STM32_I2C_Display.o
 .debug_macro   0x000000000000e5ba     0x367e ./Core/Src/STM32_I2C_Display.o
 .debug_macro   0x0000000000011c38      0x104 ./Core/Src/STM32_I2C_Display.o
 .debug_macro   0x0000000000011d3c       0x5c ./Core/Src/STM32_I2C_Display.o
 .debug_macro   0x0000000000011d98      0x416 ./Core/Src/STM32_I2C_Display.o
 .debug_macro   0x00000000000121ae      0x9fe ./Core/Src/STM32_I2C_Display.o
 .debug_macro   0x0000000000012bac      0x115 ./Core/Src/STM32_I2C_Display.o
 .debug_macro   0x0000000000012cc1       0xf8 ./Core/Src/STM32_I2C_Display.o
 .debug_macro   0x0000000000012db9       0xa5 ./Core/Src/STM32_I2C_Display.o
 .debug_macro   0x0000000000012e5e      0x15f ./Core/Src/STM32_I2C_Display.o
 .debug_macro   0x0000000000012fbd      0x287 ./Core/Src/STM32_I2C_Display.o
 .debug_macro   0x0000000000013244       0x5f ./Core/Src/STM32_I2C_Display.o
 .debug_macro   0x00000000000132a3      0x236 ./Core/Src/STM32_I2C_Display.o
 .debug_macro   0x00000000000134d9      0x9e1 ./Core/Src/STM32_I2C_Display.o
 .debug_macro   0x0000000000013eba      0x38b ./Core/Src/STM32_I2C_Display.o
 .debug_macro   0x0000000000014245      0x176 ./Core/Src/STM32_I2C_Display.o
 .debug_macro   0x00000000000143bb       0xf9 ./Core/Src/STM32_I2C_Display.o
 .debug_macro   0x00000000000144b4      0x132 ./Core/Src/STM32_I2C_Display.o
 .debug_macro   0x00000000000145e6      0x23a ./Core/Src/STM32_I2C_Display.o
 .debug_macro   0x0000000000014820       0x2e ./Core/Src/STM32_I2C_Display.o
 .debug_macro   0x000000000001484e      0x1b5 ./Core/Src/STM32_I2C_Display.o
 .debug_macro   0x0000000000014a03       0x22 ./Core/Src/STM32_I2C_Display.o
 .debug_macro   0x0000000000014a25       0xd6 ./Core/Src/STM32_I2C_Display.o
 .debug_macro   0x0000000000014afb      0x11a ./Core/Src/STM32_I2C_Display.o
 .debug_macro   0x0000000000014c15       0x85 ./Core/Src/STM32_I2C_Display.o
 .debug_macro   0x0000000000014c9a       0x89 ./Core/Src/STM32_I2C_Display.o
 .debug_macro   0x0000000000014d23      0x8e6 ./Core/Src/STM32_I2C_Display.o
 .debug_macro   0x0000000000015609       0x47 ./Core/Src/STM32_I2C_Display.o
 .debug_macro   0x0000000000015650      0x126 ./Core/Src/STM32_I2C_Display.o
 .debug_macro   0x0000000000015776       0x16 ./Core/Src/STM32_I2C_Display.o
 .debug_macro   0x000000000001578c       0x43 ./Core/Src/STM32_I2C_Display.o
 .debug_macro   0x00000000000157cf       0x34 ./Core/Src/STM32_I2C_Display.o
 .debug_macro   0x0000000000015803       0x10 ./Core/Src/STM32_I2C_Display.o
 .debug_macro   0x0000000000015813       0x58 ./Core/Src/STM32_I2C_Display.o
 .debug_macro   0x000000000001586b       0x71 ./Core/Src/STM32_I2C_Display.o
 .debug_macro   0x00000000000158dc       0x1c ./Core/Src/STM32_I2C_Display.o
 .debug_macro   0x00000000000158f8      0x12a ./Core/Src/STM32_I2C_Display.o
 .debug_macro   0x0000000000015a22      0x341 ./Core/Src/STM32_I2C_Display.o
 .debug_macro   0x0000000000015d63       0x10 ./Core/Src/STM32_I2C_Display.o
 .debug_macro   0x0000000000015d73       0x35 ./Core/Src/STM32_I2C_Display.o
 .debug_macro   0x0000000000015da8       0x20 ./Core/Src/STM32_I2C_Display.o
 .debug_macro   0x0000000000015dc8       0xca ./Core/Src/STM32_I2C_Display.o
 .debug_macro   0x0000000000015e92      0x31f ./Core/Src/ee.o
 .debug_macro   0x00000000000161b1       0x22 ./Core/Src/ee.o
 .debug_macro   0x00000000000161d3       0x8e ./Core/Src/ee.o
 .debug_macro   0x0000000000016261       0x51 ./Core/Src/ee.o
 .debug_macro   0x00000000000162b2      0x174 ./Core/Src/ee.o
 .debug_macro   0x0000000000016426       0x1c ./Core/Src/ee.o
 .debug_macro   0x0000000000016442       0x52 ./Core/Src/ee.o
 .debug_macro   0x0000000000016494       0x34 ./Core/Src/ee.o
 .debug_macro   0x00000000000164c8      0x4e3 ./Core/Src/main.o
 .debug_macro   0x00000000000169ab       0xb8 ./Core/Src/main.o
 .debug_macro   0x0000000000016a63       0x16 ./Core/Src/main.o
 .debug_macro   0x0000000000016a79       0x10 ./Core/Src/main.o
 .debug_macro   0x0000000000016a89       0x10 ./Core/Src/main.o
 .debug_macro   0x0000000000016a99       0x1c ./Core/Src/main.o
 .debug_macro   0x0000000000016ab5       0x52 ./Core/Src/main.o
 .debug_macro   0x0000000000016b07       0x22 ./Core/Src/main.o
 .debug_macro   0x0000000000016b29       0x10 ./Core/Src/main.o
 .debug_macro   0x0000000000016b39       0x52 ./Core/Src/main.o
 .debug_macro   0x0000000000016b8b       0xd5 ./Core/Src/main.o
 .debug_macro   0x0000000000016c60       0x1c ./Core/Src/main.o
 .debug_macro   0x0000000000016c7c       0x3d ./Core/Src/main.o
 .debug_macro   0x0000000000016cb9       0x16 ./Core/Src/main.o
 .debug_macro   0x0000000000016ccf      0x145 ./Core/Src/main.o
 .debug_macro   0x0000000000016e14       0x16 ./Core/Src/main.o
 .debug_macro   0x0000000000016e2a       0x16 ./Core/Src/main.o
 .debug_macro   0x0000000000016e40       0x29 ./Core/Src/main.o
 .debug_macro   0x0000000000016e69       0x10 ./Core/Src/main.o
 .debug_macro   0x0000000000016e79       0x16 ./Core/Src/main.o
 .debug_macro   0x0000000000016e8f      0x19b ./Core/Src/main.o
 .debug_macro   0x000000000001702a      0x214 ./Core/Src/stm32f4xx_hal_msp.o
 .debug_macro   0x000000000001723e      0x21e ./Core/Src/stm32f4xx_it.o
 .debug_macro   0x000000000001745c       0xff ./Core/Src/sysmem.o
 .debug_macro   0x000000000001755b      0x23b ./Core/Src/sysmem.o