Archive member included to satisfy reference by file (symbol)

c:/st/stm32cubeide_1.3.0/stm32cubeide/plugins/com.st.stm32cube.ide.mcu.externaltools.gnu-tools-for-stm32.10.3-2021.10.win32_1.0.0.202111181127/tools/bin/../lib/gcc/arm-none-eabi/10.3.1/../../../../arm-none-eabi/lib/thumb/v7e-m+fp/hard\libc_nano.a(lib_a-errno.o)
                              ./Core/Src/syscalls.o (__errno)
c:/st/stm32cubeide_1.3.0/stm32cubeide/plugins/com.st.stm32cube.ide.mcu.externaltools.gnu-tools-for-stm32.10.3-2021.10.win32_1.0.0.202111181127/tools/bin/../lib/gcc/arm-none-eabi/10.3.1/../../../../arm-none-eabi/lib/thumb/v7e-m+fp/hard\libc_nano.a(lib_a-exit.o)
                              c:/st/stm32cubeide_1.3.0/stm32cubeide/plugins/com.st.stm32cube.ide.mcu.externaltools.gnu-tools-for-stm32.10.3-2021.10.win32_1.0.0.202111181127/tools/bin/../lib/gcc/arm-none-eabi/10.3.1/../../../../arm-none-eabi/lib/thumb/v7e-m+fp/hard/crt0.o (exit)
c:/st/stm32cubeide_1.3.0/stm32cubeide/plugins/com.st.stm32cube.ide.mcu.externaltools.gnu-tools-for-stm32.10.3-2021.10.win32_1.0.0.202111181127/tools/bin/../lib/gcc/arm-none-eabi/10.3.1/../../../../arm-none-eabi/lib/thumb/v7e-m+fp/hard\libc_nano.a(lib_a-impure.o)
                              c:/st/stm32cubeide_1.3.0/stm32cubeide/plugins/com.st.stm32cube.ide.mcu.externaltools.gnu-tools-for-stm32.10.3-2021.10.win32_1.0.0.202111181127/tools/bin/../lib/gcc/arm-none-eabi/10.3.1/../../../../arm-none-eabi/lib/thumb/v7e-m+fp/hard\libc_nano.a(lib_a-exit.o) (_global_impure_ptr)
c:/st/stm32cubeide_1.3.0/stm32cubeide/plugins/com.st.stm32cube.ide.mcu.externaltools.gnu-tools-for-stm32.10.3-2021.10.win32_1.0.0.202111181127/tools/bin/../lib/gcc/arm-none-eabi/10.3.1/../../../../arm-none-eabi/lib/thumb/v7e-m+fp/hard\libc_nano.a(lib_a-init.o)
                              c:/st/stm32cubeide_1.3.0/stm32cubeide/plugins/com.st.stm32cube.ide.mcu.externaltools.gnu-tools-for-stm32.10.3-2021.10.win32_1.0.0.202111181127/tools/bin/../lib/gcc/arm-none-eabi/10.3.1/../../../../arm-none-eabi/lib/thumb/v7e-m+fp/hard/crt0.o (__libc_init_array)
c:/st/stm32cubeide_1.3.0/stm32cubeide/plugins/com.st.stm32cube.ide.mcu.externaltools.gnu-tools-for-stm32.10.3-2021.10.win32_1.0.0.202111181127/tools/bin/../lib/gcc/arm-none-eabi/10.3.1/../../../../arm-none-eabi/lib/thumb/v7e-m+fp/hard\libc_nano.a(lib_a-memcpy-stub.o)
                              ./Core/Src/ee.o (memcpy)
c:/st/stm32cubeide_1.3.0/stm32cubeide/plugins/com.st.stm32cube.ide.mcu.externaltools.gnu-tools-for-stm32.10.3-2021.10.win32_1.0.0.202111181127/tools/bin/../lib/gcc/arm-none-eabi/10.3.1/../../../../arm-none-eabi/lib/thumb/v7e-m+fp/hard\libc_nano.a(lib_a-memset.o)
                              c:/st/stm32cubeide_1.3.0/stm32cubeide/plugins/com.st.stm32cube.ide.mcu.externaltools.gnu-tools-for-stm32.10.3-2021.10.win32_1.0.0.202111181127/tools/bin/../lib/gcc/arm-none-eabi/10.3.1/../../../../arm-none-eabi/lib/thumb/v7e-m+fp/hard/crt0.o (memset)
c:/st/stm32cubeide_1.3.0/stm32cubeide/plugins/com.st.stm32cube.ide.mcu.externaltools.gnu-tools-for-stm32.10.3-2021.10.win32_1.0.0.202111181127/tools/bin/../lib/gcc/arm-none-eabi/10.3.1/../../../../arm-none-eabi/lib/thumb/v7e-m+fp/hard\libc_nano.a(lib_a-sprintf.o)
                              ./Core/Src/main.o (sprintf)
c:/st/stm32cubeide_1.3.0/stm32cubeide/plugins/com.st.stm32cube.ide.mcu.externaltools.gnu-tools-for-stm32.10.3-2021.10.win32_1.0.0.202111181127/tools/bin/../lib/gcc/arm-none-eabi/10.3.1/../../../../arm-none-eabi/lib/thumb/v7e-m+fp/hard\libc_nano.a(lib_a-strlen.o)
                              ./Core/Src/STM32_I2C_Display.o (strlen)
c:/st/stm32cubeide_1.3.0/stm32cubeide/plugins/com.st.stm32cube.ide.mcu.externaltools.gnu-tools-for-stm32.10.3-2021.10.win32_1.0.0.202111181127/tools/bin/../lib/gcc/arm-none-eabi/10.3.1/../../../../arm-none-eabi/lib/thumb/v7e-m+fp/hard\libc_nano.a(lib_a-nano-svfprintf.o)
                              c:/st/stm32cubeide_1.3.0/stm32cubeide/plugins/com.st.stm32cube.ide.mcu.externaltools.gnu-tools-for-stm32.10.3-2021.10.win32_1.0.0.202111181127/tools/bin/../lib/gcc/arm-none-eabi/10.3.1/../../../../arm-none-eabi/lib/thumb/v7e-m+fp/hard\libc_nano.a(lib_a-sprintf.o) (_svfprintf_r)
c:/st/stm32cubeide_1.3.0/stm32cubeide/plugins/com.st.stm32cube.ide.mcu.externaltools.gnu-tools-for-stm32.10.3-2021.10.win32_1.0.0.202111181127/tools/bin/../lib/gcc/arm-none-eabi/10.3.1/../../../../arm-none-eabi/lib/thumb/v7e-m+fp/hard\libc_nano.a(lib_a-nano-vfprintf_i.o)
                              c:/st/stm32cubeide_1.3.0/stm32cubeide/plugins/com.st.stm32cube.ide.mcu.externaltools.gnu-tools-for-stm32.10.3-2021.10.win32_1.0.0.202111181127/tools/bin/../lib/gcc/arm-none-eabi/10.3.1/../../../../arm-none-eabi/lib/thumb/v7e-m+fp/hard\libc_nano.a(lib_a-nano-svfprintf.o) (_printf_i)
[...]
Memory Configuration

Name             Origin             Length             Attributes
RAM              0x0000000020000000 0x0000000000010000 xrw
FLASH            0x0000000008000000 0x0000000000040000 xr
*default*        0x0000000000000000 0xffffffffffffffff

Linker script and memory map

LOAD c:/st/stm32cubeide_1.3.0/stm32cubeide/plugins/com.st.stm32cube.ide.mcu.externaltools.gnu-tools-for-stm32.10.3-2021.10.win32_1.0.0.202111181127/tools/bin/../lib/gcc/arm-none-eabi/10.3.1/thumb/v7e-m+fp/hard/crti.o
LOAD c:/st/stm32cubeide_1.3.0/stm32cubeide/plugins/com.st.stm32cube.ide.mcu.externaltools.gnu-tools-for-stm32.10.3-2021.10.win32_1.0.0.202111181127/tools/bin/../lib/gcc/arm-none-eabi/10.3.1/thumb/v7e-m+fp/hard/crtbegin.o
LOAD c:/st/stm32cubeide_1.3.0/stm32cubeide/plugins/com.st.stm32cube.ide.mcu.externaltools.gnu-tools-for-stm32.10.3-2021.10.win32_1.0.0.202111181127/tools/bin/../lib/gcc/arm-none-eabi/10.3.1/../../../../arm-none-eabi/lib/thumb/v7e-m+fp/hard/crt0.o
LOAD ./Core/Src/STM32_I2C_Display.o
LOAD ./Core/Src/ee.o
LOAD ./Core/Src/i2c-lcd.o
LOAD ./Core/Src/main.o
LOAD ./Core/Src/stm32f4xx_hal_msp.o
LOAD ./Core/Src/stm32f4xx_it.o
LOAD ./Core/Src/syscalls.o
LOAD ./Core/Src/sysmem.o
LOAD ./Core/Src/system_stm32f4xx.o
LOAD ./Core/Startup/startup_stm32f401ccux.o
LOAD ./Drivers/STM32F4xx_HAL_Driver/Src/stm32f4xx_hal.o
LOAD ./Drivers/STM32F4xx_HAL_Driver/Src/stm32f4xx_hal_cortex.o
LOAD ./Drivers/STM32F4xx_HAL_Driver/Src/stm32f4xx_hal_dma.o
LOAD ./Drivers/STM32F4xx_HAL_Driver/Src/stm32f4xx_hal_dma_ex.o
LOAD ./Drivers/STM32F4xx_HAL_Driver/Src/stm32f4xx_hal_exti.o
LOAD ./Drivers/STM32F4xx_HAL_Driver/Src/stm32f4xx_hal_flash.o
LOAD ./Drivers/STM32F4xx_HAL_Driver/Src/stm32f4xx_hal_flash_ex.o
LOAD ./Drivers/STM32F4xx_HAL_Driver/Src/stm32f4xx_hal_flash_ramfunc.o
LOAD ./Drivers/STM32F4xx_HAL_Driver/Src/stm32f4xx_hal_gpio.o
LOAD ./Drivers/STM32F4xx_HAL_Driver/Src/stm32f4xx_hal_i2c.o
LOAD ./Drivers/STM32F4xx_HAL_Driver/Src/stm32f4xx_hal_i2c_ex.o
LOAD ./Drivers/STM32F4xx_HAL_Driver/Src/stm32f4xx_hal_pwr.o
LOAD ./Drivers/STM32F4xx_HAL_Driver/Src/stm32f4xx_hal_pwr_ex.o
LOAD ./Drivers/STM32F4xx_HAL_Driver/Src/stm32f4xx_hal_rcc.o
LOAD ./Drivers/STM32F4xx_HAL_Driver/Src/stm32f4xx_hal_rcc_ex.o
LOAD ./Drivers/STM32F4xx_HAL_Driver/Src/stm32f4xx_hal_tim.o
LOAD ./Drivers/STM32F4xx_HAL_Driver/Src/stm32f4xx_hal_tim_ex.o
START GROUP
LOAD c:/st/stm32cubeide_1.3.0/stm32cubeide/plugins/com.st.stm32cube.ide.mcu.externaltools.gnu-tools-for-stm32.10.3-2021.10.win32_1.0.0.202111181127/tools/bin/../lib/gcc/arm-none-eabi/10.3.1/../../../../arm-none-eabi/lib/thumb/v7e-m+fp/hard\libc_nano.a
LOAD c:/st/stm32cubeide_1.3.0/stm32cubeide/plugins/com.st.stm32cube.ide.mcu.externaltools.gnu-tools-for-stm32.10.3-2021.10.win32_1.0.0.202111181127/tools/bin/../lib/gcc/arm-none-eabi/10.3.1/../../../../arm-none-eabi/lib/thumb/v7e-m+fp/hard\libm.a
END GROUP
START GROUP
LOAD c:/st/stm32cubeide_1.3.0/stm32cubeide/plugins/com.st.stm32cube.ide.mcu.externaltools.gnu-tools-for-stm32.10.3-2021.10.win32_1.0.0.202111181127/tools/bin/../lib/gcc/arm-none-eabi/10.3.1/thumb/v7e-m+fp/hard\libgcc.a
LOAD c:/st/stm32cubeide_1.3.0/stm32cubeide/plugins/com.st.stm32cube.ide.mcu.externaltools.gnu-tools-for-stm32.10.3-2021.10.win32_1.0.0.202111181127/tools/bin/../lib/gcc/arm-none-eabi/10.3.1/../../../../arm-none-eabi/lib/thumb/v7e-m+fp/hard\libc_nano.a
END GROUP
START GROUP
LOAD c:/st/stm32cubeide_1.3.0/stm32cubeide/plugins/com.st.stm32cube.ide.mcu.externaltools.gnu-tools-for-stm32.10.3-2021.10.win32_1.0.0.202111181127/tools/bin/../lib/gcc/arm-none-eabi/10.3.1/thumb/v7e-m+fp/hard\libgcc.a
LOAD c:/st/stm32cubeide_1.3.0/stm32cubeide/plugins/com.st.stm32cube.ide.mcu.externaltools.gnu-tools-for-stm32.10.3-2021.10.win32_1.0.0.202111181127/tools/bin/../lib/gcc/arm-none-eabi/10.3.1/../../../../arm-none-eabi/lib/thumb/v7e-m+fp/hard\libc_nano.a
LOAD c:/st/stm32cubeide_1.3.0/stm32cubeide/plugins/com.st.stm32cube.ide.mcu.externaltools.gnu-tools-for-stm32.10.3-2021.10.win32_1.0.0.202111181127/tools/bin/../lib/gcc/arm-none-eabi/10.3.1/../../../../arm-none-eabi/lib/thumb/v7e-m+fp/hard\libnosys.a
END GROUP
START GROUP
LOAD c:/st/stm32cubeide_1.3.0/stm32cubeide/plugins/com.st.stm32cube.ide.mcu.externaltools.gnu-tools-for-stm32.10.3-2021.10.win32_1.0.0.202111181127/tools/bin/../lib/gcc/arm-none-eabi/10.3.1/thumb/v7e-m+fp/hard\libgcc.a
LOAD c:/st/stm32cubeide_1.3.0/stm32cubeide/plugins/com.st.stm32cube.ide.mcu.externaltools.gnu-tools-for-stm32.10.3-2021.10.win32_1.0.0.202111181127/tools/bin/../lib/gcc/arm-none-eabi/10.3.1/../../../../arm-none-eabi/lib/thumb/v7e-m+fp/hard\libc_nano.a
LOAD c:/st/stm32cubeide_1.3.0/stm32cubeide/plugins/com.st.stm32cube.ide.mcu.externaltools.gnu-tools-for-stm32.10.3-2021.10.win32_1.0.0.202111181127/tools/bin/../lib/gcc/arm-none-eabi/10.3.1/../../../../arm-none-eabi/lib/thumb/v7e-m+fp/hard\libnosys.a
END GROUP
LOAD c:/st/stm32cubeide_1.3.0/stm32cubeide/plugins/com.st.stm32cube.ide.mcu.externaltools.gnu-tools-for-stm32.10.3-2021.10.win32_1.0.0.202111181127/tools/bin/../lib/gcc/arm-none-eabi/10.3.1/thumb/v7e-m+fp/hard/crtend.o
LOAD c:/st/stm32cubeide_1.3.0/stm32cubeide/plugins/com.st.stm32cube.ide.mcu.externaltools.gnu-tools-for-stm32.10.3-2021.10.win32_1.0.0.202111181127/tools/bin/../lib/gcc/arm-none-eabi/10.3.1/thumb/v7e-m+fp/hard/crtn.o
                0x0000000020010000                _estack = (ORIGIN (RAM) + LENGTH (RAM))
                0x0000000000000200                _Min_Heap_Size = 0x200
                0x0000000000000400                _Min_Stack_Size = 0x400

.isr_vector     0x0000000008000000      0x194
                0x0000000008000000                . = ALIGN (0x4)
 *(.isr_vector)
 .isr_vector    0x0000000008000000      0x194 ./Core/Startup/startup_stm32f401ccux.o
                0x0000000008000000                g_pfnVectors
                0x0000000008000194                . = ALIGN (0x4)

.text           0x00000000080001a0     0x7734
                0x00000000080001a0                . = ALIGN (0x4)
 *(.text)
 .text          0x00000000080001a0       0x40 c:/st/stm32cubeide_1.3.0/stm32cubeide/plugins/com.st.stm32cube.ide.mcu.externaltools.gnu-tools-for-stm32.10.3-2021.10.win32_1.0.0.202111181127/tools/bin/../lib/gcc/arm-none-eabi/10.3.1/thumb/v7e-m+fp/hard/crtbegin.o
 .text          0x00000000080001e0       0x10 c:/st/stm32cubeide_1.3.0/stm32cubeide/plugins/com.st.stm32cube.ide.mcu.externaltools.gnu-tools-for-stm32.10.3-2021.10.win32_1.0.0.202111181127/tools/bin/../lib/gcc/arm-none-eabi/10.3.1/../../../../arm-none-eabi/lib/thumb/v7e-m+fp/hard\libc_nano.a(lib_a-strlen.o)
                0x00000000080001e0                strlen
 .text          0x00000000080001f0       0xa0 c:/st/stm32cubeide_1.3.0/stm32cubeide/plugins/com.st.stm32cube.ide.mcu.externaltools.gnu-tools-for-stm32.10.3-2021.10.win32_1.0.0.202111181127/tools/bin/../lib/gcc/arm-none-eabi/10.3.1/../../../../arm-none-eabi/lib/thumb/v7e-m+fp/hard\libc_nano.a(lib_a-memchr.o)
                0x00000000080001f0                memchr
 .text          0x0000000008000290      0x254 c:/st/stm32cubeide_1.3.0/stm32cubeide/plugins/com.st.stm32cube.ide.mcu.externaltools.gnu-tools-for-stm32.10.3-2021.10.win32_1.0.0.202111181127/tools/bin/../lib/gcc/arm-none-eabi/10.3.1/thumb/v7e-m+fp/hard\libgcc.a(_arm_muldf3.o)
                0x0000000008000290                __muldf3
                0x0000000008000290                __aeabi_dmul
 .text          0x00000000080004e4      0x378 c:/st/stm32cubeide_1.3.0/stm32cubeide/plugins/com.st.stm32cube.ide.mcu.externaltools.gnu-tools-for-stm32.10.3-2021.10.win32_1.0.0.202111181127/tools/bin/../lib/gcc/arm-none-eabi/10.3.1/thumb/v7e-m+fp/hard\libgcc.a(_arm_addsubdf3.o)
                0x00000000080004e4                __aeabi_drsub
                0x00000000080004ec                __aeabi_dsub
                0x00000000080004ec                __subdf3
                0x00000000080004f0                __aeabi_dadd
                0x00000000080004f0                __adddf3
                0x0000000008000768                __floatunsidf
                0x0000000008000768                __aeabi_ui2d
                0x0000000008000788                __floatsidf
                0x0000000008000788                __aeabi_i2d
                0x00000000080007ac                __aeabi_f2d
                0x00000000080007ac                __extendsfdf2
                0x00000000080007f0                __floatundidf
                0x00000000080007f0                __aeabi_ul2d
                0x0000000008000800                __floatdidf
                0x0000000008000800                __aeabi_l2d
 .text          0x000000000800085c      0x110 c:/st/stm32cubeide_1.3.0/stm32cubeide/plugins/com.st.stm32cube.ide.mcu.externaltools.gnu-tools-for-stm32.10.3-2021.10.win32_1.0.0.202111181127/tools/bin/../lib/gcc/arm-none-eabi/10.3.1/thumb/v7e-m+fp/hard\libgcc.a(_arm_cmpdf2.o)
                0x000000000800085c                __gtdf2
                0x000000000800085c                __gedf2
                0x0000000008000864                __ltdf2
                0x0000000008000864                __ledf2
                0x000000000800086c                __nedf2
                0x000000000800086c                __eqdf2
                0x000000000800086c                __cmpdf2
                0x00000000080008e8                __aeabi_cdrcmple
                0x00000000080008f8                __aeabi_cdcmpeq
                0x00000000080008f8                __aeabi_cdcmple
                0x0000000008000908                __aeabi_dcmpeq
                0x000000000800091c                __aeabi_dcmplt
                0x0000000008000930                __aeabi_dcmple
                0x0000000008000944                __aeabi_dcmpge
                0x0000000008000958                __aeabi_dcmpgt
 .text          0x000000000800096c       0x40 c:/st/stm32cubeide_1.3.0/stm32cubeide/plugins/com.st.stm32cube.ide.mcu.externaltools.gnu-tools-for-stm32.10.3-2021.10.win32_1.0.0.202111181127/tools/bin/../lib/gcc/arm-none-eabi/10.3.1/thumb/v7e-m+fp/hard\libgcc.a(_arm_fixunsdfsi.o)
                0x000000000800096c                __aeabi_d2uiz
                0x000000000800096c                __fixunsdfsi
 .text          0x00000000080009ac       0xa0 c:/st/stm32cubeide_1.3.0/stm32cubeide/plugins/com.st.stm32cube.ide.mcu.externaltools.gnu-tools-for-stm32.10.3-2021.10.win32_1.0.0.202111181127/tools/bin/../lib/gcc/arm-none-eabi/10.3.1/thumb/v7e-m+fp/hard\libgcc.a(_arm_truncdfsf2.o)
                0x00000000080009ac                __truncdfsf2
                0x00000000080009ac                __aeabi_d2f
 .text          0x0000000008000a4c       0x30 c:/st/stm32cubeide_1.3.0/stm32cubeide/plugins/com.st.stm32cube.ide.mcu.externaltools.gnu-tools-for-stm32.10.3-2021.10.win32_1.0.0.202111181127/tools/bin/../lib/gcc/arm-none-eabi/10.3.1/thumb/v7e-m+fp/hard\libgcc.a(_aeabi_uldivmod.o)
                0x0000000008000a4c                __aeabi_uldivmod
 .text          0x0000000008000a7c      0x2d0 c:/st/stm32cubeide_1.3.0/stm32cubeide/plugins/com.st.stm32cube.ide.mcu.externaltools.gnu-tools-for-stm32.10.3-2021.10.win32_1.0.0.202111181127/tools/bin/../lib/gcc/arm-none-eabi/10.3.1/thumb/v7e-m+fp/hard\libgcc.a(_udivmoddi4.o)
                0x0000000008000a7c                __udivmoddi4
 .text          0x0000000008000d4c        0x4 c:/st/stm32cubeide_1.3.0/stm32cubeide/plugins/com.st.stm32cube.ide.mcu.externaltools.gnu-tools-for-stm32.10.3-2021.10.win32_1.0.0.202111181127/tools/bin/../lib/gcc/arm-none-eabi/10.3.1/thumb/v7e-m+fp/hard\libgcc.a(_dvmd_tls.o)
                0x0000000008000d4c                __aeabi_idiv0
                0x0000000008000d4c                __aeabi_ldiv0
 *(.text*)
 .text.LiquidCrystal_I2C
                0x0000000008000d50       0x50 ./Core/Src/STM32_I2C_Display.o
                0x0000000008000d50                LiquidCrystal_I2C
 .text.lcdBegin
                0x0000000008000da0       0xec ./Core/Src/STM32_I2C_Display.o
                0x0000000008000da0                lcdBegin
 .text.lcdClear
                0x0000000008000e8c       0x14 ./Core/Src/STM32_I2C_Display.o
                0x0000000008000e8c                lcdClear
 .text.lcdHome  0x0000000008000ea0       0x14 ./Core/Src/STM32_I2C_Display.o
                0x0000000008000ea0                lcdHome
 .text.lcdDisplay
                0x0000000008000eb4       0x2c ./Core/Src/STM32_I2C_Display.o
                0x0000000008000eb4                lcdDisplay
 .text.lcdSetCursor
                0x0000000008000ee0       0x64 ./Core/Src/STM32_I2C_Display.o
                0x0000000008000ee0                lcdSetCursor
 .text.lcdPrint
                0x0000000008000f44       0x56 ./Core/Src/STM32_I2C_Display.o
                0x0000000008000f44                lcdPrint
 .text.lcdWrite
                0x0000000008000f9a       0x1e ./Core/Src/STM32_I2C_Display.o
                0x0000000008000f9a                lcdWrite
 .text.command  0x0000000008000fb8       0x1c ./Core/Src/STM32_I2C_Display.o
                0x0000000008000fb8                command
 .text.setRowOffsets
                0x0000000008000fd4       0x40 ./Core/Src/STM32_I2C_Display.o
                0x0000000008000fd4                setRowOffsets
 .text.pulseEnable
                0x0000000008001014       0x3a ./Core/Src/STM32_I2C_Display.o
                0x0000000008001014                pulseEnable
 .text.send     0x000000000800104e       0x42 ./Core/Src/STM32_I2C_Display.o
                0x000000000800104e                send
 .text.write4bits
                0x0000000008001090       0x22 ./Core/Src/STM32_I2C_Display.o
                0x0000000008001090                write4bits
 *fill*         0x00000000080010b2        0x2 
 .text.write8bits
                0x00000000080010b4       0x40 ./Core/Src/STM32_I2C_Display.o
                0x00000000080010b4                write8bits
 .text.ee_init  0x00000000080010f4       0x16 ./Core/Src/ee.o
                0x00000000080010f4                ee_init
 *fill*         0x000000000800110a        0x2 
 .text.ee_format
                0x000000000800110c       0x78 ./Core/Src/ee.o
                0x000000000800110c                ee_format
 .text.ee_read  0x0000000008001184       0x84 ./Core/Src/ee.o
                0x0000000008001184                ee_read
 .text.ee_write
                0x0000000008001208      0x2c8 ./Core/Src/ee.o
                0x0000000008001208                ee_write
 .text.ee_writeToRam
                0x00000000080014d0       0x44 ./Core/Src/ee.o
                0x00000000080014d0                ee_writeToRam
 .text.ee_commit
                0x0000000008001514       0x30 ./Core/Src/ee.o
                0x0000000008001514                ee_commit
 *fill*         0x0000000008001544        0x4 
 .text.main     0x0000000008001548     0x1394 ./Core/Src/main.o
                0x0000000008001548                main
 .text.SystemClock_Config
                0x00000000080028dc       0xd4 ./Core/Src/main.o
                0x00000000080028dc                SystemClock_Config
 .text.MX_I2C1_Init
                0x00000000080029b0       0x5c ./Core/Src/main.o
 .text.MX_TIM1_Init
                0x0000000008002a0c       0xc0 ./Core/Src/main.o
 .text.MX_TIM2_Init
                0x0000000008002acc       0xe8 ./Core/Src/main.o
 .text.MX_TIM9_Init
                0x0000000008002bb4       0xa8 ./Core/Src/main.o
 .text.MX_TIM10_Init
                0x0000000008002c5c       0x80 ./Core/Src/main.o
 .text.MX_TIM11_Init
                0x0000000008002cdc       0x70 ./Core/Src/main.o
 .text.MX_GPIO_Init
                0x0000000008002d4c       0xc0 ./Core/Src/main.o
 .text.HAL_TIM_PeriodElapsedCallback
                0x0000000008002e0c       0xac ./Core/Src/main.o
                0x0000000008002e0c                HAL_TIM_PeriodElapsedCallback
 .text.Encoder_Read
                0x0000000008002eb8       0x80 ./Core/Src/main.o
                0x0000000008002eb8                Encoder_Read
 .text.LCD_Write_Number
                0x0000000008002f38      0x264 ./Core/Src/main.o
                0x0000000008002f38                LCD_Write_Number
 .text._float_to_char
                0x000000000800319c      0x178 ./Core/Src/main.o
 .text.LCD_Write_Float_Number
                0x0000000008003314       0x8c ./Core/Src/main.o
                0x0000000008003314                LCD_Write_Float_Number
 .text.Motor_Enable
                0x00000000080033a0       0x2c ./Core/Src/main.o
                0x00000000080033a0                Motor_Enable
 .text.Motor_Disable
                0x00000000080033cc       0x30 ./Core/Src/main.o
                0x00000000080033cc                Motor_Disable
 .text.Motor_Direction
                0x00000000080033fc       0x4c ./Core/Src/main.o
                0x00000000080033fc                Motor_Direction
 .text.Motor_Speed_RPM
                0x0000000008003448       0x98 ./Core/Src/main.o
                0x0000000008003448                Motor_Speed_RPM
 .text.Motor_Feedrate_Update
                0x00000000080034e0      0x1a0 ./Core/Src/main.o
                0x00000000080034e0                Motor_Feedrate_Update
 .text.LCD_Write_Feedrate
                0x0000000008003680       0x3c ./Core/Src/main.o
                0x0000000008003680                LCD_Write_Feedrate
 .text.Switch_Status_Read
                0x00000000080036bc       0x94 ./Core/Src/main.o
                0x00000000080036bc                Switch_Status_Read
 .text.Update_Feedrate
                0x0000000008003750       0x94 ./Core/Src/main.o
                0x0000000008003750                Update_Feedrate
 .text.Encoder_Switch_Status_Read
                0x00000000080037e4       0xc8 ./Core/Src/main.o
                0x00000000080037e4                Encoder_Switch_Status_Read
 .text.Aux_Switch_Status_Read
                0x00000000080038ac       0xc8 ./Core/Src/main.o
                0x00000000080038ac                Aux_Switch_Status_Read
 .text.Save_Parameter_Data
                0x0000000008003974       0x56 ./Core/Src/main.o
                0x0000000008003974                Save_Parameter_Data
 .text.Read_Parameter_Data
                0x00000000080039ca       0x76 ./Core/Src/main.o
                0x00000000080039ca                Read_Parameter_Data
 .text.Error_Handler
                0x0000000008003a40        0xa ./Core/Src/main.o
                0x0000000008003a40                Error_Handler
 *fill*         0x0000000008003a4a        0x2 
 .text.HAL_MspInit
                0x0000000008003a4c       0x50 ./Core/Src/stm32f4xx_hal_msp.o
                0x0000000008003a4c                HAL_MspInit
 .text.HAL_I2C_MspInit
                0x0000000008003a9c       0x90 ./Core/Src/stm32f4xx_hal_msp.o
                0x0000000008003a9c                HAL_I2C_MspInit
 .text.HAL_TIM_Encoder_MspInit
                0x0000000008003b2c       0xc0 ./Core/Src/stm32f4xx_hal_msp.o
                0x0000000008003b2c                HAL_TIM_Encoder_MspInit
 .text.HAL_TIM_Base_MspInit
                0x0000000008003bec       0xf0 ./Core/Src/stm32f4xx_hal_msp.o
                0x0000000008003bec                HAL_TIM_Base_MspInit
 .text.HAL_TIM_MspPostInit
                0x0000000008003cdc       0x70 ./Core/Src/stm32f4xx_hal_msp.o
                0x0000000008003cdc                HAL_TIM_MspPostInit
 .text.NMI_Handler
                0x0000000008003d4c        0x6 ./Core/Src/stm32f4xx_it.o
                0x0000000008003d4c                NMI_Handler
 .text.HardFault_Handler
                0x0000000008003d52        0x6 ./Core/Src/stm32f4xx_it.o
                0x0000000008003d52                HardFault_Handler
 .text.MemManage_Handler
                0x0000000008003d58        0x6 ./Core/Src/stm32f4xx_it.o
                0x0000000008003d58                MemManage_Handler
 .text.BusFault_Handler
                0x0000000008003d5e        0x6 ./Core/Src/stm32f4xx_it.o
                0x0000000008003d5e                BusFault_Handler
 .text.UsageFault_Handler
                0x0000000008003d64        0x6 ./Core/Src/stm32f4xx_it.o
                0x0000000008003d64                UsageFault_Handler
 .text.SVC_Handler
                0x0000000008003d6a        0xe ./Core/Src/stm32f4xx_it.o
                0x0000000008003d6a                SVC_Handler
 .text.DebugMon_Handler
                0x0000000008003d78        0xe ./Core/Src/stm32f4xx_it.o
                0x0000000008003d78                DebugMon_Handler
 .text.PendSV_Handler
                0x0000000008003d86        0xe ./Core/Src/stm32f4xx_it.o
                0x0000000008003d86                PendSV_Handler
 .text.SysTick_Handler
                0x0000000008003d94        0xc ./Core/Src/stm32f4xx_it.o
                0x0000000008003d94                SysTick_Handler
 .text.TIM1_BRK_TIM9_IRQHandler
                0x0000000008003da0       0x1c ./Core/Src/stm32f4xx_it.o
                0x0000000008003da0                TIM1_BRK_TIM9_IRQHandler
 .text.TIM1_UP_TIM10_IRQHandler
                0x0000000008003dbc       0x1c ./Core/Src/stm32f4xx_it.o
                0x0000000008003dbc                TIM1_UP_TIM10_IRQHandler
 .text.TIM1_TRG_COM_TIM11_IRQHandler
                0x0000000008003dd8       0x1c ./Core/Src/stm32f4xx_it.o
                0x0000000008003dd8                TIM1_TRG_COM_TIM11_IRQHandler
 .text._sbrk    0x0000000008003df4       0x6c ./Core/Src/sysmem.o
                0x0000000008003df4                _sbrk
 .text.SystemInit
                0x0000000008003e60       0x24 ./Core/Src/system_stm32f4xx.o
                0x0000000008003e60                SystemInit
 .text.Reset_Handler
                0x0000000008003e84       0x50 ./Core/Startup/startup_stm32f401ccux.o
                0x0000000008003e84                Reset_Handler
 .text.Default_Handler
                0x0000000008003ed4        0x2 ./Core/Startup/startup_stm32f401ccux.o
                0x0000000008003ed4                RTC_Alarm_IRQHandler
                0x0000000008003ed4                EXTI2_IRQHandler
                0x0000000008003ed4                SPI4_IRQHandler
                0x0000000008003ed4                TIM1_CC_IRQHandler
                0x0000000008003ed4                DMA2_Stream5_IRQHandler
                0x0000000008003ed4                DMA1_Stream5_IRQHandler
                0x0000000008003ed4                PVD_IRQHandler
                0x0000000008003ed4                SDIO_IRQHandler
                0x0000000008003ed4                TAMP_STAMP_IRQHandler
                0x0000000008003ed4                EXTI3_IRQHandler
                0x0000000008003ed4                I2C3_ER_IRQHandler
                0x0000000008003ed4                EXTI0_IRQHandler
                0x0000000008003ed4                I2C2_EV_IRQHandler
                0x0000000008003ed4                DMA1_Stream2_IRQHandler
                0x0000000008003ed4                FPU_IRQHandler
                0x0000000008003ed4                DMA2_Stream2_IRQHandler
                0x0000000008003ed4                SPI1_IRQHandler
                0x0000000008003ed4                DMA2_Stream3_IRQHandler
                0x0000000008003ed4                USART6_IRQHandler
                0x0000000008003ed4                DMA2_Stream0_IRQHandler
                0x0000000008003ed4                TIM4_IRQHandler
                0x0000000008003ed4                I2C1_EV_IRQHandler
                0x0000000008003ed4                DMA1_Stream6_IRQHandler
                0x0000000008003ed4                DMA1_Stream1_IRQHandler
                0x0000000008003ed4                TIM3_IRQHandler
                0x0000000008003ed4                RCC_IRQHandler
                0x0000000008003ed4                Default_Handler
                0x0000000008003ed4                EXTI15_10_IRQHandler
                0x0000000008003ed4                ADC_IRQHandler
                0x0000000008003ed4                DMA1_Stream7_IRQHandler
                0x0000000008003ed4                TIM5_IRQHandler
                0x0000000008003ed4                DMA2_Stream7_IRQHandler
                0x0000000008003ed4                I2C3_EV_IRQHandler
                0x0000000008003ed4                EXTI9_5_IRQHandler
                0x0000000008003ed4                RTC_WKUP_IRQHandler
                0x0000000008003ed4                SPI2_IRQHandler
                0x0000000008003ed4                DMA1_Stream0_IRQHandler
                0x0000000008003ed4                EXTI4_IRQHandler
                0x0000000008003ed4                WWDG_IRQHandler
                0x0000000008003ed4                TIM2_IRQHandler
                0x0000000008003ed4                OTG_FS_WKUP_IRQHandler
                0x0000000008003ed4                EXTI1_IRQHandler
                0x0000000008003ed4                USART2_IRQHandler
                0x0000000008003ed4                I2C2_ER_IRQHandler
                0x0000000008003ed4                DMA2_Stream1_IRQHandler
                0x0000000008003ed4                FLASH_IRQHandler
                0x0000000008003ed4                DMA2_Stream4_IRQHandler
                0x0000000008003ed4                USART1_IRQHandler
                0x0000000008003ed4                OTG_FS_IRQHandler
                0x0000000008003ed4                SPI3_IRQHandler
                0x0000000008003ed4                DMA1_Stream4_IRQHandler
                0x0000000008003ed4                I2C1_ER_IRQHandler
                0x0000000008003ed4                DMA2_Stream6_IRQHandler
                0x0000000008003ed4                DMA1_Stream3_IRQHandler
 *fill*         0x0000000008003ed6        0x2 
 .text.HAL_Init
                0x0000000008003ed8       0x44 ./Drivers/STM32F4xx_HAL_Driver/Src/stm32f4xx_hal.o
                0x0000000008003ed8                HAL_Init
 .text.HAL_InitTick
                0x0000000008003f1c       0x60 ./Drivers/STM32F4xx_HAL_Driver/Src/stm32f4xx_hal.o
                0x0000000008003f1c                HAL_InitTick
 .text.HAL_IncTick
                0x0000000008003f7c       0x28 ./Drivers/STM32F4xx_HAL_Driver/Src/stm32f4xx_hal.o
                0x0000000008003f7c                HAL_IncTick
 .text.HAL_GetTick
                0x0000000008003fa4       0x18 ./Drivers/STM32F4xx_HAL_Driver/Src/stm32f4xx_hal.o
                0x0000000008003fa4                HAL_GetTick
 .text.HAL_Delay
                0x0000000008003fbc       0x48 ./Drivers/STM32F4xx_HAL_Driver/Src/stm32f4xx_hal.o
                0x0000000008003fbc                HAL_Delay
 .text.__NVIC_SetPriorityGrouping
                0x0000000008004004       0x48 ./Drivers/STM32F4xx_HAL_Driver/Src/stm32f4xx_hal_cortex.o
 .text.__NVIC_GetPriorityGrouping
                0x000000000800404c       0x1c ./Drivers/STM32F4xx_HAL_Driver/Src/stm32f4xx_hal_cortex.o
 .text.__NVIC_EnableIRQ
                0x0000000008004068       0x3c ./Drivers/STM32F4xx_HAL_Driver/Src/stm32f4xx_hal_cortex.o
 .text.__NVIC_SetPriority
                0x00000000080040a4       0x54 ./Drivers/STM32F4xx_HAL_Driver/Src/stm32f4xx_hal_cortex.o
 .text.NVIC_EncodePriority
                0x00000000080040f8       0x66 ./Drivers/STM32F4xx_HAL_Driver/Src/stm32f4xx_hal_cortex.o
 *fill*         0x000000000800415e        0x2 
 .text.SysTick_Config
                0x0000000008004160       0x44 ./Drivers/STM32F4xx_HAL_Driver/Src/stm32f4xx_hal_cortex.o
 .text.HAL_NVIC_SetPriorityGrouping
                0x00000000080041a4       0x16 ./Drivers/STM32F4xx_HAL_Driver/Src/stm32f4xx_hal_cortex.o
                0x00000000080041a4                HAL_NVIC_SetPriorityGrouping
 .text.HAL_NVIC_SetPriority
                0x00000000080041ba       0x38 ./Drivers/STM32F4xx_HAL_Driver/Src/stm32f4xx_hal_cortex.o
                0x00000000080041ba                HAL_NVIC_SetPriority
 .text.HAL_NVIC_EnableIRQ
                0x00000000080041f2       0x1c ./Drivers/STM32F4xx_HAL_Driver/Src/stm32f4xx_hal_cortex.o
                0x00000000080041f2                HAL_NVIC_EnableIRQ
 .text.HAL_SYSTICK_Config
                0x000000000800420e       0x18 ./Drivers/STM32F4xx_HAL_Driver/Src/stm32f4xx_hal_cortex.o
                0x000000000800420e                HAL_SYSTICK_Config
 *fill*         0x0000000008004226        0x2 
 .text.HAL_FLASH_Program
                0x0000000008004228       0xa8 ./Drivers/STM32F4xx_HAL_Driver/Src/stm32f4xx_hal_flash.o
                0x0000000008004228                HAL_FLASH_Program
 .text.HAL_FLASH_Unlock
                0x00000000080042d0       0x44 ./Drivers/STM32F4xx_HAL_Driver/Src/stm32f4xx_hal_flash.o
                0x00000000080042d0                HAL_FLASH_Unlock
 .text.HAL_FLASH_Lock
                0x0000000008004314       0x20 ./Drivers/STM32F4xx_HAL_Driver/Src/stm32f4xx_hal_flash.o
                0x0000000008004314                HAL_FLASH_Lock
 .text.FLASH_WaitForLastOperation
                0x0000000008004334       0x80 ./Drivers/STM32F4xx_HAL_Driver/Src/stm32f4xx_hal_flash.o
                0x0000000008004334                FLASH_WaitForLastOperation
 .text.FLASH_Program_DoubleWord
                0x00000000080043b4       0x64 ./Drivers/STM32F4xx_HAL_Driver/Src/stm32f4xx_hal_flash.o
 .text.FLASH_Program_Word
                0x0000000008004418       0x44 ./Drivers/STM32F4xx_HAL_Driver/Src/stm32f4xx_hal_flash.o
 .text.FLASH_Program_HalfWord
                0x000000000800445c       0x48 ./Drivers/STM32F4xx_HAL_Driver/Src/stm32f4xx_hal_flash.o
 .text.FLASH_Program_Byte
                0x00000000080044a4       0x44 ./Drivers/STM32F4xx_HAL_Driver/Src/stm32f4xx_hal_flash.o
 .text.FLASH_SetErrorCode
                0x00000000080044e8       0xcc ./Drivers/STM32F4xx_HAL_Driver/Src/stm32f4xx_hal_flash.o
 .text.HAL_FLASHEx_Erase
                0x00000000080045b4       0xe0 ./Drivers/STM32F4xx_HAL_Driver/Src/stm32f4xx_hal_flash_ex.o
                0x00000000080045b4                HAL_FLASHEx_Erase
 .text.FLASH_MassErase
                0x0000000008004694       0x48 ./Drivers/STM32F4xx_HAL_Driver/Src/stm32f4xx_hal_flash_ex.o
 .text.FLASH_Erase_Sector
                0x00000000080046dc       0x90 ./Drivers/STM32F4xx_HAL_Driver/Src/stm32f4xx_hal_flash_ex.o
                0x00000000080046dc                FLASH_Erase_Sector
 .text.FLASH_FlushCaches
                0x000000000800476c       0x8c ./Drivers/STM32F4xx_HAL_Driver/Src/stm32f4xx_hal_flash_ex.o
                0x000000000800476c                FLASH_FlushCaches
 .text.HAL_GPIO_Init
                0x00000000080047f8      0x308 ./Drivers/STM32F4xx_HAL_Driver/Src/stm32f4xx_hal_gpio.o
                0x00000000080047f8                HAL_GPIO_Init
 .text.HAL_GPIO_ReadPin
                0x0000000008004b00       0x30 ./Drivers/STM32F4xx_HAL_Driver/Src/stm32f4xx_hal_gpio.o
                0x0000000008004b00                HAL_GPIO_ReadPin
 .text.HAL_GPIO_WritePin
                0x0000000008004b30       0x32 ./Drivers/STM32F4xx_HAL_Driver/Src/stm32f4xx_hal_gpio.o
                0x0000000008004b30                HAL_GPIO_WritePin
 *fill*         0x0000000008004b62        0x2 
 .text.HAL_I2C_Init
                0x0000000008004b64      0x288 ./Drivers/STM32F4xx_HAL_Driver/Src/stm32f4xx_hal_i2c.o
                0x0000000008004b64                HAL_I2C_Init
 .text.HAL_I2C_Master_Transmit
                0x0000000008004dec      0x1fc ./Drivers/STM32F4xx_HAL_Driver/Src/stm32f4xx_hal_i2c.o
                0x0000000008004dec                HAL_I2C_Master_Transmit
 .text.I2C_MasterRequestWrite
                0x0000000008004fe8      0x104 ./Drivers/STM32F4xx_HAL_Driver/Src/stm32f4xx_hal_i2c.o
 .text.I2C_WaitOnFlagUntilTimeout
                0x00000000080050ec       0xae ./Drivers/STM32F4xx_HAL_Driver/Src/stm32f4xx_hal_i2c.o
 .text.I2C_WaitOnMasterAddressFlagUntilTimeout
                0x000000000800519a       0xfe ./Drivers/STM32F4xx_HAL_Driver/Src/stm32f4xx_hal_i2c.o
 .text.I2C_WaitOnTXEFlagUntilTimeout
                0x0000000008005298       0x82 ./Drivers/STM32F4xx_HAL_Driver/Src/stm32f4xx_hal_i2c.o
 .text.I2C_WaitOnBTFFlagUntilTimeout
                0x000000000800531a       0x82 ./Drivers/STM32F4xx_HAL_Driver/Src/stm32f4xx_hal_i2c.o
 .text.I2C_IsAcknowledgeFailed
                0x000000000800539c       0x5e ./Drivers/STM32F4xx_HAL_Driver/Src/stm32f4xx_hal_i2c.o
 *fill*         0x00000000080053fa        0x2 
 .text.HAL_RCC_OscConfig
                0x00000000080053fc      0x4f0 ./Drivers/STM32F4xx_HAL_Driver/Src/stm32f4xx_hal_rcc.o
                0x00000000080053fc                HAL_RCC_OscConfig
 .text.HAL_RCC_ClockConfig
                0x00000000080058ec      0x1cc ./Drivers/STM32F4xx_HAL_Driver/Src/stm32f4xx_hal_rcc.o
                0x00000000080058ec                HAL_RCC_ClockConfig
 .text.HAL_RCC_GetSysClockFreq
                0x0000000008005ab8      0x18c ./Drivers/STM32F4xx_HAL_Driver/Src/stm32f4xx_hal_rcc.o
                0x0000000008005ab8                HAL_RCC_GetSysClockFreq
 .text.HAL_RCC_GetHCLKFreq
                0x0000000008005c44       0x18 ./Drivers/STM32F4xx_HAL_Driver/Src/stm32f4xx_hal_rcc.o
                0x0000000008005c44                HAL_RCC_GetHCLKFreq
 .text.HAL_RCC_GetPCLK1Freq
                0x0000000008005c5c       0x28 ./Drivers/STM32F4xx_HAL_Driver/Src/stm32f4xx_hal_rcc.o
                0x0000000008005c5c                HAL_RCC_GetPCLK1Freq
 .text.HAL_TIM_Base_Init
                0x0000000008005c84       0x9e ./Drivers/STM32F4xx_HAL_Driver/Src/stm32f4xx_hal_tim.o
                0x0000000008005c84                HAL_TIM_Base_Init
 *fill*         0x0000000008005d22        0x2 
 .text.HAL_TIM_Base_Start_IT
                0x0000000008005d24       0xc4 ./Drivers/STM32F4xx_HAL_Driver/Src/stm32f4xx_hal_tim.o
                0x0000000008005d24                HAL_TIM_Base_Start_IT
 .text.HAL_TIM_PWM_Init
                0x0000000008005de8       0x9e ./Drivers/STM32F4xx_HAL_Driver/Src/stm32f4xx_hal_tim.o
                0x0000000008005de8                HAL_TIM_PWM_Init
 .text.HAL_TIM_PWM_MspInit
                0x0000000008005e86       0x14 ./Drivers/STM32F4xx_HAL_Driver/Src/stm32f4xx_hal_tim.o
                0x0000000008005e86                HAL_TIM_PWM_MspInit
 *fill*         0x0000000008005e9a        0x2 
 .text.HAL_TIM_PWM_Start
                0x0000000008005e9c      0x160 ./Drivers/STM32F4xx_HAL_Driver/Src/stm32f4xx_hal_tim.o
                0x0000000008005e9c                HAL_TIM_PWM_Start
 .text.HAL_TIM_PWM_Stop
                0x0000000008005ffc       0xc8 ./Drivers/STM32F4xx_HAL_Driver/Src/stm32f4xx_hal_tim.o
                0x0000000008005ffc                HAL_TIM_PWM_Stop
 .text.HAL_TIM_Encoder_Init
                0x00000000080060c4      0x14c ./Drivers/STM32F4xx_HAL_Driver/Src/stm32f4xx_hal_tim.o
                0x00000000080060c4                HAL_TIM_Encoder_Init
 .text.HAL_TIM_Encoder_Start_IT
                0x0000000008006210      0x15c ./Drivers/STM32F4xx_HAL_Driver/Src/stm32f4xx_hal_tim.o
                0x0000000008006210                HAL_TIM_Encoder_Start_IT
 .text.HAL_TIM_IRQHandler
                0x000000000800636c      0x210 ./Drivers/STM32F4xx_HAL_Driver/Src/stm32f4xx_hal_tim.o
                0x000000000800636c                HAL_TIM_IRQHandler
 .text.HAL_TIM_PWM_ConfigChannel
                0x000000000800657c      0x184 ./Drivers/STM32F4xx_HAL_Driver/Src/stm32f4xx_hal_tim.o
                0x000000000800657c                HAL_TIM_PWM_ConfigChannel
 .text.HAL_TIM_ConfigClockSource
                0x0000000008006700      0x18e ./Drivers/STM32F4xx_HAL_Driver/Src/stm32f4xx_hal_tim.o
                0x0000000008006700                HAL_TIM_ConfigClockSource
 .text.HAL_TIM_OC_DelayElapsedCallback
                0x000000000800688e       0x14 ./Drivers/STM32F4xx_HAL_Driver/Src/stm32f4xx_hal_tim.o
                0x000000000800688e                HAL_TIM_OC_DelayElapsedCallback
 .text.HAL_TIM_IC_CaptureCallback
                0x00000000080068a2       0x14 ./Drivers/STM32F4xx_HAL_Driver/Src/stm32f4xx_hal_tim.o
                0x00000000080068a2                HAL_TIM_IC_CaptureCallback
 .text.HAL_TIM_PWM_PulseFinishedCallback
                0x00000000080068b6       0x14 ./Drivers/STM32F4xx_HAL_Driver/Src/stm32f4xx_hal_tim.o
                0x00000000080068b6                HAL_TIM_PWM_PulseFinishedCallback
 .text.HAL_TIM_TriggerCallback
                0x00000000080068ca       0x14 ./Drivers/STM32F4xx_HAL_Driver/Src/stm32f4xx_hal_tim.o
                0x00000000080068ca                HAL_TIM_TriggerCallback
 *fill*         0x00000000080068de        0x2 
 .text.TIM_Base_SetConfig
                0x00000000080068e0      0x100 ./Drivers/STM32F4xx_HAL_Driver/Src/stm32f4xx_hal_tim.o
                0x00000000080068e0                TIM_Base_SetConfig
 .text.TIM_OC1_SetConfig
                0x00000000080069e0       0xcc ./Drivers/STM32F4xx_HAL_Driver/Src/stm32f4xx_hal_tim.o
 .text.TIM_OC2_SetConfig
                0x0000000008006aac       0xd8 ./Drivers/STM32F4xx_HAL_Driver/Src/stm32f4xx_hal_tim.o
                0x0000000008006aac                TIM_OC2_SetConfig
 .text.TIM_OC3_SetConfig
                0x0000000008006b84       0xd4 ./Drivers/STM32F4xx_HAL_Driver/Src/stm32f4xx_hal_tim.o
 .text.TIM_OC4_SetConfig
                0x0000000008006c58       0xa0 ./Drivers/STM32F4xx_HAL_Driver/Src/stm32f4xx_hal_tim.o
 .text.TIM_TI1_ConfigInputStage
                0x0000000008006cf8       0x5e ./Drivers/STM32F4xx_HAL_Driver/Src/stm32f4xx_hal_tim.o
 .text.TIM_TI2_ConfigInputStage
                0x0000000008006d56       0x60 ./Drivers/STM32F4xx_HAL_Driver/Src/stm32f4xx_hal_tim.o
 .text.TIM_ITRx_SetConfig
                0x0000000008006db6       0x36 ./Drivers/STM32F4xx_HAL_Driver/Src/stm32f4xx_hal_tim.o
 .text.TIM_ETR_SetConfig
                0x0000000008006dec       0x40 ./Drivers/STM32F4xx_HAL_Driver/Src/stm32f4xx_hal_tim.o
                0x0000000008006dec                TIM_ETR_SetConfig
 .text.TIM_CCxChannelCmd
                0x0000000008006e2c       0x4a ./Drivers/STM32F4xx_HAL_Driver/Src/stm32f4xx_hal_tim.o
                0x0000000008006e2c                TIM_CCxChannelCmd
 *fill*         0x0000000008006e76        0x2 
 .text.HAL_TIMEx_MasterConfigSynchronization
                0x0000000008006e78       0xdc ./Drivers/STM32F4xx_HAL_Driver/Src/stm32f4xx_hal_tim_ex.o
                0x0000000008006e78                HAL_TIMEx_MasterConfigSynchronization
 .text.HAL_TIMEx_CommutCallback
                0x0000000008006f54       0x14 ./Drivers/STM32F4xx_HAL_Driver/Src/stm32f4xx_hal_tim_ex.o
                0x0000000008006f54                HAL_TIMEx_CommutCallback
 .text.HAL_TIMEx_BreakCallback
                0x0000000008006f68       0x14 ./Drivers/STM32F4xx_HAL_Driver/Src/stm32f4xx_hal_tim_ex.o
                0x0000000008006f68                HAL_TIMEx_BreakCallback
 .text.__errno  0x0000000008006f7c        0xc c:/st/stm32cubeide_1.3.0/stm32cubeide/plugins/com.st.stm32cube.ide.mcu.externaltools.gnu-tools-for-stm32.10.3-2021.10.win32_1.0.0.202111181127/tools/bin/../lib/gcc/arm-none-eabi/10.3.1/../../../../arm-none-eabi/lib/thumb/v7e-m+fp/hard\libc_nano.a(lib_a-errno.o)
                0x0000000008006f7c                __errno
 .text.__libc_init_array
                0x0000000008006f88       0x48 c:/st/stm32cubeide_1.3.0/stm32cubeide/plugins/com.st.stm32cube.ide.mcu.externaltools.gnu-tools-for-stm32.10.3-2021.10.win32_1.0.0.202111181127/tools/bin/../lib/gcc/arm-none-eabi/10.3.1/../../../../arm-none-eabi/lib/thumb/v7e-m+fp/hard\libc_nano.a(lib_a-init.o)
                0x0000000008006f88                __libc_init_array
 .text.memcpy   0x0000000008006fd0       0x1c c:/st/stm32cubeide_1.3.0/stm32cubeide/plugins/com.st.stm32cube.ide.mcu.externaltools.gnu-tools-for-stm32.10.3-2021.10.win32_1.0.0.202111181127/tools/bin/../lib/gcc/arm-none-eabi/10.3.1/../../../../arm-none-eabi/lib/thumb/v7e-m+fp/hard\libc_nano.a(lib_a-memcpy-stub.o)
                0x0000000008006fd0                memcpy
 .text.memset   0x0000000008006fec       0x10 c:/st/stm32cubeide_1.3.0/stm32cubeide/plugins/com.st.stm32cube.ide.mcu.externaltools.gnu-tools-for-stm32.10.3-2021.10.win32_1.0.0.202111181127/tools/bin/../lib/gcc/arm-none-eabi/10.3.1/../../../../arm-none-eabi/lib/thumb/v7e-m+fp/hard\libc_nano.a(lib_a-memset.o)
                0x0000000008006fec                memset
 .text.sprintf  0x0000000008006ffc       0x40 c:/st/stm32cubeide_1.3.0/stm32cubeide/plugins/com.st.stm32cube.ide.mcu.externaltools.gnu-tools-for-stm32.10.3-2021.10.win32_1.0.0.202111181127/tools/bin/../lib/gcc/arm-none-eabi/10.3.1/../../../../arm-none-eabi/lib/thumb/v7e-m+fp/hard\libc_nano.a(lib_a-sprintf.o)
                0x0000000008006ffc                siprintf
                0x0000000008006ffc                sprintf
 .text.__ssputs_r
                0x000000000800703c       0xb6 c:/st/stm32cubeide_1.3.0/stm32cubeide/plugins/com.st.stm32cube.ide.mcu.externaltools.gnu-tools-for-stm32.10.3-2021.10.win32_1.0.0.202111181127/tools/bin/../lib/gcc/arm-none-eabi/10.3.1/../../../../arm-none-eabi/lib/thumb/v7e-m+fp/hard\libc_nano.a(lib_a-nano-svfprintf.o)
                0x000000000800703c                __ssputs_r
 *fill*         0x00000000080070f2        0x2 
 .text._svfprintf_r
                0x00000000080070f4      0x200 c:/st/stm32cubeide_1.3.0/stm32cubeide/plugins/com.st.stm32cube.ide.mcu.externaltools.gnu-tools-for-stm32.10.3-2021.10.win32_1.0.0.202111181127/tools/bin/../lib/gcc/arm-none-eabi/10.3.1/../../../../arm-none-eabi/lib/thumb/v7e-m+fp/hard\libc_nano.a(lib_a-nano-svfprintf.o)
                0x00000000080070f4                _svfiprintf_r
                0x00000000080070f4                _svfprintf_r
 .text._printf_common
                0x00000000080072f4       0xda c:/st/stm32cubeide_1.3.0/stm32cubeide/plugins/com.st.stm32cube.ide.mcu.externaltools.gnu-tools-for-stm32.10.3-2021.10.win32_1.0.0.202111181127/tools/bin/../lib/gcc/arm-none-eabi/10.3.1/../../../../arm-none-eabi/lib/thumb/v7e-m+fp/hard\libc_nano.a(lib_a-nano-vfprintf_i.o)
                0x00000000080072f4                _printf_common
 *fill*         0x00000000080073ce        0x2 
 .text._printf_i
                0x00000000080073d0      0x24c c:/st/stm32cubeide_1.3.0/stm32cubeide/plugins/com.st.stm32cube.ide.mcu.externaltools.gnu-tools-for-stm32.10.3-2021.10.win32_1.0.0.202111181127/tools/bin/../lib/gcc/arm-none-eabi/10.3.1/../../../../arm-none-eabi/lib/thumb/v7e-m+fp/hard\libc_nano.a(lib_a-nano-vfprintf_i.o)
                0x00000000080073d0                _printf_i
 .text.memmove  0x000000000800761c       0x34 c:/st/stm32cubeide_1.3.0/stm32cubeide/plugins/com.st.stm32cube.ide.mcu.externaltools.gnu-tools-for-stm32.10.3-2021.10.win32_1.0.0.202111181127/tools/bin/../lib/gcc/arm-none-eabi/10.3.1/../../../../arm-none-eabi/lib/thumb/v7e-m+fp/hard\libc_nano.a(lib_a-memmove.o)
                0x000000000800761c                memmove
 .text._free_r  0x0000000008007650       0x98 c:/st/stm32cubeide_1.3.0/stm32cubeide/plugins/com.st.stm32cube.ide.mcu.externaltools.gnu-tools-for-stm32.10.3-2021.10.win32_1.0.0.202111181127/tools/bin/../lib/gcc/arm-none-eabi/10.3.1/../../../../arm-none-eabi/lib/thumb/v7e-m+fp/hard\libc_nano.a(lib_a-nano-freer.o)
                0x0000000008007650                _free_r
 .text.sbrk_aligned
                0x00000000080076e8       0x40 c:/st/stm32cubeide_1.3.0/stm32cubeide/plugins/com.st.stm32cube.ide.mcu.externaltools.gnu-tools-for-stm32.10.3-2021.10.win32_1.0.0.202111181127/tools/bin/../lib/gcc/arm-none-eabi/10.3.1/../../../../arm-none-eabi/lib/thumb/v7e-m+fp/hard\libc_nano.a(lib_a-nano-mallocr.o)
 .text._malloc_r
                0x0000000008007728       0xe8 c:/st/stm32cubeide_1.3.0/stm32cubeide/plugins/com.st.stm32cube.ide.mcu.externaltools.gnu-tools-for-stm32.10.3-2021.10.win32_1.0.0.202111181127/tools/bin/../lib/gcc/arm-none-eabi/10.3.1/../../../../arm-none-eabi/lib/thumb/v7e-m+fp/hard\libc_nano.a(lib_a-nano-mallocr.o)
                0x0000000008007728                _malloc_r
 .text._realloc_r
                0x0000000008007810       0x5e c:/st/stm32cubeide_1.3.0/stm32cubeide/plugins/com.st.stm32cube.ide.mcu.externaltools.gnu-tools-for-stm32.10.3-2021.10.win32_1.0.0.202111181127/tools/bin/../lib/gcc/arm-none-eabi/10.3.1/../../../../arm-none-eabi/lib/thumb/v7e-m+fp/hard\libc_nano.a(lib_a-nano-reallocr.o)
                0x0000000008007810                _realloc_r
 *fill*         0x000000000800786e        0x2 
 .text._sbrk_r  0x0000000008007870       0x20 c:/st/stm32cubeide_1.3.0/stm32cubeide/plugins/com.st.stm32cube.ide.mcu.externaltools.gnu-tools-for-stm32.10.3-2021.10.win32_1.0.0.202111181127/tools/bin/../lib/gcc/arm-none-eabi/10.3.1/../../../../arm-none-eabi/lib/thumb/v7e-m+fp/hard\libc_nano.a(lib_a-sbrkr.o)
                0x0000000008007870                _sbrk_r
 .text.__malloc_lock
                0x0000000008007890        0xc c:/st/stm32cubeide_1.3.0/stm32cubeide/plugins/com.st.stm32cube.ide.mcu.externaltools.gnu-tools-for-stm32.10.3-2021.10.win32_1.0.0.202111181127/tools/bin/../lib/gcc/arm-none-eabi/10.3.1/../../../../arm-none-eabi/lib/thumb/v7e-m+fp/hard\libc_nano.a(lib_a-mlock.o)
                0x0000000008007890                __malloc_lock
 .text.__malloc_unlock
                0x000000000800789c        0xc c:/st/stm32cubeide_1.3.0/stm32cubeide/plugins/com.st.stm32cube.ide.mcu.externaltools.gnu-tools-for-stm32.10.3-2021.10.win32_1.0.0.202111181127/tools/bin/../lib/gcc/arm-none-eabi/10.3.1/../../../../arm-none-eabi/lib/thumb/v7e-m+fp/hard\libc_nano.a(lib_a-mlock.o)
                0x000000000800789c                __malloc_unlock
 .text._malloc_usable_size_r
                0x00000000080078a8       0x10 c:/st/stm32cubeide_1.3.0/stm32cubeide/plugins/com.st.stm32cube.ide.mcu.externaltools.gnu-tools-for-stm32.10.3-2021.10.win32_1.0.0.202111181127/tools/bin/../lib/gcc/arm-none-eabi/10.3.1/../../../../arm-none-eabi/lib/thumb/v7e-m+fp/hard\libc_nano.a(lib_a-nano-msizer.o)
                0x00000000080078a8                _malloc_usable_size_r
 .text.__retarget_lock_acquire_recursive
                0x00000000080078b8        0x2 c:/st/stm32cubeide_1.3.0/stm32cubeide/plugins/com.st.stm32cube.ide.mcu.externaltools.gnu-tools-for-stm32.10.3-2021.10.win32_1.0.0.202111181127/tools/bin/../lib/gcc/arm-none-eabi/10.3.1/../../../../arm-none-eabi/lib/thumb/v7e-m+fp/hard\libc_nano.a(lib_a-lock.o)
                0x00000000080078b8                __retarget_lock_acquire_recursive
 .text.__retarget_lock_release_recursive
                0x00000000080078ba        0x2 c:/st/stm32cubeide_1.3.0/stm32cubeide/plugins/com.st.stm32cube.ide.mcu.externaltools.gnu-tools-for-stm32.10.3-2021.10.win32_1.0.0.202111181127/tools/bin/../lib/gcc/arm-none-eabi/10.3.1/../../../../arm-none-eabi/lib/thumb/v7e-m+fp/hard\libc_nano.a(lib_a-lock.o)
                0x00000000080078ba                __retarget_lock_release_recursive
 *(.glue_7)
 .glue_7        0x00000000080078bc        0x0 linker stubs
 *(.glue_7t)
 .glue_7t       0x00000000080078bc        0x0 linker stubs
 *(.eh_frame)
 .eh_frame      0x00000000080078bc        0x0 c:/st/stm32cubeide_1.3.0/stm32cubeide/plugins/com.st.stm32cube.ide.mcu.externaltools.gnu-tools-for-stm32.10.3-2021.10.win32_1.0.0.202111181127/tools/bin/../lib/gcc/arm-none-eabi/10.3.1/thumb/v7e-m+fp/hard/crtbegin.o
 *(.init)
 .init          0x00000000080078bc        0x4 c:/st/stm32cubeide_1.3.0/stm32cubeide/plugins/com.st.stm32cube.ide.mcu.externaltools.gnu-tools-for-stm32.10.3-2021.10.win32_1.0.0.202111181127/tools/bin/../lib/gcc/arm-none-eabi/10.3.1/thumb/v7e-m+fp/hard/crti.o
                0x00000000080078bc                _init
 .init          0x00000000080078c0        0x8 c:/st/stm32cubeide_1.3.0/stm32cubeide/plugins/com.st.stm32cube.ide.mcu.externaltools.gnu-tools-for-stm32.10.3-2021.10.win32_1.0.0.202111181127/tools/bin/../lib/gcc/arm-none-eabi/10.3.1/thumb/v7e-m+fp/hard/crtn.o
 *(.fini)
 .fini          0x00000000080078c8        0x4 c:/st/stm32cubeide_1.3.0/stm32cubeide/plugins/com.st.stm32cube.ide.mcu.externaltools.gnu-tools-for-stm32.10.3-2021.10.win32_1.0.0.202111181127/tools/bin/../lib/gcc/arm-none-eabi/10.3.1/thumb/v7e-m+fp/hard/crti.o
                0x00000000080078c8                _fini
 .fini          0x00000000080078cc        0x8 c:/st/stm32cubeide_1.3.0/stm32cubeide/plugins/com.st.stm32cube.ide.mcu.externaltools.gnu-tools-for-stm32.10.3-2021.10.win32_1.0.0.202111181127/tools/bin/../lib/gcc/arm-none-eabi/10.3.1/thumb/v7e-m+fp/hard/crtn.o
                0x00000000080078d4                . = ALIGN (0x4)
                0x00000000080078d4                _etext = .

.vfp11_veneer   0x00000000080078d4        0x0
 .vfp11_veneer  0x00000000080078d4        0x0 linker stubs

.v4_bx          0x00000000080078d4        0x0
 .v4_bx         0x00000000080078d4        0x0 linker stubs

.iplt           0x00000000080078d4        0x0
 .iplt          0x00000000080078d4        0x0 c:/st/stm32cubeide_1.3.0/stm32cubeide/plugins/com.st.stm32cube.ide.mcu.externaltools.gnu-tools-for-stm32.10.3-2021.10.win32_1.0.0.202111181127/tools/bin/../lib/gcc/arm-none-eabi/10.3.1/thumb/v7e-m+fp/hard/crtbegin.o

.rodata         0x00000000080078d4      0x27c
                0x00000000080078d4                . = ALIGN (0x4)
 *(.rodata)
 .rodata        0x00000000080078d4      0x230 ./Core/Src/main.o
 *(.rodata*)
 .rodata.AHBPrescTable
                0x0000000008007b04       0x10 ./Core/Src/system_stm32f4xx.o
                0x0000000008007b04                AHBPrescTable
 .rodata.APBPrescTable
                0x0000000008007b14        0x8 ./Core/Src/system_stm32f4xx.o
                0x0000000008007b14                APBPrescTable
 .rodata._svfprintf_r.str1.1
                0x0000000008007b1c       0x11 c:/st/stm32cubeide_1.3.0/stm32cubeide/plugins/com.st.stm32cube.ide.mcu.externaltools.gnu-tools-for-stm32.10.3-2021.10.win32_1.0.0.202111181127/tools/bin/../lib/gcc/arm-none-eabi/10.3.1/../../../../arm-none-eabi/lib/thumb/v7e-m+fp/hard\libc_nano.a(lib_a-nano-svfprintf.o)
 .rodata._printf_i.str1.1
                0x0000000008007b2d       0x22 c:/st/stm32cubeide_1.3.0/stm32cubeide/plugins/com.st.stm32cube.ide.mcu.externaltools.gnu-tools-for-stm32.10.3-2021.10.win32_1.0.0.202111181127/tools/bin/../lib/gcc/arm-none-eabi/10.3.1/../../../../arm-none-eabi/lib/thumb/v7e-m+fp/hard\libc_nano.a(lib_a-nano-vfprintf_i.o)
                0x0000000008007b50                . = ALIGN (0x4)
 *fill*         0x0000000008007b4f        0x1 

.ARM.extab      0x0000000008007b50        0x0
                0x0000000008007b50                . = ALIGN (0x4)
 *(.ARM.extab* .gnu.linkonce.armextab.*)
                0x0000000008007b50                . = ALIGN (0x4)

.ARM            0x0000000008007b50        0x8
                0x0000000008007b50                . = ALIGN (0x4)
                0x0000000008007b50                __exidx_start = .
 *(.ARM.exidx*)
 .ARM.exidx     0x0000000008007b50        0x8 c:/st/stm32cubeide_1.3.0/stm32cubeide/plugins/com.st.stm32cube.ide.mcu.externaltools.gnu-tools-for-stm32.10.3-2021.10.win32_1.0.0.202111181127/tools/bin/../lib/gcc/arm-none-eabi/10.3.1/thumb/v7e-m+fp/hard\libgcc.a(_udivmoddi4.o)
                0x0000000008007b58                __exidx_end = .
                0x0000000008007b58                . = ALIGN (0x4)

.rel.dyn        0x0000000008007b58        0x0
 .rel.iplt      0x0000000008007b58        0x0 c:/st/stm32cubeide_1.3.0/stm32cubeide/plugins/com.st.stm32cube.ide.mcu.externaltools.gnu-tools-for-stm32.10.3-2021.10.win32_1.0.0.202111181127/tools/bin/../lib/gcc/arm-none-eabi/10.3.1/thumb/v7e-m+fp/hard/crtbegin.o

.preinit_array  0x0000000008007b58        0x0
                0x0000000008007b58                . = ALIGN (0x4)
                0x0000000008007b58                PROVIDE (__preinit_array_start = .)
 *(.preinit_array*)
                0x0000000008007b58                PROVIDE (__preinit_array_end = .)
                0x0000000008007b58                . = ALIGN (0x4)

.init_array     0x0000000008007b58        0x4
                0x0000000008007b58                . = ALIGN (0x4)
                0x0000000008007b58                PROVIDE (__init_array_start = .)
 *(SORT_BY_NAME(.init_array.*))
 *(.init_array*)
 .init_array    0x0000000008007b58        0x4 c:/st/stm32cubeide_1.3.0/stm32cubeide/plugins/com.st.stm32cube.ide.mcu.externaltools.gnu-tools-for-stm32.10.3-2021.10.win32_1.0.0.202111181127/tools/bin/../lib/gcc/arm-none-eabi/10.3.1/thumb/v7e-m+fp/hard/crtbegin.o
                0x0000000008007b5c                PROVIDE (__init_array_end = .)
                0x0000000008007b5c                . = ALIGN (0x4)

.fini_array     0x0000000008007b5c        0x4
                0x0000000008007b5c                . = ALIGN (0x4)
                [!provide]                        PROVIDE (__fini_array_start = .)
 *(SORT_BY_NAME(.fini_array.*))
 *(.fini_array*)
 .fini_array    0x0000000008007b5c        0x4 c:/st/stm32cubeide_1.3.0/stm32cubeide/plugins/com.st.stm32cube.ide.mcu.externaltools.gnu-tools-for-stm32.10.3-2021.10.win32_1.0.0.202111181127/tools/bin/../lib/gcc/arm-none-eabi/10.3.1/thumb/v7e-m+fp/hard/crtbegin.o
                [!provide]                        PROVIDE (__fini_array_end = .)
                0x0000000008007b60                . = ALIGN (0x4)
                0x0000000008007b60                _sidata = LOADADDR (.data)

.data           0x0000000020000000       0x80 load address 0x0000000008007b60
                0x0000000020000000                . = ALIGN (0x4)
                0x0000000020000000                _sdata = .
 *(.data)
 *(.data*)
 .data.current_encoder_value
                0x0000000020000000        0x4 ./Core/Src/main.o
                0x0000000020000000                current_encoder_value
 .data.old_encoder_value
                0x0000000020000004        0x4 ./Core/Src/main.o
                0x0000000020000004                old_encoder_value
 .data.target_feedrate
                0x0000000020000008        0x2 ./Core/Src/main.o
                0x0000000020000008                target_feedrate
 .data.display_feedrate
                0x000000002000000a        0x2 ./Core/Src/main.o
                0x000000002000000a                display_feedrate
 .data.old_value.8
                0x000000002000000c        0x4 ./Core/Src/main.o
 .data.SystemCoreClock
                0x0000000020000010        0x4 ./Core/Src/system_stm32f4xx.o
                0x0000000020000010                SystemCoreClock
 .data.uwTickPrio
                0x0000000020000014        0x4 ./Drivers/STM32F4xx_HAL_Driver/Src/stm32f4xx_hal.o
                0x0000000020000014                uwTickPrio
 .data.uwTickFreq
                0x0000000020000018        0x1 ./Drivers/STM32F4xx_HAL_Driver/Src/stm32f4xx_hal.o
                0x0000000020000018                uwTickFreq
 *fill*         0x0000000020000019        0x3 
 .data._impure_ptr
                0x000000002000001c        0x4 c:/st/stm32cubeide_1.3.0/stm32cubeide/plugins/com.st.stm32cube.ide.mcu.externaltools.gnu-tools-for-stm32.10.3-2021.10.win32_1.0.0.202111181127/tools/bin/../lib/gcc/arm-none-eabi/10.3.1/../../../../arm-none-eabi/lib/thumb/v7e-m+fp/hard\libc_nano.a(lib_a-impure.o)
                0x000000002000001c                _impure_ptr
 .data.impure_data
                0x0000000020000020       0x60 c:/st/stm32cubeide_1.3.0/stm32cubeide/plugins/com.st.stm32cube.ide.mcu.externaltools.gnu-tools-for-stm32.10.3-2021.10.win32_1.0.0.202111181127/tools/bin/../lib/gcc/arm-none-eabi/10.3.1/../../../../arm-none-eabi/lib/thumb/v7e-m+fp/hard\libc_nano.a(lib_a-impure.o)
 *(.RamFunc)
 *(.RamFunc*)
                0x0000000020000080                . = ALIGN (0x4)
                0x0000000020000080                _edata = .

.igot.plt       0x0000000020000080        0x0 load address 0x0000000008007be0
 .igot.plt      0x0000000020000080        0x0 c:/st/stm32cubeide_1.3.0/stm32cubeide/plugins/com.st.stm32cube.ide.mcu.externaltools.gnu-tools-for-stm32.10.3-2021.10.win32_1.0.0.202111181127/tools/bin/../lib/gcc/arm-none-eabi/10.3.1/thumb/v7e-m+fp/hard/crtbegin.o
                0x0000000020000080                . = ALIGN (0x4)

.bss            0x0000000020000080      0x68c load address 0x0000000008007be0
                0x0000000020000080                _sbss = .
                0x0000000020000080                __bss_start__ = _sbss
 *(.bss)
 .bss           0x0000000020000080       0x1c c:/st/stm32cubeide_1.3.0/stm32cubeide/plugins/com.st.stm32cube.ide.mcu.externaltools.gnu-tools-for-stm32.10.3-2021.10.win32_1.0.0.202111181127/tools/bin/../lib/gcc/arm-none-eabi/10.3.1/thumb/v7e-m+fp/hard/crtbegin.o
 *(.bss*)
 .bss._addr     0x000000002000009c        0x1 ./Core/Src/STM32_I2C_Display.o
                0x000000002000009c                _addr
 .bss._displayfunction
                0x000000002000009d        0x1 ./Core/Src/STM32_I2C_Display.o
                0x000000002000009d                _displayfunction
 .bss._displaycontrol
                0x000000002000009e        0x1 ./Core/Src/STM32_I2C_Display.o
                0x000000002000009e                _displaycontrol
 .bss._displaymode
                0x000000002000009f        0x1 ./Core/Src/STM32_I2C_Display.o
                0x000000002000009f                _displaymode
 .bss._cols     0x00000000200000a0        0x1 ./Core/Src/STM32_I2C_Display.o
                0x00000000200000a0                _cols
 .bss._rows     0x00000000200000a1        0x1 ./Core/Src/STM32_I2C_Display.o
                0x00000000200000a1                _rows
 .bss._charsize
                0x00000000200000a2        0x1 ./Core/Src/STM32_I2C_Display.o
                0x00000000200000a2                _charsize
 .bss._backlightval
                0x00000000200000a3        0x1 ./Core/Src/STM32_I2C_Display.o
                0x00000000200000a3                _backlightval
 .bss._row_offsets
                0x00000000200000a4        0x4 ./Core/Src/STM32_I2C_Display.o
                0x00000000200000a4                _row_offsets
 .bss.ee_ram    0x00000000200000a8      0x400 ./Core/Src/ee.o
                0x00000000200000a8                ee_ram
 .bss.hi2c1     0x00000000200004a8       0x54 ./Core/Src/main.o
                0x00000000200004a8                hi2c1
 .bss.htim1     0x00000000200004fc       0x48 ./Core/Src/main.o
                0x00000000200004fc                htim1
 .bss.htim2     0x0000000020000544       0x48 ./Core/Src/main.o
                0x0000000020000544                htim2
 .bss.htim9     0x000000002000058c       0x48 ./Core/Src/main.o
                0x000000002000058c                htim9
 .bss.htim10    0x00000000200005d4       0x48 ./Core/Src/main.o
                0x00000000200005d4                htim10
 .bss.htim11    0x000000002000061c       0x48 ./Core/Src/main.o
                0x000000002000061c                htim11
 .bss.state     0x0000000020000664        0x2 ./Core/Src/main.o
                0x0000000020000664                state
 .bss.previous_state
                0x0000000020000666        0x2 ./Core/Src/main.o
                0x0000000020000666                previous_state
 .bss.configuration_status
                0x0000000020000668        0x2 ./Core/Src/main.o
                0x0000000020000668                configuration_status
 .bss.step_mode
                0x000000002000066a        0x2 ./Core/Src/main.o
                0x000000002000066a                step_mode
 .bss.parameter
                0x000000002000066c       0x16 ./Core/Src/main.o
                0x000000002000066c                parameter
 *fill*         0x0000000020000682        0x2 
 .bss.default_parameter
                0x0000000020000684       0x16 ./Core/Src/main.o
                0x0000000020000684                default_parameter
 *fill*         0x000000002000069a        0x2 
 .bss.struct_ptr
                0x000000002000069c        0x4 ./Core/Src/main.o
                0x000000002000069c                struct_ptr
 .bss.default_struct_ptr
                0x00000000200006a0        0x4 ./Core/Src/main.o
                0x00000000200006a0                default_struct_ptr
 .bss.current_feedrate
                0x00000000200006a4        0x2 ./Core/Src/main.o
                0x00000000200006a4                current_feedrate
 .bss.sw_status
                0x00000000200006a6        0x2 ./Core/Src/main.o
                0x00000000200006a6                sw_status
 .bss.encoder_sw_status
                0x00000000200006a8        0x2 ./Core/Src/main.o
                0x00000000200006a8                encoder_sw_status
 .bss.aux_sw_status
                0x00000000200006aa        0x2 ./Core/Src/main.o
                0x00000000200006aa                aux_sw_status
 .bss.delay100ms_counter
                0x00000000200006ac        0x4 ./Core/Src/main.o
                0x00000000200006ac                delay100ms_counter
 .bss.old_delay100ms_counter
                0x00000000200006b0        0x4 ./Core/Src/main.o
                0x00000000200006b0                old_delay100ms_counter
 .bss.save_bool
                0x00000000200006b4        0x2 ./Core/Src/main.o
                0x00000000200006b4                save_bool
 .bss.update_speed
                0x00000000200006b6        0x2 ./Core/Src/main.o
                0x00000000200006b6                update_speed
 .bss.lcd_update
                0x00000000200006b8        0x2 ./Core/Src/main.o
                0x00000000200006b8                lcd_update
 .bss.debouncing_en_sw
                0x00000000200006ba        0x2 ./Core/Src/main.o
                0x00000000200006ba                debouncing_en_sw
 .bss.debouncing_aux_sw
                0x00000000200006bc        0x2 ./Core/Src/main.o
                0x00000000200006bc                debouncing_aux_sw
 .bss.debouncing
                0x00000000200006be        0x2 ./Core/Src/main.o
                0x00000000200006be                debouncing
 .bss.aux_debouncing
                0x00000000200006c0        0x2 ./Core/Src/main.o
                0x00000000200006c0                aux_debouncing
 .bss.diff_feedrate.7
                0x00000000200006c2        0x2 ./Core/Src/main.o
 .bss.prev_target_feedrate.6
                0x00000000200006c4        0x2 ./Core/Src/main.o
 .bss.acc_step_increment.5
                0x00000000200006c6        0x2 ./Core/Src/main.o
 .bss.saved_feedrate.4
                0x00000000200006c8        0x4 ./Core/Src/main.o
 .bss.temp_debouncing.3
                0x00000000200006cc        0x2 ./Core/Src/main.o
 .bss.previous_en_sw_status.2
                0x00000000200006ce        0x2 ./Core/Src/main.o
 .bss.aux_temp_debouncing.1
                0x00000000200006d0        0x2 ./Core/Src/main.o
 .bss.previous_aux_sw_status.0
                0x00000000200006d2        0x2 ./Core/Src/main.o
 .bss.__sbrk_heap_end
                0x00000000200006d4        0x4 ./Core/Src/sysmem.o
 .bss.uwTick    0x00000000200006d8        0x4 ./Drivers/STM32F4xx_HAL_Driver/Src/stm32f4xx_hal.o
                0x00000000200006d8                uwTick
 .bss.pFlash    0x00000000200006dc       0x20 ./Drivers/STM32F4xx_HAL_Driver/Src/stm32f4xx_hal_flash.o
                0x00000000200006dc                pFlash
 .bss.__malloc_free_list
                0x00000000200006fc        0x4 c:/st/stm32cubeide_1.3.0/stm32cubeide/plugins/com.st.stm32cube.ide.mcu.externaltools.gnu-tools-for-stm32.10.3-2021.10.win32_1.0.0.202111181127/tools/bin/../lib/gcc/arm-none-eabi/10.3.1/../../../../arm-none-eabi/lib/thumb/v7e-m+fp/hard\libc_nano.a(lib_a-nano-mallocr.o)
                0x00000000200006fc                __malloc_free_list
 .bss.__malloc_sbrk_start
                0x0000000020000700        0x4 c:/st/stm32cubeide_1.3.0/stm32cubeide/plugins/com.st.stm32cube.ide.mcu.externaltools.gnu-tools-for-stm32.10.3-2021.10.win32_1.0.0.202111181127/tools/bin/../lib/gcc/arm-none-eabi/10.3.1/../../../../arm-none-eabi/lib/thumb/v7e-m+fp/hard\libc_nano.a(lib_a-nano-mallocr.o)
                0x0000000020000700                __malloc_sbrk_start
 .bss.errno     0x0000000020000704        0x4 c:/st/stm32cubeide_1.3.0/stm32cubeide/plugins/com.st.stm32cube.ide.mcu.externaltools.gnu-tools-for-stm32.10.3-2021.10.win32_1.0.0.202111181127/tools/bin/../lib/gcc/arm-none-eabi/10.3.1/../../../../arm-none-eabi/lib/thumb/v7e-m+fp/hard\libc_nano.a(lib_a-reent.o)
                0x0000000020000704                errno
 .bss.__lock___malloc_recursive_mutex
                0x0000000020000708        0x1 c:/st/stm32cubeide_1.3.0/stm32cubeide/plugins/com.st.stm32cube.ide.mcu.externaltools.gnu-tools-for-stm32.10.3-2021.10.win32_1.0.0.202111181127/tools/bin/../lib/gcc/arm-none-eabi/10.3.1/../../../../arm-none-eabi/lib/thumb/v7e-m+fp/hard\libc_nano.a(lib_a-lock.o)
                0x0000000020000708                __lock___malloc_recursive_mutex
 *(COMMON)
                0x000000002000070c                . = ALIGN (0x4)
 *fill*         0x0000000020000709        0x3 
                0x000000002000070c                _ebss = .
                0x000000002000070c                __bss_end__ = _ebss

._user_heap_stack
                0x000000002000070c      0x604 load address 0x0000000008007be0
                0x0000000020000710                . = ALIGN (0x8)
 *fill*         0x000000002000070c        0x4 
                [!provide]                        PROVIDE (end = .)
                0x0000000020000710                PROVIDE (_end = .)
                0x0000000020000910                . = (. + _Min_Heap_Size)
 *fill*         0x0000000020000710      0x200 
                0x0000000020000d10                . = (. + _Min_Stack_Size)
 *fill*         0x0000000020000910      0x400 
                0x0000000020000d10                . = ALIGN (0x8)

/DISCARD/
 libc.a(*)
 libm.a(*)
 libgcc.a(*)

.ARM.attributes
                0x0000000000000000       0x30
 *(.ARM.attributes)
 .ARM.attributes
                0x0000000000000000       0x1e c:/st/stm32cubeide_1.3.0/stm32cubeide/plugins/com.st.stm32cube.ide.mcu.externaltools.gnu-tools-for-stm32.10.3-2021.10.win32_1.0.0.202111181127/tools/bin/../lib/gcc/arm-none-eabi/10.3.1/thumb/v7e-m+fp/hard/crti.o
 .ARM.attributes
                0x000000000000001e       0x34 c:/st/stm32cubeide_1.3.0/stm32cubeide/plugins/com.st.stm32cube.ide.mcu.externaltools.gnu-tools-for-stm32.10.3-2021.10.win32_1.0.0.202111181127/tools/bin/../lib/gcc/arm-none-eabi/10.3.1/thumb/v7e-m+fp/hard/crtbegin.o
 .ARM.attributes
                0x0000000000000052       0x34 ./Core/Src/STM32_I2C_Display.o
 .ARM.attributes
                0x0000000000000086       0x34 ./Core/Src/ee.o
 .ARM.attributes
                0x00000000000000ba       0x34 ./Core/Src/main.o
 .ARM.attributes
                0x00000000000000ee       0x34 ./Core/Src/stm32f4xx_hal_msp.o
 .ARM.attributes
                0x0000000000000122       0x34 ./Core/Src/stm32f4xx_it.o
 .ARM.attributes
                0x0000000000000156       0x34 ./Core/Src/sysmem.o
 .ARM.attributes
                0x000000000000018a       0x34 ./Core/Src/system_stm32f4xx.o
 .ARM.attributes
                0x00000000000001be       0x21 ./Core/Startup/startup_stm32f401ccux.o
 .ARM.attributes
                0x00000000000001df       0x34 ./Drivers/STM32F4xx_HAL_Driver/Src/stm32f4xx_hal.o
 .ARM.attributes
                0x0000000000000213       0x34 ./Drivers/STM32F4xx_HAL_Driver/Src/stm32f4xx_hal_cortex.o
 .ARM.attributes
                0x0000000000000247       0x34 ./Drivers/STM32F4xx_HAL_Driver/Src/stm32f4xx_hal_flash.o
 .ARM.attributes
                0x000000000000027b       0x34 ./Drivers/STM32F4xx_HAL_Driver/Src/stm32f4xx_hal_flash_ex.o
 .ARM.attributes
                0x00000000000002af       0x34 ./Drivers/STM32F4xx_HAL_Driver/Src/stm32f4xx_hal_gpio.o
 .ARM.attributes
                0x00000000000002e3       0x34 ./Drivers/STM32F4xx_HAL_Driver/Src/stm32f4xx_hal_i2c.o
 .ARM.attributes
                0x0000000000000317       0x34 ./Drivers/STM32F4xx_HAL_Driver/Src/stm32f4xx_hal_rcc.o
 .ARM.attributes
                0x000000000000034b       0x34 ./Drivers/STM32F4xx_HAL_Driver/Src/stm32f4xx_hal_tim.o
 .ARM.attributes
                0x000000000000037f       0x34 ./Drivers/STM32F4xx_HAL_Driver/Src/stm32f4xx_hal_tim_ex.o
 .ARM.attributes
                0x00000000000003b3       0x34 c:/st/stm32cubeide_1.3.0/stm32cubeide/plugins/com.st.stm32cube.ide.mcu.externaltools.gnu-tools-for-stm32.10.3-2021.10.win32_1.0.0.202111181127/tools/bin/../lib/gcc/arm-none-eabi/10.3.1/../../../../arm-none-eabi/lib/thumb/v7e-m+fp/hard\libc_nano.a(lib_a-errno.o)
 .ARM.attributes
                0x00000000000003e7       0x34 c:/st/stm32cubeide_1.3.0/stm32cubeide/plugins/com.st.stm32cube.ide.mcu.externaltools.gnu-tools-for-stm32.10.3-2021.10.win32_1.0.0.202111181127/tools/bin/../lib/gcc/arm-none-eabi/10.3.1/../../../../arm-none-eabi/lib/thumb/v7e-m+fp/hard\libc_nano.a(lib_a-impure.o)
 .ARM.attributes
                0x000000000000041b       0x34 c:/st/stm32cubeide_1.3.0/stm32cubeide/plugins/com.st.stm32cube.ide.mcu.externaltools.gnu-tools-for-stm32.10.3-2021.10.win32_1.0.0.202111181127/tools/bin/../lib/gcc/arm-none-eabi/10.3.1/../../../../arm-none-eabi/lib/thumb/v7e-m+fp/hard\libc_nano.a(lib_a-init.o)
 .ARM.attributes
                0x000000000000044f       0x34 c:/st/stm32cubeide_1.3.0/stm32cubeide/plugins/com.st.stm32cube.ide.mcu.externaltools.gnu-tools-for-stm32.10.3-2021.10.win32_1.0.0.202111181127/tools/bin/../lib/gcc/arm-none-eabi/10.3.1/../../../../arm-none-eabi/lib/thumb/v7e-m+fp/hard\libc_nano.a(lib_a-memcpy-stub.o)
 .ARM.attributes
                0x0000000000000483       0x34 c:/st/stm32cubeide_1.3.0/stm32cubeide/plugins/com.st.stm32cube.ide.mcu.externaltools.gnu-tools-for-stm32.10.3-2021.10.win32_1.0.0.202111181127/tools/bin/../lib/gcc/arm-none-eabi/10.3.1/../../../../arm-none-eabi/lib/thumb/v7e-m+fp/hard\libc_nano.a(lib_a-memset.o)
 .ARM.attributes
                0x00000000000004b7       0x34 c:/st/stm32cubeide_1.3.0/stm32cubeide/plugins/com.st.stm32cube.ide.mcu.externaltools.gnu-tools-for-stm32.10.3-2021.10.win32_1.0.0.202111181127/tools/bin/../lib/gcc/arm-none-eabi/10.3.1/../../../../arm-none-eabi/lib/thumb/v7e-m+fp/hard\libc_nano.a(lib_a-sprintf.o)
 .ARM.attributes
                0x00000000000004eb       0x17 c:/st/stm32cubeide_1.3.0/stm32cubeide/plugins/com.st.stm32cube.ide.mcu.externaltools.gnu-tools-for-stm32.10.3-2021.10.win32_1.0.0.202111181127/tools/bin/../lib/gcc/arm-none-eabi/10.3.1/../../../../arm-none-eabi/lib/thumb/v7e-m+fp/hard\libc_nano.a(lib_a-strlen.o)
 .ARM.attributes
                0x0000000000000502       0x34 c:/st/stm32cubeide_1.3.0/stm32cubeide/plugins/com.st.stm32cube.ide.mcu.externaltools.gnu-tools-for-stm32.10.3-2021.10.win32_1.0.0.202111181127/tools/bin/../lib/gcc/arm-none-eabi/10.3.1/../../../../arm-none-eabi/lib/thumb/v7e-m+fp/hard\libc_nano.a(lib_a-nano-svfprintf.o)
 .ARM.attributes
                0x0000000000000536       0x34 c:/st/stm32cubeide_1.3.0/stm32cubeide/plugins/com.st.stm32cube.ide.mcu.externaltools.gnu-tools-for-stm32.10.3-2021.10.win32_1.0.0.202111181127/tools/bin/../lib/gcc/arm-none-eabi/10.3.1/../../../../arm-none-eabi/lib/thumb/v7e-m+fp/hard\libc_nano.a(lib_a-nano-vfprintf_i.o)
 .ARM.attributes
                0x000000000000056a       0x1c c:/st/stm32cubeide_1.3.0/stm32cubeide/plugins/com.st.stm32cube.ide.mcu.externaltools.gnu-tools-for-stm32.10.3-2021.10.win32_1.0.0.202111181127/tools/bin/../lib/gcc/arm-none-eabi/10.3.1/../../../../arm-none-eabi/lib/thumb/v7e-m+fp/hard\libc_nano.a(lib_a-memchr.o)
 .ARM.attributes
                0x0000000000000586       0x34 c:/st/stm32cubeide_1.3.0/stm32cubeide/plugins/com.st.stm32cube.ide.mcu.externaltools.gnu-tools-for-stm32.10.3-2021.10.win32_1.0.0.202111181127/tools/bin/../lib/gcc/arm-none-eabi/10.3.1/../../../../arm-none-eabi/lib/thumb/v7e-m+fp/hard\libc_nano.a(lib_a-memmove.o)
 .ARM.attributes
                0x00000000000005ba       0x34 c:/st/stm32cubeide_1.3.0/stm32cubeide/plugins/com.st.stm32cube.ide.mcu.externaltools.gnu-tools-for-stm32.10.3-2021.10.win32_1.0.0.202111181127/tools/bin/../lib/gcc/arm-none-eabi/10.3.1/../../../../arm-none-eabi/lib/thumb/v7e-m+fp/hard\libc_nano.a(lib_a-nano-freer.o)
 .ARM.attributes
                0x00000000000005ee       0x34 c:/st/stm32cubeide_1.3.0/stm32cubeide/plugins/com.st.stm32cube.ide.mcu.externaltools.gnu-tools-for-stm32.10.3-2021.10.win32_1.0.0.202111181127/tools/bin/../lib/gcc/arm-none-eabi/10.3.1/../../../../arm-none-eabi/lib/thumb/v7e-m+fp/hard\libc_nano.a(lib_a-nano-mallocr.o)
 .ARM.attributes
                0x0000000000000622       0x34 c:/st/stm32cubeide_1.3.0/stm32cubeide/plugins/com.st.stm32cube.ide.mcu.externaltools.gnu-tools-for-stm32.10.3-2021.10.win32_1.0.0.202111181127/tools/bin/../lib/gcc/arm-none-eabi/10.3.1/../../../../arm-none-eabi/lib/thumb/v7e-m+fp/hard\libc_nano.a(lib_a-nano-reallocr.o)
 .ARM.attributes
                0x0000000000000656       0x34 c:/st/stm32cubeide_1.3.0/stm32cubeide/plugins/com.st.stm32cube.ide.mcu.externaltools.gnu-tools-for-stm32.10.3-2021.10.win32_1.0.0.202111181127/tools/bin/../lib/gcc/arm-none-eabi/10.3.1/../../../../arm-none-eabi/lib/thumb/v7e-m+fp/hard\libc_nano.a(lib_a-sbrkr.o)
 .ARM.attributes
                0x000000000000068a       0x34 c:/st/stm32cubeide_1.3.0/stm32cubeide/plugins/com.st.stm32cube.ide.mcu.externaltools.gnu-tools-for-stm32.10.3-2021.10.win32_1.0.0.202111181127/tools/bin/../lib/gcc/arm-none-eabi/10.3.1/../../../../arm-none-eabi/lib/thumb/v7e-m+fp/hard\libc_nano.a(lib_a-mlock.o)
 .ARM.attributes
                0x00000000000006be       0x34 c:/st/stm32cubeide_1.3.0/stm32cubeide/plugins/com.st.stm32cube.ide.mcu.externaltools.gnu-tools-for-stm32.10.3-2021.10.win32_1.0.0.202111181127/tools/bin/../lib/gcc/arm-none-eabi/10.3.1/../../../../arm-none-eabi/lib/thumb/v7e-m+fp/hard\libc_nano.a(lib_a-nano-msizer.o)
 .ARM.attributes
                0x00000000000006f2       0x34 c:/st/stm32cubeide_1.3.0/stm32cubeide/plugins/com.st.stm32cube.ide.mcu.externaltools.gnu-tools-for-stm32.10.3-2021.10.win32_1.0.0.202111181127/tools/bin/../lib/gcc/arm-none-eabi/10.3.1/../../../../arm-none-eabi/lib/thumb/v7e-m+fp/hard\libc_nano.a(lib_a-reent.o)
 .ARM.attributes
                0x0000000000000726       0x34 c:/st/stm32cubeide_1.3.0/stm32cubeide/plugins/com.st.stm32cube.ide.mcu.externaltools.gnu-tools-for-stm32.10.3-2021.10.win32_1.0.0.202111181127/tools/bin/../lib/gcc/arm-none-eabi/10.3.1/../../../../arm-none-eabi/lib/thumb/v7e-m+fp/hard\libc_nano.a(lib_a-lock.o)
 .ARM.attributes
                0x000000000000075a       0x1e c:/st/stm32cubeide_1.3.0/stm32cubeide/plugins/com.st.stm32cube.ide.mcu.externaltools.gnu-tools-for-stm32.10.3-2021.10.win32_1.0.0.202111181127/tools/bin/../lib/gcc/arm-none-eabi/10.3.1/thumb/v7e-m+fp/hard\libgcc.a(_arm_muldf3.o)
 .ARM.attributes
                0x0000000000000778       0x1e c:/st/stm32cubeide_1.3.0/stm32cubeide/plugins/com.st.stm32cube.ide.mcu.externaltools.gnu-tools-for-stm32.10.3-2021.10.win32_1.0.0.202111181127/tools/bin/../lib/gcc/arm-none-eabi/10.3.1/thumb/v7e-m+fp/hard\libgcc.a(_arm_addsubdf3.o)
 .ARM.attributes
                0x0000000000000796       0x1e c:/st/stm32cubeide_1.3.0/stm32cubeide/plugins/com.st.stm32cube.ide.mcu.externaltools.gnu-tools-for-stm32.10.3-2021.10.win32_1.0.0.202111181127/tools/bin/../lib/gcc/arm-none-eabi/10.3.1/thumb/v7e-m+fp/hard\libgcc.a(_arm_cmpdf2.o)
 .ARM.attributes
                0x00000000000007b4       0x1e c:/st/stm32cubeide_1.3.0/stm32cubeide/plugins/com.st.stm32cube.ide.mcu.externaltools.gnu-tools-for-stm32.10.3-2021.10.win32_1.0.0.202111181127/tools/bin/../lib/gcc/arm-none-eabi/10.3.1/thumb/v7e-m+fp/hard\libgcc.a(_arm_fixunsdfsi.o)
 .ARM.attributes
                0x00000000000007d2       0x1e c:/st/stm32cubeide_1.3.0/stm32cubeide/plugins/com.st.stm32cube.ide.mcu.externaltools.gnu-tools-for-stm32.10.3-2021.10.win32_1.0.0.202111181127/tools/bin/../lib/gcc/arm-none-eabi/10.3.1/thumb/v7e-m+fp/hard\libgcc.a(_arm_truncdfsf2.o)
 .ARM.attributes
                0x00000000000007f0       0x1e c:/st/stm32cubeide_1.3.0/stm32cubeide/plugins/com.st.stm32cube.ide.mcu.externaltools.gnu-tools-for-stm32.10.3-2021.10.win32_1.0.0.202111181127/tools/bin/../lib/gcc/arm-none-eabi/10.3.1/thumb/v7e-m+fp/hard\libgcc.a(_aeabi_uldivmod.o)
 .ARM.attributes
                0x000000000000080e       0x34 c:/st/stm32cubeide_1.3.0/stm32cubeide/plugins/com.st.stm32cube.ide.mcu.externaltools.gnu-tools-for-stm32.10.3-2021.10.win32_1.0.0.202111181127/tools/bin/../lib/gcc/arm-none-eabi/10.3.1/thumb/v7e-m+fp/hard\libgcc.a(_udivmoddi4.o)
 .ARM.attributes
                0x0000000000000842       0x1e c:/st/stm32cubeide_1.3.0/stm32cubeide/plugins/com.st.stm32cube.ide.mcu.externaltools.gnu-tools-for-stm32.10.3-2021.10.win32_1.0.0.202111181127/tools/bin/../lib/gcc/arm-none-eabi/10.3.1/thumb/v7e-m+fp/hard\libgcc.a(_dvmd_tls.o)
 .ARM.attributes
                0x0000000000000860       0x1e c:/st/stm32cubeide_1.3.0/stm32cubeide/plugins/com.st.stm32cube.ide.mcu.externaltools.gnu-tools-for-stm32.10.3-2021.10.win32_1.0.0.202111181127/tools/bin/../lib/gcc/arm-none-eabi/10.3.1/thumb/v7e-m+fp/hard/crtn.o
OUTPUT(PowerFeed_V2.elf elf32-littlearm)
LOAD linker stubs
LOAD c:/st/stm32cubeide_1.3.0/stm32cubeide/plugins/com.st.stm32cube.ide.mcu.externaltools.gnu-tools-for-stm32.10.3-2021.10.win32_1.0.0.202111181127/tools/bin/../lib/gcc/arm-none-eabi/10.3.1/../../../../arm-none-eabi/lib/thumb/v7e-m+fp/hard\libc.a
LOAD c:/st/stm32cubeide_1.3.0/stm32cubeide/plugins/com.st.stm32cube.ide.mcu.externaltools.gnu-tools-for-stm32.10.3-2021.10.win32_1.0.0.202111181127/tools/bin/../lib/gcc/arm-none-eabi/10.3.1/../../../../arm-none-eabi/lib/thumb/v7e-m+fp/hard\libm.a
LOAD c:/st/stm32cubeide_1.3.0/stm32cubeide/plugins/com.st.stm32cube.ide.mcu.externaltools.gnu-tools-for-stm32.10.3-2021.10.win32_1.0.0.202111181127/tools/bin/../lib/gcc/arm-none-eabi/10.3.1/thumb/v7e-m+fp/hard\libgcc.a

.debug_info     0x0000000000000000     0xeb0b
 .debug_info    0x0000000000000000      0xb65 ./Core/Src/STM32_I2C_Display.o
 .debug_info    0x0000000000000b65      0x426 ./Core/Src/ee.o
 .debug_info    0x0000000000000f8b     0x1f1c ./Core/Src/main.o
 .debug_info    0x0000000000002ea7     0x10c1 ./Core/Src/stm32f4xx_hal_msp.o
 .debug_info    0x0000000000003f68      0x776 ./Core/Src/stm32f4xx_it.o
 .debug_info    0x00000000000046de      0x171 ./Core/Src/sysmem.o
 .debug_info    0x000000000000484f      0x54f ./Core/Src/system_stm32f4xx.o
 .debug_info    0x0000000000004d9e       0x22 ./Core/Startup/startup_stm32f401ccux.o
 .debug_info    0x0000000000004dc0      0x906 ./Drivers/STM32F4xx_HAL_Driver/Src/stm32f4xx_hal.o
 .debug_info    0x00000000000056c6      0xd85 ./Drivers/STM32F4xx_HAL_Driver/Src/stm32f4xx_hal_cortex.o
 .debug_info    0x000000000000644b      0x5cc ./Drivers/STM32F4xx_HAL_Driver/Src/stm32f4xx_hal_flash.o
 .debug_info    0x0000000000006a17      0x83d ./Drivers/STM32F4xx_HAL_Driver/Src/stm32f4xx_hal_flash_ex.o
 .debug_info    0x0000000000007254      0x78e ./Drivers/STM32F4xx_HAL_Driver/Src/stm32f4xx_hal_gpio.o
 .debug_info    0x00000000000079e2     0x260f ./Drivers/STM32F4xx_HAL_Driver/Src/stm32f4xx_hal_i2c.o
 .debug_info    0x0000000000009ff1      0x98c ./Drivers/STM32F4xx_HAL_Driver/Src/stm32f4xx_hal_rcc.o
 .debug_info    0x000000000000a97d     0x2bb6 ./Drivers/STM32F4xx_HAL_Driver/Src/stm32f4xx_hal_tim.o
 .debug_info    0x000000000000d533     0x15d8 ./Drivers/STM32F4xx_HAL_Driver/Src/stm32f4xx_hal_tim_ex.o

.debug_abbrev   0x0000000000000000     0x2416
 .debug_abbrev  0x0000000000000000      0x2c7 ./Core/Src/STM32_I2C_Display.o
 .debug_abbrev  0x00000000000002c7      0x246 ./Core/Src/ee.o
 .debug_abbrev  0x000000000000050d      0x363 ./Core/Src/main.o
 .debug_abbrev  0x0000000000000870      0x21f ./Core/Src/stm32f4xx_hal_msp.o
 .debug_abbrev  0x0000000000000a8f      0x195 ./Core/Src/stm32f4xx_it.o
 .debug_abbrev  0x0000000000000c24       0xbb ./Core/Src/sysmem.o
 .debug_abbrev  0x0000000000000cdf      0x116 ./Core/Src/system_stm32f4xx.o
 .debug_abbrev  0x0000000000000df5       0x12 ./Core/Startup/startup_stm32f401ccux.o
 .debug_abbrev  0x0000000000000e07      0x23e ./Drivers/STM32F4xx_HAL_Driver/Src/stm32f4xx_hal.o
 .debug_abbrev  0x0000000000001045      0x316 ./Drivers/STM32F4xx_HAL_Driver/Src/stm32f4xx_hal_cortex.o
 .debug_abbrev  0x000000000000135b      0x272 ./Drivers/STM32F4xx_HAL_Driver/Src/stm32f4xx_hal_flash.o
 .debug_abbrev  0x00000000000015cd      0x24f ./Drivers/STM32F4xx_HAL_Driver/Src/stm32f4xx_hal_flash_ex.o
 .debug_abbrev  0x000000000000181c      0x1c4 ./Drivers/STM32F4xx_HAL_Driver/Src/stm32f4xx_hal_gpio.o
 .debug_abbrev  0x00000000000019e0      0x2a8 ./Drivers/STM32F4xx_HAL_Driver/Src/stm32f4xx_hal_i2c.o
 .debug_abbrev  0x0000000000001c88      0x2aa ./Drivers/STM32F4xx_HAL_Driver/Src/stm32f4xx_hal_rcc.o
 .debug_abbrev  0x0000000000001f32      0x26e ./Drivers/STM32F4xx_HAL_Driver/Src/stm32f4xx_hal_tim.o
 .debug_abbrev  0x00000000000021a0      0x276 ./Drivers/STM32F4xx_HAL_Driver/Src/stm32f4xx_hal_tim_ex.o

.debug_aranges  0x0000000000000000      0xfb0
 .debug_aranges
                0x0000000000000000       0xf8 ./Core/Src/STM32_I2C_Display.o
 .debug_aranges
                0x00000000000000f8       0x50 ./Core/Src/ee.o
 .debug_aranges
                0x0000000000000148      0x100 ./Core/Src/main.o
 .debug_aranges
                0x0000000000000248       0x58 ./Core/Src/stm32f4xx_hal_msp.o
 .debug_aranges
                0x00000000000002a0       0x78 ./Core/Src/stm32f4xx_it.o
 .debug_aranges
                0x0000000000000318       0x20 ./Core/Src/sysmem.o
 .debug_aranges
                0x0000000000000338       0x28 ./Core/Src/system_stm32f4xx.o
 .debug_aranges
                0x0000000000000360       0x28 ./Core/Startup/startup_stm32f401ccux.o
 .debug_aranges
                0x0000000000000388       0xf0 ./Drivers/STM32F4xx_HAL_Driver/Src/stm32f4xx_hal.o
 .debug_aranges
                0x0000000000000478      0x118 ./Drivers/STM32F4xx_HAL_Driver/Src/stm32f4xx_hal_cortex.o
 .debug_aranges
                0x0000000000000590       0xa0 ./Drivers/STM32F4xx_HAL_Driver/Src/stm32f4xx_hal_flash.o
 .debug_aranges
                0x0000000000000630       0xc8 ./Drivers/STM32F4xx_HAL_Driver/Src/stm32f4xx_hal_flash_ex.o
 .debug_aranges
                0x00000000000006f8       0x58 ./Drivers/STM32F4xx_HAL_Driver/Src/stm32f4xx_hal_gpio.o
 .debug_aranges
                0x0000000000000750      0x2a0 ./Drivers/STM32F4xx_HAL_Driver/Src/stm32f4xx_hal_i2c.o
 .debug_aranges
                0x00000000000009f0       0x88 ./Drivers/STM32F4xx_HAL_Driver/Src/stm32f4xx_hal_rcc.o
 .debug_aranges
                0x0000000000000a78      0x3d0 ./Drivers/STM32F4xx_HAL_Driver/Src/stm32f4xx_hal_tim.o
 .debug_aranges
                0x0000000000000e48      0x168 ./Drivers/STM32F4xx_HAL_Driver/Src/stm32f4xx_hal_tim_ex.o

.debug_ranges   0x0000000000000000      0xec0
 .debug_ranges  0x0000000000000000       0xe8 ./Core/Src/STM32_I2C_Display.o
 .debug_ranges  0x00000000000000e8       0x40 ./Core/Src/ee.o
 .debug_ranges  0x0000000000000128       0xf0 ./Core/Src/main.o
 .debug_ranges  0x0000000000000218       0x48 ./Core/Src/stm32f4xx_hal_msp.o
 .debug_ranges  0x0000000000000260       0x68 ./Core/Src/stm32f4xx_it.o
 .debug_ranges  0x00000000000002c8       0x10 ./Core/Src/sysmem.o
 .debug_ranges  0x00000000000002d8       0x18 ./Core/Src/system_stm32f4xx.o
 .debug_ranges  0x00000000000002f0       0x20 ./Core/Startup/startup_stm32f401ccux.o
 .debug_ranges  0x0000000000000310       0xe0 ./Drivers/STM32F4xx_HAL_Driver/Src/stm32f4xx_hal.o
 .debug_ranges  0x00000000000003f0      0x108 ./Drivers/STM32F4xx_HAL_Driver/Src/stm32f4xx_hal_cortex.o
 .debug_ranges  0x00000000000004f8       0x90 ./Drivers/STM32F4xx_HAL_Driver/Src/stm32f4xx_hal_flash.o
 .debug_ranges  0x0000000000000588       0xb8 ./Drivers/STM32F4xx_HAL_Driver/Src/stm32f4xx_hal_flash_ex.o
 .debug_ranges  0x0000000000000640       0x48 ./Drivers/STM32F4xx_HAL_Driver/Src/stm32f4xx_hal_gpio.o
 .debug_ranges  0x0000000000000688      0x2a8 ./Drivers/STM32F4xx_HAL_Driver/Src/stm32f4xx_hal_i2c.o
 .debug_ranges  0x0000000000000930       0x78 ./Drivers/STM32F4xx_HAL_Driver/Src/stm32f4xx_hal_rcc.o
 .debug_ranges  0x00000000000009a8      0x3c0 ./Drivers/STM32F4xx_HAL_Driver/Src/stm32f4xx_hal_tim.o
 .debug_ranges  0x0000000000000d68      0x158 ./Drivers/STM32F4xx_HAL_Driver/Src/stm32f4xx_hal_tim_ex.o

.debug_macro    0x0000000000000000    0x17a25
 .debug_macro   0x0000000000000000      0x2cc ./Core/Src/STM32_I2C_Display.o
 .debug_macro   0x00000000000002cc      0xa78 ./Core/Src/STM32_I2C_Display.o
 .debug_macro   0x0000000000000d44       0x22 ./Core/Src/STM32_I2C_Display.o
 .debug_macro   0x0000000000000d66       0x4c ./Core/Src/STM32_I2C_Display.o
 .debug_macro   0x0000000000000db2       0x1e ./Core/Src/STM32_I2C_Display.o
 .debug_macro   0x0000000000000dd0       0x94 ./Core/Src/STM32_I2C_Display.o
 .debug_macro   0x0000000000000e64       0x3c ./Core/Src/STM32_I2C_Display.o
 .debug_macro   0x0000000000000ea0      0x103 ./Core/Src/STM32_I2C_Display.o
 .debug_macro   0x0000000000000fa3       0x3a ./Core/Src/STM32_I2C_Display.o
 .debug_macro   0x0000000000000fdd       0x57 ./Core/Src/STM32_I2C_Display.o
 .debug_macro   0x0000000000001034       0x6a ./Core/Src/STM32_I2C_Display.o
 .debug_macro   0x000000000000109e      0x1df ./Core/Src/STM32_I2C_Display.o
 .debug_macro   0x000000000000127d       0x82 ./Core/Src/STM32_I2C_Display.o
 .debug_macro   0x00000000000012ff      0x460 ./Core/Src/STM32_I2C_Display.o
 .debug_macro   0x000000000000175f      0x29b ./Core/Src/STM32_I2C_Display.o
 .debug_macro   0x00000000000019fa       0x2e ./Core/Src/STM32_I2C_Display.o
 .debug_macro   0x0000000000001a28       0x28 ./Core/Src/STM32_I2C_Display.o
 .debug_macro   0x0000000000001a50       0x1c ./Core/Src/STM32_I2C_Display.o
 .debug_macro   0x0000000000001a6c       0x22 ./Core/Src/STM32_I2C_Display.o
 .debug_macro   0x0000000000001a8e       0xd9 ./Core/Src/STM32_I2C_Display.o
 .debug_macro   0x0000000000001b67     0x102d ./Core/Src/STM32_I2C_Display.o
 .debug_macro   0x0000000000002b94      0x11f ./Core/Src/STM32_I2C_Display.o
 .debug_macro   0x0000000000002cb3     0xb86c ./Core/Src/STM32_I2C_Display.o
 .debug_macro   0x000000000000e51f       0x6d ./Core/Src/STM32_I2C_Display.o
 .debug_macro   0x000000000000e58c     0x367e ./Core/Src/STM32_I2C_Display.o
 .debug_macro   0x0000000000011c0a      0x104 ./Core/Src/STM32_I2C_Display.o
 .debug_macro   0x0000000000011d0e       0x5c ./Core/Src/STM32_I2C_Display.o
 .debug_macro   0x0000000000011d6a      0x416 ./Core/Src/STM32_I2C_Display.o
 .debug_macro   0x0000000000012180      0x9fe ./Core/Src/STM32_I2C_Display.o
 .debug_macro   0x0000000000012b7e      0x115 ./Core/Src/STM32_I2C_Display.o
 .debug_macro   0x0000000000012c93       0xf8 ./Core/Src/STM32_I2C_Display.o
 .debug_macro   0x0000000000012d8b       0xa5 ./Core/Src/STM32_I2C_Display.o
 .debug_macro   0x0000000000012e30      0x15f ./Core/Src/STM32_I2C_Display.o
 .debug_macro   0x0000000000012f8f      0x287 ./Core/Src/STM32_I2C_Display.o
 .debug_macro   0x0000000000013216       0x5f ./Core/Src/STM32_I2C_Display.o
 .debug_macro   0x0000000000013275      0x236 ./Core/Src/STM32_I2C_Display.o
 .debug_macro   0x00000000000134ab      0x132 ./Core/Src/STM32_I2C_Display.o
 .debug_macro   0x00000000000135dd      0x23a ./Core/Src/STM32_I2C_Display.o
 .debug_macro   0x0000000000013817       0x2e ./Core/Src/STM32_I2C_Display.o
 .debug_macro   0x0000000000013845      0x1b5 ./Core/Src/STM32_I2C_Display.o
 .debug_macro   0x00000000000139fa       0x22 ./Core/Src/STM32_I2C_Display.o
 .debug_macro   0x0000000000013a1c       0xd6 ./Core/Src/STM32_I2C_Display.o
 .debug_macro   0x0000000000013af2      0x11a ./Core/Src/STM32_I2C_Display.o
 .debug_macro   0x0000000000013c0c       0x85 ./Core/Src/STM32_I2C_Display.o
 .debug_macro   0x0000000000013c91       0x89 ./Core/Src/STM32_I2C_Display.o
 .debug_macro   0x0000000000013d1a      0x8e6 ./Core/Src/STM32_I2C_Display.o
 .debug_macro   0x0000000000014600       0x47 ./Core/Src/STM32_I2C_Display.o
 .debug_macro   0x0000000000014647      0x126 ./Core/Src/STM32_I2C_Display.o
 .debug_macro   0x000000000001476d       0x16 ./Core/Src/STM32_I2C_Display.o
 .debug_macro   0x0000000000014783       0x43 ./Core/Src/STM32_I2C_Display.o
 .debug_macro   0x00000000000147c6       0x34 ./Core/Src/STM32_I2C_Display.o
 .debug_macro   0x00000000000147fa       0x10 ./Core/Src/STM32_I2C_Display.o
 .debug_macro   0x000000000001480a       0x58 ./Core/Src/STM32_I2C_Display.o
 .debug_macro   0x0000000000014862       0x71 ./Core/Src/STM32_I2C_Display.o
 .debug_macro   0x00000000000148d3       0x1c ./Core/Src/STM32_I2C_Display.o
 .debug_macro   0x00000000000148ef      0x12a ./Core/Src/STM32_I2C_Display.o
 .debug_macro   0x0000000000014a19      0x341 ./Core/Src/STM32_I2C_Display.o
 .debug_macro   0x0000000000014d5a       0x10 ./Core/Src/STM32_I2C_Display.o
 .debug_macro   0x0000000000014d6a       0x35 ./Core/Src/STM32_I2C_Display.o
 .debug_macro   0x0000000000014d9f       0x20 ./Core/Src/STM32_I2C_Display.o
 .debug_macro   0x0000000000014dbf       0xca ./Core/Src/STM32_I2C_Display.o
 .debug_macro   0x0000000000014e89      0x2f7 ./Core/Src/ee.o
 .debug_macro   0x0000000000015180       0x22 ./Core/Src/ee.o
 .debug_macro   0x00000000000151a2       0x8e ./Core/Src/ee.o
 .debug_macro   0x0000000000015230       0x51 ./Core/Src/ee.o
 .debug_macro   0x0000000000015281      0x174 ./Core/Src/ee.o
 .debug_macro   0x00000000000153f5       0x1c ./Core/Src/ee.o
 .debug_macro   0x0000000000015411       0x52 ./Core/Src/ee.o
 .debug_macro   0x0000000000015463       0x34 ./Core/Src/ee.o
 .debug_macro   0x0000000000015497      0x4bb ./Core/Src/main.o
 .debug_macro   0x0000000000015952       0x70 ./Core/Src/main.o
 .debug_macro   0x00000000000159c2       0x16 ./Core/Src/main.o
 .debug_macro   0x00000000000159d8       0x10 ./Core/Src/main.o
 .debug_macro   0x00000000000159e8       0x10 ./Core/Src/main.o
 .debug_macro   0x00000000000159f8       0x1c ./Core/Src/main.o
 .debug_macro   0x0000000000015a14       0x52 ./Core/Src/main.o
 .debug_macro   0x0000000000015a66       0x22 ./Core/Src/main.o
 .debug_macro   0x0000000000015a88       0x10 ./Core/Src/main.o
 .debug_macro   0x0000000000015a98       0x52 ./Core/Src/main.o
 .debug_macro   0x0000000000015aea       0xd5 ./Core/Src/main.o
 .debug_macro   0x0000000000015bbf       0x1c ./Core/Src/main.o
 .debug_macro   0x0000000000015bdb       0x3d ./Core/Src/main.o
 .debug_macro   0x0000000000015c18       0x16 ./Core/Src/main.o
 .debug_macro   0x0000000000015c2e      0x145 ./Core/Src/main.o
 .debug_macro   0x0000000000015d73       0x16 ./Core/Src/main.o
 .debug_macro   0x0000000000015d89       0x16 ./Core/Src/main.o
 .debug_macro   0x0000000000015d9f       0x29 ./Core/Src/main.o
 .debug_macro   0x0000000000015dc8       0x10 ./Core/Src/main.o
 .debug_macro   0x0000000000015dd8       0x16 ./Core/Src/main.o
 .debug_macro   0x0000000000015dee      0x19b ./Core/Src/main.o
 .debug_macro   0x0000000000015f89      0x1ec ./Core/Src/stm32f4xx_hal_msp.o
 .debug_macro   0x0000000000016175      0x1f6 ./Core/Src/stm32f4xx_it.o
 .debug_macro   0x000000000001636b       0xff ./Core/Src/sysmem.o
 .debug_macro   0x000000000001646a      0x23b ./Core/Src/sysmem.o
 .debug_macro   0x00000000000166a5      0x1dd ./Core/Src/system_stm32f4xx.o
 .debug_macro   0x0000000000016882      0x23d ./Drivers/STM32F4xx_HAL_Driver/Src/stm32f4xx_hal.o
 .debug_macro   0x0000000000016abf      0x1dd ./Drivers/STM32F4xx_HAL_Driver/Src/stm32f4xx_hal_cortex.o
 .debug_macro   0x0000000000016c9c      0x1e3 ./Drivers/STM32F4xx_HAL_Driver/Src/stm32f4xx_hal_flash.o
 .debug_macro   0x0000000000016e7f      0x1e3 ./Drivers/STM32F4xx_HAL_Driver/Src/stm32f4xx_hal_flash_ex.o
 .debug_macro   0x0000000000017062      0x1e3 ./Drivers/STM32F4xx_HAL_Driver/Src/stm32f4xx_hal_gpio.o
 .debug_macro   0x0000000000017245      0x224 ./Drivers/STM32F4xx_HAL_Driver/Src/stm32f4xx_hal_i2c.o
 .debug_macro   0x0000000000017469      0x201 ./Drivers/STM32F4xx_HAL_Driver/Src/stm32f4xx_hal_rcc.o
 .debug_macro   0x000000000001766a      0x1de ./Drivers/STM32F4xx_HAL_Driver/Src/stm32f4xx_hal_tim.o
 .debug_macro   0x0000000000017848      0x1dd ./Drivers/STM32F4xx_HAL_Driver/Src/stm32f4xx_hal_tim_ex.o

.debug_line     0x0000000000000000    0x117c4
 .debug_line    0x0000000000000000      0xbcf ./Core/Src/STM32_I2C_Display.o
 .debug_line    0x0000000000000bcf      0xa40 ./Core/Src/ee.o
 .debug_line    0x000000000000160f     0x19aa ./Core/Src/main.o
 .debug_line    0x0000000000002fb9      0x844 ./Core/Src/stm32f4xx_hal_msp.o
 .debug_line    0x00000000000037fd      0x7de ./Core/Src/stm32f4xx_it.o
 .debug_line    0x0000000000003fdb      0x4e5 ./Core/Src/sysmem.o
 .debug_line    0x00000000000044c0      0x752 ./Core/Src/system_stm32f4xx.o
 .debug_line    0x0000000000004c12       0x88 ./Core/Startup/startup_stm32f401ccux.o
 .debug_line    0x0000000000004c9a      0x9b8 ./Drivers/STM32F4xx_HAL_Driver/Src/stm32f4xx_hal.o
 .debug_line    0x0000000000005652      0xc67 ./Drivers/STM32F4xx_HAL_Driver/Src/stm32f4xx_hal_cortex.o
 .debug_line    0x00000000000062b9      0xa4a ./Drivers/STM32F4xx_HAL_Driver/Src/stm32f4xx_hal_flash.o
 .debug_line    0x0000000000006d03      0xb5c ./Drivers/STM32F4xx_HAL_Driver/Src/stm32f4xx_hal_flash_ex.o
 .debug_line    0x000000000000785f      0xaf0 ./Drivers/STM32F4xx_HAL_Driver/Src/stm32f4xx_hal_gpio.o
 .debug_line    0x000000000000834f     0x396d ./Drivers/STM32F4xx_HAL_Driver/Src/stm32f4xx_hal_i2c.o
 .debug_line    0x000000000000bcbc      0xd32 ./Drivers/STM32F4xx_HAL_Driver/Src/stm32f4xx_hal_rcc.o
 .debug_line    0x000000000000c9ee     0x3486 ./Drivers/STM32F4xx_HAL_Driver/Src/stm32f4xx_hal_tim.o
 .debug_line    0x000000000000fe74     0x1950 ./Drivers/STM32F4xx_HAL_Driver/Src/stm32f4xx_hal_tim_ex.o

.debug_str      0x0000000000000000    0x904a8
 .debug_str     0x0000000000000000    0x89e2a ./Core/Src/STM32_I2C_Display.o
                                      0x8a13f (size before relaxing)
 .debug_str     0x0000000000089e2a      0x2d3 ./Core/Src/ee.o
                                      0x889e9 (size before relaxing)
 .debug_str     0x000000000008a0fd     0x2ab0 ./Core/Src/main.o
                                      0x8cbbf (size before relaxing)
 .debug_str     0x000000000008cbad      0x48c ./Core/Src/stm32f4xx_hal_msp.o
                                      0x86818 (size before relaxing)
 .debug_str     0x000000000008d039      0x12c ./Core/Src/stm32f4xx_it.o
                                      0x8607a (size before relaxing)
 .debug_str     0x000000000008d165      0x4da ./Core/Src/sysmem.o
                                       0x5dac (size before relaxing)
 .debug_str     0x000000000008d63f       0xdb ./Core/Src/system_stm32f4xx.o
                                      0x85a77 (size before relaxing)
 .debug_str     0x000000000008d71a       0x67 ./Core/Startup/startup_stm32f401ccux.o
 .debug_str     0x000000000008d781      0x60d ./Drivers/STM32F4xx_HAL_Driver/Src/stm32f4xx_hal.o
                                      0x86499 (size before relaxing)
 .debug_str     0x000000000008dd8e      0x330 ./Drivers/STM32F4xx_HAL_Driver/Src/stm32f4xx_hal_cortex.o
                                      0x861ba (size before relaxing)