../Core/Src/main.c:1264:15:_float_to_char	12	static
../Core/Src/main.c:817:6:SystemClock_Config	96	static,ignoring_inline_asm
../Core/Src/main.c:1146:6:HAL_TIM_PeriodElapsedCallback	0	static
../Core/Src/main.c:1173:9:Encoder_Read	8	static
../Core/Src/main.c:1202:6:LCD_Write_Number	40	static
../Core/Src/main.c:1296:6:LCD_Write_Float_Number	40	static
../Core/Src/main.c:1319:6:Motor_Enable	0	static
../Core/Src/main.c:1328:6:Motor_Disable	8	static
../Core/Src/main.c:1339:6:Motor_Direction	0	static
../Core/Src/main.c:1353:6:Motor_Speed_RPM	8	static
../Core/Src/main.c:1375:10:Motor_Speed_Update	8	static
../Core/Src/main.c:1400:10:Motor_Feedrate_Update	24	static
../Core/Src/main.c:1448:6:LCD_Write_Feedrate	16	static
../Core/Src/main.c:1462:9:Switch_Status_Read	8	static
../Core/Src/main.c:1483:6:Update_Feedrate	8	static
../Core/Src/main.c:1501:9:Encoder_Switch_Status_Read	8	static
../Core/Src/main.c:1544:6:Motor_Update_Feedrate	32	static
../Core/Src/main.c:1558:9:Aux_Switch_Status_Read	8	static
../Core/Src/main.c:1600:10:Save_Parameter_Data	40	static
../Core/Src/main.c:1621:10:Read_Parameter_Data	56	static
../Core/Src/main.c:184:5:main	128	static,ignoring_inline_asm
../Core/Src/main.c:1649:6:Error_Handler	0	static,ignoring_inline_asm
