../Core/Src/main.c:1755:15:_float_to_char	12	static
../Core/Src/main.c:1087:6:SystemClock_Config	96	static,ignoring_inline_asm
../Core/Src/main.c:1591:6:HAL_TIM_PeriodElapsedCallback	0	static
../Core/Src/main.c:1628:9:Encoder_Read	8	static
../Core/Src/main.c:1657:6:LCD_Write_Number	40	static
../Core/Src/main.c:1787:6:LCD_Write_Float_Number	40	static
../Core/Src/main.c:1810:6:Motor_Enable	0	static
../Core/Src/main.c:1819:6:Motor_Disable	8	static
../Core/Src/main.c:1830:6:Motor_Direction	0	static
../Core/Src/main.c:1844:6:Motor_Speed_RPM	8	static
../Core/Src/main.c:1866:10:Motor_Speed_Update	8	static
../Core/Src/main.c:1891:10:Motor_Feedrate_Update	24	static
../Core/Src/main.c:1939:6:LCD_Write_Feedrate	16	static
../Core/Src/main.c:1953:9:Switch_Status_Read	8	static
../Core/Src/main.c:1974:6:Update_Feedrate	8	static
../Core/Src/main.c:1992:9:Encoder_Switch_Status_Read	16	static
../Core/Src/main.c:2038:6:Motor_Update_Feedrate	32	static
../Core/Src/main.c:2052:9:Aux_Switch_Status_Read	8	static
../Core/Src/main.c:2094:10:Save_Parameter_Data	40	static
../Core/Src/main.c:2115:10:Read_Parameter_Data	56	static
../Core/Src/main.c:2143:6:Write_Arrow	16	static
../Core/Src/main.c:2216:6:Write_Text_Scrolling	56	static
../Core/Src/main.c:2274:10:Step_Tracking	24	static
../Core/Src/main.c:269:5:main	136	static,ignoring_inline_asm
../Core/Src/main.c:2304:6:Error_Handler	0	static,ignoring_inline_asm
