../Core/Src/main.c:1450:15:_float_to_char	12	static
../Core/Src/main.c:828:6:SystemClock_Config	96	static,ignoring_inline_asm
../Core/Src/main.c:1332:6:HAL_TIM_PeriodElapsedCallback	0	static
../Core/Src/main.c:1359:9:Encoder_Read	8	static
../Core/Src/main.c:1388:6:LCD_Write_Number	40	static
../Core/Src/main.c:1482:6:LCD_Write_Float_Number	40	static
../Core/Src/main.c:1505:6:Motor_Enable	0	static
../Core/Src/main.c:1514:6:Motor_Disable	8	static
../Core/Src/main.c:1525:6:Motor_Direction	0	static
../Core/Src/main.c:1539:6:Motor_Speed_RPM	8	static
../Core/Src/main.c:1561:10:Motor_Speed_Update	8	static
../Core/Src/main.c:1586:10:Motor_Feedrate_Update	24	static
../Core/Src/main.c:1634:6:LCD_Write_Feedrate	16	static
../Core/Src/main.c:1648:9:Switch_Status_Read	8	static
../Core/Src/main.c:1669:6:Update_Feedrate	8	static
../Core/Src/main.c:1687:9:Encoder_Switch_Status_Read	8	static
../Core/Src/main.c:1730:6:Motor_Update_Feedrate	32	static
../Core/Src/main.c:1744:9:Aux_Switch_Status_Read	8	static
../Core/Src/main.c:1786:10:Save_Parameter_Data	40	static
../Core/Src/main.c:1807:10:Read_Parameter_Data	56	static
../Core/Src/main.c:192:5:main	136	static,ignoring_inline_asm
../Core/Src/main.c:1835:6:Error_Handler	0	static,ignoring_inline_asm
