../Core/Src/main.c:1803:15:_float_to_char	12	static
../Core/Src/main.c:1102:6:SystemClock_Config	96	static,ignoring_inline_asm
../Core/Src/main.c:1606:6:HAL_TIM_PeriodElapsedCallback	16	static
../Core/Src/main.c:1651:6:HAL_TIM_IC_CaptureCallback	24	static
../Core/Src/main.c:1676:9:Encoder_Read	8	static
../Core/Src/main.c:1705:6:LCD_Write_Number	40	static
../Core/Src/main.c:1835:6:LCD_Write_Float_Number	40	static
../Core/Src/main.c:1858:6:Motor_Enable	0	static
../Core/Src/main.c:1867:6:Motor_Disable	8	static
../Core/Src/main.c:1878:6:Motor_Direction	0	static
../Core/Src/main.c:1892:6:Motor_Speed_RPM	8	static
../Core/Src/main.c:1914:10:Motor_Speed_Update	8	static
../Core/Src/main.c:1939:10:Motor_Feedrate_Update	24	static
../Core/Src/main.c:1987:6:LCD_Write_Feedrate	16	static
../Core/Src/main.c:2001:9:Switch_Status_Read	8	static
../Core/Src/main.c:2022:6:Update_Feedrate	8	static
../Core/Src/main.c:2040:9:Encoder_Switch_Status_Read	16	static
../Core/Src/main.c:2086:6:Motor_Update_Feedrate	32	static
../Core/Src/main.c:2100:9:Aux_Switch_Status_Read	8	static
../Core/Src/main.c:2142:10:Save_Parameter_Data	40	static
../Core/Src/main.c:2163:10:Read_Parameter_Data	56	static
../Core/Src/main.c:2191:6:Write_Arrow	16	static
../Core/Src/main.c:2264:6:Write_Text_Scrolling	56	static
../Core/Src/main.c:2322:10:Step_Tracking	24	static
../Core/Src/main.c:276:5:main	136	static,ignoring_inline_asm
../Core/Src/main.c:2348:6:Error_Handler	0	static,ignoring_inline_asm
