../Core/Src/STM32_I2C_Display.c:77:6:LiquidCrystal_I2C	0	static
../Core/Src/STM32_I2C_Display.c:277:6:setRowOffsets	8	static
../Core/Src/STM32_I2C_Display.c:307:6:write8bits	24	static
../Core/Src/STM32_I2C_Display.c:158:6:lcdNoBacklight	0	static
../Core/Src/STM32_I2C_Display.c:162:6:lcdBacklight	0	static
../Core/Src/STM32_I2C_Display.c:284:6:pulseEnable	8	static
../Core/Src/STM32_I2C_Display.c:302:6:write4bits	8	static
../Core/Src/STM32_I2C_Display.c:295:6:send	16	static
../Core/Src/STM32_I2C_Display.c:267:8:lcdWrite	8	static
../Core/Src/STM32_I2C_Display.c:252:8:lcdPrint	16	static
../Core/Src/STM32_I2C_Display.c:272:6:command	0	static
../Core/Src/STM32_I2C_Display.c:147:6:lcdClear	8	static
../Core/Src/STM32_I2C_Display.c:152:6:lcdHome	8	static
../Core/Src/STM32_I2C_Display.c:168:6:lcdNoDisplay	0	static
../Core/Src/STM32_I2C_Display.c:172:6:lcdDisplay	0	static
../Core/Src/STM32_I2C_Display.c:178:6:lcdNoBlink	0	static
../Core/Src/STM32_I2C_Display.c:182:6:lcdBlink	0	static
../Core/Src/STM32_I2C_Display.c:188:6:lcdNoCursor	0	static
../Core/Src/STM32_I2C_Display.c:192:6:lcdCursor	0	static
../Core/Src/STM32_I2C_Display.c:198:6:lcdScrollDisplayLeft	0	static
../Core/Src/STM32_I2C_Display.c:201:6:lcdScrollDisplayRight	0	static
../Core/Src/STM32_I2C_Display.c:206:6:lcdLeftToRight	0	static
../Core/Src/STM32_I2C_Display.c:212:6:lcdRightToLeft	0	static
../Core/Src/STM32_I2C_Display.c:218:6:lcdAutoscroll	0	static
../Core/Src/STM32_I2C_Display.c:224:6:lcdNoAutoscroll	0	static
../Core/Src/STM32_I2C_Display.c:231:6:lcdCreateChar	16	static
../Core/Src/STM32_I2C_Display.c:239:6:lcdSetCursor	0	static
../Core/Src/STM32_I2C_Display.c:85:6:lcdBegin	8	static
