../Core/Src/main.c:87:5:main	16	static
../Core/Src/main.c:154:6:SystemClock_Config	88	static
../Core/Src/main.c:200:13:MX_I2C1_Init	8	static
../Core/Src/main.c:234:13:MX_TIM1_Init	56	static
../Core/Src/main.c:285:13:MX_TIM2_Init	64	static
../Core/Src/main.c:344:13:MX_GPIO_Init	40	static
../Core/Src/main.c:378:9:Encoder_Read	24	static
../Core/Src/main.c:405:6:LCD_Write_Number	40	static
../Core/Src/main.c:456:6:Motor_Enable	16	static
../Core/Src/main.c:465:6:Motor_Disable	16	static
../Core/Src/main.c:476:6:Motor_Direction	16	static
../Core/Src/main.c:490:6:Motor_Speed_RPM	24	static
../Core/Src/main.c:505:6:Error_Handler	4	static,ignoring_inline_asm
