../Core/Src/main.c:276:5:main	24	static
../Core/Src/main.c:1102:6:SystemClock_Config	88	static
../Core/Src/main.c:1148:13:MX_ADC1_Init	24	static
../Core/Src/main.c:1200:13:MX_I2C1_Init	8	static
../Core/Src/main.c:1234:13:MX_TIM1_Init	56	static
../Core/Src/main.c:1285:13:MX_TIM2_Init	64	static
../Core/Src/main.c:1345:13:MX_TIM4_Init	48	static
../Core/Src/main.c:1403:13:MX_TIM5_Init	40	static
../Core/Src/main.c:1451:13:MX_TIM9_Init	32	static
../Core/Src/main.c:1492:13:MX_TIM10_Init	16	static
../Core/Src/main.c:1526:13:MX_TIM11_Init	16	static
../Core/Src/main.c:1559:13:MX_GPIO_Init	48	static
../Core/Src/main.c:1606:6:HAL_TIM_PeriodElapsedCallback	16	static
../Core/Src/main.c:1651:6:HAL_TIM_IC_CaptureCallback	16	static
../Core/Src/main.c:1676:9:Encoder_Read	16	static
../Core/Src/main.c:1705:6:LCD_Write_Number	40	static
../Core/Src/main.c:1802:15:_float_to_char	32	static
../Core/Src/main.c:1834:6:LCD_Write_Float_Number	40	static
../Core/Src/main.c:1857:6:Motor_Enable	16	static
../Core/Src/main.c:1866:6:Motor_Disable	16	static
../Core/Src/main.c:1877:6:Motor_Direction	16	static
../Core/Src/main.c:1891:6:Motor_Speed_RPM	24	static
../Core/Src/main.c:1913:10:Motor_Speed_Update	16	static
../Core/Src/main.c:1938:10:Motor_Feedrate_Update	24	static
../Core/Src/main.c:1986:6:LCD_Write_Feedrate	24	static
../Core/Src/main.c:2000:9:Switch_Status_Read	16	static
../Core/Src/main.c:2021:6:Update_Feedrate	16	static
../Core/Src/main.c:2039:9:Encoder_Switch_Status_Read	16	static
../Core/Src/main.c:2085:6:Motor_Update_Feedrate	24	static
../Core/Src/main.c:2099:9:Aux_Switch_Status_Read	16	static
../Core/Src/main.c:2141:10:Save_Parameter_Data	48	static
../Core/Src/main.c:2162:10:Read_Parameter_Data	56	static
../Core/Src/main.c:2190:6:Write_Arrow	16	static
../Core/Src/main.c:2263:6:Write_Text_Scrolling	48	static
../Core/Src/main.c:2321:10:Step_Tracking	24	static
../Core/Src/main.c:2347:6:Error_Handler	4	static,ignoring_inline_asm
