../Core/Src/main.c:125:5:main	8	static
../Core/Src/main.c:210:6:SystemClock_Config	88	static
../Core/Src/main.c:256:13:MX_I2C1_Init	8	static
../Core/Src/main.c:290:13:MX_TIM1_Init	56	static
../Core/Src/main.c:341:13:MX_TIM2_Init	64	static
../Core/Src/main.c:400:13:MX_TIM11_Init	16	static
../Core/Src/main.c:435:13:MX_GPIO_Init	40	static
../Core/Src/main.c:465:6:HAL_TIM_PeriodElapsedCallback	16	static
../Core/Src/main.c:477:9:Encoder_Read	16	static
../Core/Src/main.c:506:6:LCD_Write_Number	40	static
../Core/Src/main.c:557:6:Motor_Enable	16	static
../Core/Src/main.c:566:6:Motor_Disable	16	static
../Core/Src/main.c:577:6:Motor_Direction	16	static
../Core/Src/main.c:591:6:Motor_Speed_RPM	24	static
../Core/Src/main.c:609:10:Motor_Speed_Update	16	static
../Core/Src/main.c:635:6:LCD_Write_Feedrate	24	static
../Core/Src/main.c:649:9:Switch_Status_Read	16	static
../Core/Src/main.c:670:6:Update_Feedrate	16	static
../Core/Src/main.c:691:6:Error_Handler	4	static,ignoring_inline_asm
