../Core/Src/main.c:96:5:main	8	static
../Core/Src/main.c:156:6:SystemClock_Config	88	static
../Core/Src/main.c:202:13:MX_I2C1_Init	8	static
../Core/Src/main.c:236:13:MX_TIM1_Init	56	static
../Core/Src/main.c:287:13:MX_TIM2_Init	64	static
../Core/Src/main.c:346:13:MX_TIM11_Init	16	static
../Core/Src/main.c:381:13:MX_GPIO_Init	40	static
../Core/Src/main.c:411:6:HAL_TIM_PeriodElapsedCallback	16	static
../Core/Src/main.c:423:9:Encoder_Read	24	static
../Core/Src/main.c:450:6:LCD_Write_Number	40	static
../Core/Src/main.c:501:6:Motor_Enable	16	static
../Core/Src/main.c:510:6:Motor_Disable	16	static
../Core/Src/main.c:521:6:Motor_Direction	16	static
../Core/Src/main.c:535:6:Motor_Speed_RPM	24	static
../Core/Src/main.c:553:10:Motor_Speed_Update	16	static
../Core/Src/main.c:578:6:Error_Handler	4	static,ignoring_inline_asm
