../Core/Src/main.c:269:5:main	24	static
../Core/Src/main.c:1088:6:SystemClock_Config	88	static
../Core/Src/main.c:1134:13:MX_ADC1_Init	24	static
../Core/Src/main.c:1186:13:MX_I2C1_Init	8	static
../Core/Src/main.c:1220:13:MX_TIM1_Init	56	static
../Core/Src/main.c:1271:13:MX_TIM2_Init	64	static
../Core/Src/main.c:1331:13:MX_TIM4_Init	48	static
../Core/Src/main.c:1389:13:MX_TIM5_Init	40	static
../Core/Src/main.c:1437:13:MX_TIM9_Init	32	static
../Core/Src/main.c:1478:13:MX_TIM10_Init	16	static
../Core/Src/main.c:1512:13:MX_TIM11_Init	16	static
../Core/Src/main.c:1545:13:MX_GPIO_Init	48	static
../Core/Src/main.c:1592:6:HAL_TIM_PeriodElapsedCallback	16	static
../Core/Src/main.c:1629:9:Encoder_Read	16	static
../Core/Src/main.c:1658:6:LCD_Write_Number	40	static
../Core/Src/main.c:1756:15:_float_to_char	32	static
../Core/Src/main.c:1788:6:LCD_Write_Float_Number	40	static
../Core/Src/main.c:1811:6:Motor_Enable	16	static
../Core/Src/main.c:1820:6:Motor_Disable	16	static
../Core/Src/main.c:1831:6:Motor_Direction	16	static
../Core/Src/main.c:1845:6:Motor_Speed_RPM	24	static
../Core/Src/main.c:1867:10:Motor_Speed_Update	16	static
../Core/Src/main.c:1892:10:Motor_Feedrate_Update	24	static
../Core/Src/main.c:1940:6:LCD_Write_Feedrate	24	static
../Core/Src/main.c:1954:9:Switch_Status_Read	16	static
../Core/Src/main.c:1975:6:Update_Feedrate	16	static
../Core/Src/main.c:1993:9:Encoder_Switch_Status_Read	16	static
../Core/Src/main.c:2039:6:Motor_Update_Feedrate	24	static
../Core/Src/main.c:2053:9:Aux_Switch_Status_Read	16	static
../Core/Src/main.c:2095:10:Save_Parameter_Data	48	static
../Core/Src/main.c:2116:10:Read_Parameter_Data	56	static
../Core/Src/main.c:2144:6:Write_Arrow	16	static
../Core/Src/main.c:2217:6:Write_Text_Scrolling	48	static
../Core/Src/main.c:2275:10:Step_Tracking	24	static
../Core/Src/main.c:2301:6:Error_Handler	4	static,ignoring_inline_asm
