../Core/Src/main.c:148:5:main	8	static
../Core/Src/main.c:387:6:SystemClock_Config	88	static
../Core/Src/main.c:433:13:MX_I2C1_Init	8	static
../Core/Src/main.c:467:13:MX_TIM1_Init	56	static
../Core/Src/main.c:518:13:MX_TIM2_Init	64	static
../Core/Src/main.c:578:13:MX_TIM10_Init	16	static
../Core/Src/main.c:612:13:MX_TIM11_Init	16	static
../Core/Src/main.c:646:13:MX_GPIO_Init	40	static
../Core/Src/main.c:676:6:HAL_TIM_PeriodElapsedCallback	16	static
../Core/Src/main.c:701:9:Encoder_Read	16	static
../Core/Src/main.c:730:6:LCD_Write_Number	40	static
../Core/Src/main.c:781:6:Motor_Enable	16	static
../Core/Src/main.c:790:6:Motor_Disable	16	static
../Core/Src/main.c:801:6:Motor_Direction	16	static
../Core/Src/main.c:815:6:Motor_Speed_RPM	24	static
../Core/Src/main.c:837:10:Motor_Speed_Update	16	static
../Core/Src/main.c:862:10:Motor_Feedrate_Update	24	static
../Core/Src/main.c:910:6:LCD_Write_Feedrate	24	static
../Core/Src/main.c:924:9:Switch_Status_Read	16	static
../Core/Src/main.c:945:6:Update_Feedrate	16	static
../Core/Src/main.c:963:9:Encoder_Switch_Status_Read	16	static
../Core/Src/main.c:1006:6:Motor_Update_Feedrate	24	static
../Core/Src/main.c:1020:9:Aux_Switch_Status_Read	16	static
../Core/Src/main.c:1063:6:Error_Handler	4	static,ignoring_inline_asm
