../Core/Src/main.c:184:5:main	24	static
../Core/Src/main.c:817:6:SystemClock_Config	88	static
../Core/Src/main.c:863:13:MX_I2C1_Init	8	static
../Core/Src/main.c:897:13:MX_TIM1_Init	56	static
../Core/Src/main.c:948:13:MX_TIM2_Init	64	static
../Core/Src/main.c:1008:13:MX_TIM9_Init	32	static
../Core/Src/main.c:1049:13:MX_TIM10_Init	16	static
../Core/Src/main.c:1083:13:MX_TIM11_Init	16	static
../Core/Src/main.c:1116:13:MX_GPIO_Init	40	static
../Core/Src/main.c:1146:6:HAL_TIM_PeriodElapsedCallback	16	static
../Core/Src/main.c:1173:9:Encoder_Read	16	static
../Core/Src/main.c:1202:6:LCD_Write_Number	40	static
../Core/Src/main.c:1264:15:_float_to_char	32	static
../Core/Src/main.c:1296:6:LCD_Write_Float_Number	40	static
../Core/Src/main.c:1319:6:Motor_Enable	16	static
../Core/Src/main.c:1328:6:Motor_Disable	16	static
../Core/Src/main.c:1339:6:Motor_Direction	16	static
../Core/Src/main.c:1353:6:Motor_Speed_RPM	24	static
../Core/Src/main.c:1375:10:Motor_Speed_Update	16	static
../Core/Src/main.c:1400:10:Motor_Feedrate_Update	24	static
../Core/Src/main.c:1448:6:LCD_Write_Feedrate	24	static
../Core/Src/main.c:1462:9:Switch_Status_Read	16	static
../Core/Src/main.c:1483:6:Update_Feedrate	16	static
../Core/Src/main.c:1501:9:Encoder_Switch_Status_Read	16	static
../Core/Src/main.c:1544:6:Motor_Update_Feedrate	24	static
../Core/Src/main.c:1558:9:Aux_Switch_Status_Read	16	static
../Core/Src/main.c:1600:10:Save_Parameter_Data	48	static
../Core/Src/main.c:1621:10:Read_Parameter_Data	56	static
../Core/Src/main.c:1649:6:Error_Handler	4	static,ignoring_inline_asm
