../Core/Src/main.c:192:5:main	24	static
../Core/Src/main.c:828:6:SystemClock_Config	88	static
../Core/Src/main.c:874:13:MX_ADC1_Init	24	static
../Core/Src/main.c:926:13:MX_I2C1_Init	8	static
../Core/Src/main.c:960:13:MX_TIM1_Init	56	static
../Core/Src/main.c:1011:13:MX_TIM2_Init	64	static
../Core/Src/main.c:1071:13:MX_TIM4_Init	48	static
../Core/Src/main.c:1129:13:MX_TIM5_Init	40	static
../Core/Src/main.c:1177:13:MX_TIM9_Init	32	static
../Core/Src/main.c:1218:13:MX_TIM10_Init	16	static
../Core/Src/main.c:1252:13:MX_TIM11_Init	16	static
../Core/Src/main.c:1285:13:MX_GPIO_Init	48	static
../Core/Src/main.c:1332:6:HAL_TIM_PeriodElapsedCallback	16	static
../Core/Src/main.c:1359:9:Encoder_Read	16	static
../Core/Src/main.c:1388:6:LCD_Write_Number	40	static
../Core/Src/main.c:1450:15:_float_to_char	32	static
../Core/Src/main.c:1482:6:LCD_Write_Float_Number	40	static
../Core/Src/main.c:1505:6:Motor_Enable	16	static
../Core/Src/main.c:1514:6:Motor_Disable	16	static
../Core/Src/main.c:1525:6:Motor_Direction	16	static
../Core/Src/main.c:1539:6:Motor_Speed_RPM	24	static
../Core/Src/main.c:1561:10:Motor_Speed_Update	16	static
../Core/Src/main.c:1586:10:Motor_Feedrate_Update	24	static
../Core/Src/main.c:1634:6:LCD_Write_Feedrate	24	static
../Core/Src/main.c:1648:9:Switch_Status_Read	16	static
../Core/Src/main.c:1669:6:Update_Feedrate	16	static
../Core/Src/main.c:1687:9:Encoder_Switch_Status_Read	16	static
../Core/Src/main.c:1730:6:Motor_Update_Feedrate	24	static
../Core/Src/main.c:1744:9:Aux_Switch_Status_Read	16	static
../Core/Src/main.c:1786:10:Save_Parameter_Data	48	static
../Core/Src/main.c:1807:10:Read_Parameter_Data	56	static
../Core/Src/main.c:1835:6:Error_Handler	4	static,ignoring_inline_asm
