../Core/Src/main.c:195:5:main	16	static
../Core/Src/main.c:827:6:SystemClock_Config	88	static
../Core/Src/main.c:873:13:MX_I2C1_Init	8	static
../Core/Src/main.c:907:13:MX_TIM1_Init	56	static
../Core/Src/main.c:958:13:MX_TIM2_Init	64	static
../Core/Src/main.c:1018:13:MX_TIM9_Init	32	static
../Core/Src/main.c:1059:13:MX_TIM10_Init	16	static
../Core/Src/main.c:1093:13:MX_TIM11_Init	16	static
../Core/Src/main.c:1127:13:MX_GPIO_Init	40	static
../Core/Src/main.c:1157:6:HAL_TIM_PeriodElapsedCallback	16	static
../Core/Src/main.c:1184:9:Encoder_Read	16	static
../Core/Src/main.c:1213:6:LCD_Write_Number	40	static
../Core/Src/main.c:1275:15:_float_to_char	32	static
../Core/Src/main.c:1307:6:LCD_Write_Float_Number	40	static
../Core/Src/main.c:1330:6:Motor_Enable	16	static
../Core/Src/main.c:1339:6:Motor_Disable	16	static
../Core/Src/main.c:1350:6:Motor_Direction	16	static
../Core/Src/main.c:1364:6:Motor_Speed_RPM	24	static
../Core/Src/main.c:1386:10:Motor_Speed_Update	16	static
../Core/Src/main.c:1411:10:Motor_Feedrate_Update	24	static
../Core/Src/main.c:1459:6:LCD_Write_Feedrate	24	static
../Core/Src/main.c:1473:9:Switch_Status_Read	16	static
../Core/Src/main.c:1494:6:Update_Feedrate	16	static
../Core/Src/main.c:1512:9:Encoder_Switch_Status_Read	16	static
../Core/Src/main.c:1555:6:Motor_Update_Feedrate	24	static
../Core/Src/main.c:1569:9:Aux_Switch_Status_Read	16	static
../Core/Src/main.c:1611:10:Save_Parameter_Data	48	static
../Core/Src/main.c:1632:10:Read_Parameter_Data	56	static
../Core/Src/main.c:1660:6:Error_Handler	4	static,ignoring_inline_asm
