../Core/Src/main.c:137:5:main	8	static
../Core/Src/main.c:352:6:SystemClock_Config	88	static
../Core/Src/main.c:398:13:MX_I2C1_Init	8	static
../Core/Src/main.c:432:13:MX_TIM1_Init	56	static
../Core/Src/main.c:483:13:MX_TIM2_Init	64	static
../Core/Src/main.c:542:13:MX_TIM10_Init	16	static
../Core/Src/main.c:576:13:MX_TIM11_Init	16	static
../Core/Src/main.c:611:13:MX_GPIO_Init	40	static
../Core/Src/main.c:641:6:HAL_TIM_PeriodElapsedCallback	16	static
../Core/Src/main.c:659:9:Encoder_Read	16	static
../Core/Src/main.c:688:6:LCD_Write_Number	40	static
../Core/Src/main.c:739:6:Motor_Enable	16	static
../Core/Src/main.c:748:6:Motor_Disable	16	static
../Core/Src/main.c:759:6:Motor_Direction	16	static
../Core/Src/main.c:773:6:Motor_Speed_RPM	24	static
../Core/Src/main.c:795:10:Motor_Speed_Update	16	static
../Core/Src/main.c:820:10:Motor_Feedrate_Update	24	static
../Core/Src/main.c:868:6:LCD_Write_Feedrate	24	static
../Core/Src/main.c:882:9:Switch_Status_Read	16	static
../Core/Src/main.c:903:6:Update_Feedrate	16	static
../Core/Src/main.c:921:9:Encoder_Switch_Status_Read	16	static
../Core/Src/main.c:949:6:Motor_Update_Feedrate	24	static
../Core/Src/main.c:964:6:Error_Handler	4	static,ignoring_inline_asm
