../Core/Src/main.c:141:5:main	8	static
../Core/Src/main.c:370:6:SystemClock_Config	88	static
../Core/Src/main.c:416:13:MX_I2C1_Init	8	static
../Core/Src/main.c:450:13:MX_TIM1_Init	56	static
../Core/Src/main.c:501:13:MX_TIM2_Init	64	static
../Core/Src/main.c:560:13:MX_TIM10_Init	16	static
../Core/Src/main.c:594:13:MX_TIM11_Init	16	static
../Core/Src/main.c:629:13:MX_GPIO_Init	40	static
../Core/Src/main.c:659:6:HAL_TIM_PeriodElapsedCallback	16	static
../Core/Src/main.c:677:9:Encoder_Read	16	static
../Core/Src/main.c:706:6:LCD_Write_Number	40	static
../Core/Src/main.c:757:6:Motor_Enable	16	static
../Core/Src/main.c:766:6:Motor_Disable	16	static
../Core/Src/main.c:777:6:Motor_Direction	16	static
../Core/Src/main.c:791:6:Motor_Speed_RPM	24	static
../Core/Src/main.c:813:10:Motor_Speed_Update	16	static
../Core/Src/main.c:838:10:Motor_Feedrate_Update	24	static
../Core/Src/main.c:886:6:LCD_Write_Feedrate	24	static
../Core/Src/main.c:900:9:Switch_Status_Read	16	static
../Core/Src/main.c:921:6:Update_Feedrate	16	static
../Core/Src/main.c:939:9:Encoder_Switch_Status_Read	16	static
../Core/Src/main.c:982:6:Motor_Update_Feedrate	24	static
../Core/Src/main.c:997:6:Error_Handler	4	static,ignoring_inline_asm
